C:/Users/vinicius.andrade/Documents/RECIRC_CODE/recirc_display/tm1629a.c:55:5:tm1629a_register_hal_driver	16	static
C:/Users/vinicius.andrade/Documents/RECIRC_CODE/recirc_display/tm1629a.c:67:13:delay_ns	16	static
C:/Users/vinicius.andrade/Documents/RECIRC_CODE/recirc_display/tm1629a.c:72:13:write_byte	24	static
C:/Users/vinicius.andrade/Documents/RECIRC_CODE/recirc_display/tm1629a.c:88:13:start	8	static
C:/Users/vinicius.andrade/Documents/RECIRC_CODE/recirc_display/tm1629a.c:93:13:end	8	static
C:/Users/vinicius.andrade/Documents/RECIRC_CODE/recirc_display/tm1629a.c:98:13:set_addr	16	static
C:/Users/vinicius.andrade/Documents/RECIRC_CODE/recirc_display/tm1629a.c:102:13:set_mode	16	static
C:/Users/vinicius.andrade/Documents/RECIRC_CODE/recirc_display/tm1629a.c:108:13:display_ctrl	16	static
C:/Users/vinicius.andrade/Documents/RECIRC_CODE/recirc_display/tm1629a.c:114:13:display_data	16	static
C:/Users/vinicius.andrade/Documents/RECIRC_CODE/recirc_display/tm1629a.c:118:5:tm1629a_display_refresh	16	static
C:/Users/vinicius.andrade/Documents/RECIRC_CODE/recirc_display/tm1629a.c:130:5:tm1629a_buffer_clean	16	static
C:/Users/vinicius.andrade/Documents/RECIRC_CODE/recirc_display/tm1629a.c:138:5:tm1629a_buffer_update	24	static
C:/Users/vinicius.andrade/Documents/RECIRC_CODE/recirc_display/tm1629a.c:170:5:tm1629a_buffer_update_bit_state	24	static
C:/Users/vinicius.andrade/Documents/RECIRC_CODE/recirc_display/tm1629a.c:180:5:tm1629a_buffer_update_masked	24	static
C:/Users/vinicius.andrade/Documents/RECIRC_CODE/recirc_display/tm1629a.c:187:5:tm1629a_write_digit	16	static
C:/Users/vinicius.andrade/Documents/RECIRC_CODE/recirc_display/tm1629a.c:196:5:tm1629a_brightness	16	static
C:/Users/vinicius.andrade/Documents/RECIRC_CODE/recirc_display/tm1629a.c:208:5:tm1629a_init	8	static
