Archive member included to satisfy reference by file (symbol)

C:/NXP/MCUXpressoIDE_25.6.136/ide/tools/bin/../lib/gcc/arm-none-eabi/14.2.1/thumb/v6-m/nofp\libgcc.a(_udivsi3.o)
                              CMakeFiles/recirc_display.dir/C_/Users/vinicius.andrade/Documents/RECIRC_CODE/recirc_display/main.c.obj (__aeabi_uidiv)
C:/NXP/MCUXpressoIDE_25.6.136/ide/tools/bin/../lib/gcc/arm-none-eabi/14.2.1/thumb/v6-m/nofp\libgcc.a(_divsi3.o)
                              CMakeFiles/recirc_display.dir/C_/Users/vinicius.andrade/Documents/RECIRC_CODE/recirc_display/capt_proc.c.obj (__aeabi_idiv)
C:/NXP/MCUXpressoIDE_25.6.136/ide/tools/bin/../lib/gcc/arm-none-eabi/14.2.1/thumb/v6-m/nofp\libgcc.a(_dvmd_tls.o)
                              C:/NXP/MCUXpressoIDE_25.6.136/ide/tools/bin/../lib/gcc/arm-none-eabi/14.2.1/thumb/v6-m/nofp\libgcc.a(_udivsi3.o) (__aeabi_idiv0)
C:/NXP/MCUXpressoIDE_25.6.136/ide/tools/bin/../lib/gcc/arm-none-eabi/14.2.1/thumb/v6-m/nofp\libgcc.a(_aeabi_uldivmod.o)
                              CMakeFiles/recirc_display.dir/C_/Users/vinicius.andrade/Documents/RECIRC_CODE/sdks/recirc_display_sdk/devices/LPC804/drivers/fsl_clock.c.obj (__aeabi_uldivmod)
C:/NXP/MCUXpressoIDE_25.6.136/ide/tools/bin/../lib/gcc/arm-none-eabi/14.2.1/thumb/v6-m/nofp\libgcc.a(_muldi3.o)
                              CMakeFiles/recirc_display.dir/C_/Users/vinicius.andrade/Documents/RECIRC_CODE/sdks/recirc_display_sdk/devices/LPC804/drivers/fsl_common_arm.c.obj (__aeabi_lmul)
C:/NXP/MCUXpressoIDE_25.6.136/ide/tools/bin/../lib/gcc/arm-none-eabi/14.2.1/thumb/v6-m/nofp\libgcc.a(_udivmoddi4.o)
                              C:/NXP/MCUXpressoIDE_25.6.136/ide/tools/bin/../lib/gcc/arm-none-eabi/14.2.1/thumb/v6-m/nofp\libgcc.a(_aeabi_uldivmod.o) (__udivmoddi4)
C:/NXP/MCUXpressoIDE_25.6.136/ide/tools/bin/../lib/gcc/arm-none-eabi/14.2.1/thumb/v6-m/nofp\libgcc.a(_clzdi2.o)
                              C:/NXP/MCUXpressoIDE_25.6.136/ide/tools/bin/../lib/gcc/arm-none-eabi/14.2.1/thumb/v6-m/nofp\libgcc.a(_udivmoddi4.o) (__clzdi2)
C:/NXP/MCUXpressoIDE_25.6.136/ide/tools/bin/../lib/gcc/arm-none-eabi/14.2.1/thumb/v6-m/nofp\libgcc.a(_clzsi2.o)
                              C:/NXP/MCUXpressoIDE_25.6.136/ide/tools/bin/../lib/gcc/arm-none-eabi/14.2.1/thumb/v6-m/nofp\libgcc.a(_clzdi2.o) (__clzsi2)
C:/NXP/MCUXpressoIDE_25.6.136/ide/tools/bin/../lib/gcc/arm-none-eabi/14.2.1/thumb/v6-m/nofp\libc_nano.a(libc_a-exit.o)
                              C:/NXP/MCUXpressoIDE_25.6.136/ide/tools/bin/../lib/gcc/arm-none-eabi/14.2.1/thumb/v6-m/nofp/crt0.o (exit)
C:/NXP/MCUXpressoIDE_25.6.136/ide/tools/bin/../lib/gcc/arm-none-eabi/14.2.1/thumb/v6-m/nofp\libc_nano.a(libc_a-malloc.o)
                              CMakeFiles/recirc_display.dir/C_/Users/vinicius.andrade/Documents/RECIRC_CODE/sdks/recirc_display_sdk/devices/LPC804/drivers/fsl_common.c.obj (malloc)
C:/NXP/MCUXpressoIDE_25.6.136/ide/tools/bin/../lib/gcc/arm-none-eabi/14.2.1/thumb/v6-m/nofp\libc_nano.a(libc_a-mallocr.o)
                              C:/NXP/MCUXpressoIDE_25.6.136/ide/tools/bin/../lib/gcc/arm-none-eabi/14.2.1/thumb/v6-m/nofp\libc_nano.a(libc_a-malloc.o) (_malloc_r)
C:/NXP/MCUXpressoIDE_25.6.136/ide/tools/bin/../lib/gcc/arm-none-eabi/14.2.1/thumb/v6-m/nofp\libc_nano.a(libc_a-mlock.o)
                              C:/NXP/MCUXpressoIDE_25.6.136/ide/tools/bin/../lib/gcc/arm-none-eabi/14.2.1/thumb/v6-m/nofp\libc_nano.a(libc_a-mallocr.o) (__malloc_lock)
C:/NXP/MCUXpressoIDE_25.6.136/ide/tools/bin/../lib/gcc/arm-none-eabi/14.2.1/thumb/v6-m/nofp\libc_nano.a(libc_a-strtoul.o)
                              CMakeFiles/recirc_display.dir/C_/Users/vinicius.andrade/Documents/RECIRC_CODE/sdks/recirc_display_sdk/devices/LPC804/utilities/str/fsl_str.c.obj (strtoul)
C:/NXP/MCUXpressoIDE_25.6.136/ide/tools/bin/../lib/gcc/arm-none-eabi/14.2.1/thumb/v6-m/nofp\libc_nano.a(libc_a-ctype_.o)
                              C:/NXP/MCUXpressoIDE_25.6.136/ide/tools/bin/../lib/gcc/arm-none-eabi/14.2.1/thumb/v6-m/nofp\libc_nano.a(libc_a-strtoul.o) (_ctype_)
C:/NXP/MCUXpressoIDE_25.6.136/ide/tools/bin/../lib/gcc/arm-none-eabi/14.2.1/thumb/v6-m/nofp\libc_nano.a(libc_a-findfp.o)
                              C:/NXP/MCUXpressoIDE_25.6.136/ide/tools/bin/../lib/gcc/arm-none-eabi/14.2.1/thumb/v6-m/nofp\libc_nano.a(libc_a-exit.o) (__stdio_exit_handler)
C:/NXP/MCUXpressoIDE_25.6.136/ide/tools/bin/../lib/gcc/arm-none-eabi/14.2.1/thumb/v6-m/nofp\libc_nano.a(libc_a-fwalk.o)
                              C:/NXP/MCUXpressoIDE_25.6.136/ide/tools/bin/../lib/gcc/arm-none-eabi/14.2.1/thumb/v6-m/nofp\libc_nano.a(libc_a-findfp.o) (_fwalk_sglue)
C:/NXP/MCUXpressoIDE_25.6.136/ide/tools/bin/../lib/gcc/arm-none-eabi/14.2.1/thumb/v6-m/nofp\libc_nano.a(libc_a-stdio.o)
                              C:/NXP/MCUXpressoIDE_25.6.136/ide/tools/bin/../lib/gcc/arm-none-eabi/14.2.1/thumb/v6-m/nofp\libc_nano.a(libc_a-findfp.o) (__sread)
C:/NXP/MCUXpressoIDE_25.6.136/ide/tools/bin/../lib/gcc/arm-none-eabi/14.2.1/thumb/v6-m/nofp\libc_nano.a(libc_a-memset.o)
[...]
Memory Configuration

Name             Origin             Length             Attributes
m_interrupts     0x00000000         0x00000200         xr
m_crp            0x000002fc         0x00000004         xr
m_text           0x00000300         0x00007c00         xr
m_data           0x10000000         0x00000fe0         rw
*default*        0x00000000         0xffffffff

Linker script and memory map

LOAD C:/NXP/MCUXpressoIDE_25.6.136/ide/tools/bin/../lib/gcc/arm-none-eabi/14.2.1/thumb/v6-m/nofp/crti.o
LOAD C:/NXP/MCUXpressoIDE_25.6.136/ide/tools/bin/../lib/gcc/arm-none-eabi/14.2.1/thumb/v6-m/nofp/crtbegin.o
LOAD C:/NXP/MCUXpressoIDE_25.6.136/ide/tools/bin/../lib/gcc/arm-none-eabi/14.2.1/thumb/v6-m/nofp/crt0.o
LOAD CMakeFiles/recirc_display.dir/C_/Users/vinicius.andrade/Documents/RECIRC_CODE/recirc_display/main.c.obj
LOAD CMakeFiles/recirc_display.dir/C_/Users/vinicius.andrade/Documents/RECIRC_CODE/recirc_display/capt_config.c.obj
LOAD CMakeFiles/recirc_display.dir/C_/Users/vinicius.andrade/Documents/RECIRC_CODE/recirc_display/capt_proc.c.obj
LOAD CMakeFiles/recirc_display.dir/C_/Users/vinicius.andrade/Documents/RECIRC_CODE/recirc_display/semihost_hardfault.c.obj
LOAD CMakeFiles/recirc_display.dir/C_/Users/vinicius.andrade/Documents/RECIRC_CODE/recirc_display/buzzer.c.obj
LOAD CMakeFiles/recirc_display.dir/C_/Users/vinicius.andrade/Documents/RECIRC_CODE/recirc_display/clock_config.c.obj
LOAD CMakeFiles/recirc_display.dir/C_/Users/vinicius.andrade/Documents/RECIRC_CODE/recirc_display/display_grace.c.obj
LOAD CMakeFiles/recirc_display.dir/C_/Users/vinicius.andrade/Documents/RECIRC_CODE/recirc_display/display_hal.c.obj
LOAD CMakeFiles/recirc_display.dir/C_/Users/vinicius.andrade/Documents/RECIRC_CODE/recirc_display/gpio_app.c.obj
LOAD CMakeFiles/recirc_display.dir/C_/Users/vinicius.andrade/Documents/RECIRC_CODE/recirc_display/i2c_app.c.obj
LOAD CMakeFiles/recirc_display.dir/C_/Users/vinicius.andrade/Documents/RECIRC_CODE/recirc_display/pin_mux.c.obj
LOAD CMakeFiles/recirc_display.dir/C_/Users/vinicius.andrade/Documents/RECIRC_CODE/recirc_display/systick.c.obj
LOAD CMakeFiles/recirc_display.dir/C_/Users/vinicius.andrade/Documents/RECIRC_CODE/recirc_display/tm1629a.c.obj
LOAD CMakeFiles/recirc_display.dir/C_/Users/vinicius.andrade/Documents/RECIRC_CODE/sdks/recirc_display_sdk/components/uart/fsl_adapter_miniusart.c.obj
LOAD CMakeFiles/recirc_display.dir/C_/Users/vinicius.andrade/Documents/RECIRC_CODE/sdks/recirc_display_sdk/devices/LPC804/gcc/startup_LPC804.S.obj
LOAD CMakeFiles/recirc_display.dir/C_/Users/vinicius.andrade/Documents/RECIRC_CODE/sdks/recirc_display_sdk/devices/LPC804/system_LPC804.c.obj
LOAD CMakeFiles/recirc_display.dir/C_/Users/vinicius.andrade/Documents/RECIRC_CODE/sdks/recirc_display_sdk/devices/LPC804/drivers/fsl_clock.c.obj
LOAD CMakeFiles/recirc_display.dir/C_/Users/vinicius.andrade/Documents/RECIRC_CODE/sdks/recirc_display_sdk/devices/LPC804/drivers/fsl_common.c.obj
LOAD CMakeFiles/recirc_display.dir/C_/Users/vinicius.andrade/Documents/RECIRC_CODE/sdks/recirc_display_sdk/devices/LPC804/drivers/fsl_common_arm.c.obj
LOAD CMakeFiles/recirc_display.dir/C_/Users/vinicius.andrade/Documents/RECIRC_CODE/sdks/recirc_display_sdk/devices/LPC804/drivers/fsl_gpio.c.obj
LOAD CMakeFiles/recirc_display.dir/C_/Users/vinicius.andrade/Documents/RECIRC_CODE/sdks/recirc_display_sdk/devices/LPC804/drivers/fsl_usart.c.obj
LOAD CMakeFiles/recirc_display.dir/C_/Users/vinicius.andrade/Documents/RECIRC_CODE/sdks/recirc_display_sdk/devices/LPC804/drivers/fsl_power.c.obj
LOAD CMakeFiles/recirc_display.dir/C_/Users/vinicius.andrade/Documents/RECIRC_CODE/sdks/recirc_display_sdk/devices/LPC804/drivers/fsl_reset.c.obj
LOAD CMakeFiles/recirc_display.dir/C_/Users/vinicius.andrade/Documents/RECIRC_CODE/sdks/recirc_display_sdk/devices/LPC804/drivers/fsl_swm.c.obj
LOAD CMakeFiles/recirc_display.dir/C_/Users/vinicius.andrade/Documents/RECIRC_CODE/sdks/recirc_display_sdk/devices/LPC804/drivers/fsl_syscon.c.obj
LOAD CMakeFiles/recirc_display.dir/C_/Users/vinicius.andrade/Documents/RECIRC_CODE/sdks/recirc_display_sdk/devices/LPC804/utilities/fsl_syscall_stub.c.obj
LOAD CMakeFiles/recirc_display.dir/C_/Users/vinicius.andrade/Documents/RECIRC_CODE/sdks/recirc_display_sdk/devices/LPC804/utilities/fsl_sbrk.c.obj
LOAD CMakeFiles/recirc_display.dir/C_/Users/vinicius.andrade/Documents/RECIRC_CODE/sdks/recirc_display_sdk/devices/LPC804/utilities/debug_console_lite/fsl_assert.c.obj
LOAD CMakeFiles/recirc_display.dir/C_/Users/vinicius.andrade/Documents/RECIRC_CODE/sdks/recirc_display_sdk/devices/LPC804/utilities/debug_console_lite/fsl_debug_console.c.obj
LOAD CMakeFiles/recirc_display.dir/C_/Users/vinicius.andrade/Documents/RECIRC_CODE/sdks/recirc_display_sdk/devices/LPC804/utilities/str/fsl_str.c.obj
LOAD CMakeFiles/recirc_display.dir/C_/Users/vinicius.andrade/Documents/RECIRC_CODE/sdks/recirc_display_sdk/devices/LPC804/drivers/fsl_capt.c.obj
LOAD CMakeFiles/recirc_display.dir/C_/Users/vinicius.andrade/Documents/RECIRC_CODE/sdks/recirc_display_sdk/devices/LPC804/drivers/fsl_ctimer.c.obj
START GROUP
LOAD C:/NXP/MCUXpressoIDE_25.6.136/ide/tools/bin/../lib/gcc/arm-none-eabi/14.2.1/thumb/v6-m/nofp\libgcc.a
LOAD C:/NXP/MCUXpressoIDE_25.6.136/ide/tools/bin/../lib/gcc/arm-none-eabi/14.2.1/thumb/v6-m/nofp\libc_nano.a
LOAD C:/NXP/MCUXpressoIDE_25.6.136/ide/tools/bin/../lib/gcc/arm-none-eabi/14.2.1/thumb/v6-m/nofp\libm.a
LOAD C:/NXP/MCUXpressoIDE_25.6.136/ide/tools/bin/../lib/gcc/arm-none-eabi/14.2.1/../../../../arm-none-eabi/lib/thumb/v6-m/nofp\libcr_newlib_nohost.a
END GROUP
START GROUP
LOAD C:/NXP/MCUXpressoIDE_25.6.136/ide/tools/bin/../lib/gcc/arm-none-eabi/14.2.1/thumb/v6-m/nofp\libgcc.a
LOAD C:/NXP/MCUXpressoIDE_25.6.136/ide/tools/bin/../lib/gcc/arm-none-eabi/14.2.1/thumb/v6-m/nofp\libg_nano.a
LOAD C:/NXP/MCUXpressoIDE_25.6.136/ide/tools/bin/../lib/gcc/arm-none-eabi/14.2.1/thumb/v6-m/nofp\libc_nano.a
END GROUP
START GROUP
LOAD C:/NXP/MCUXpressoIDE_25.6.136/ide/tools/bin/../lib/gcc/arm-none-eabi/14.2.1/thumb/v6-m/nofp\libgcc.a
LOAD C:/NXP/MCUXpressoIDE_25.6.136/ide/tools/bin/../lib/gcc/arm-none-eabi/14.2.1/thumb/v6-m/nofp\libc_nano.a
LOAD C:/NXP/MCUXpressoIDE_25.6.136/ide/tools/bin/../lib/gcc/arm-none-eabi/14.2.1/thumb/v6-m/nofp\libnosys.a
END GROUP
START GROUP
LOAD C:/NXP/MCUXpressoIDE_25.6.136/ide/tools/bin/../lib/gcc/arm-none-eabi/14.2.1/thumb/v6-m/nofp\libgcc.a
LOAD C:/NXP/MCUXpressoIDE_25.6.136/ide/tools/bin/../lib/gcc/arm-none-eabi/14.2.1/thumb/v6-m/nofp\libc_nano.a
LOAD C:/NXP/MCUXpressoIDE_25.6.136/ide/tools/bin/../lib/gcc/arm-none-eabi/14.2.1/thumb/v6-m/nofp\libnosys.a
END GROUP
LOAD C:/NXP/MCUXpressoIDE_25.6.136/ide/tools/bin/../lib/gcc/arm-none-eabi/14.2.1/thumb/v6-m/nofp/crtend.o
LOAD C:/NXP/MCUXpressoIDE_25.6.136/ide/tools/bin/../lib/gcc/arm-none-eabi/14.2.1/thumb/v6-m/nofp/crtn.o
                0x00000040                        HEAP_SIZE = DEFINED (__heap_size__)?__heap_size__:0x40
                0x00000040                        STACK_SIZE = DEFINED (__stack_size__)?__stack_size__:0x40
                0xefffd61d                        __valid_user_code_checksum = (0x0 - ((((__StackTop + Reset_Handler) + NMI_Handler) + HardFault_Handler) + 0x3))

.interrupts     0x00000000       0xc0
                0x00000000                        . = ALIGN (0x4)
 *(.isr_vector)
 .isr_vector    0x00000000       0xc0 CMakeFiles/recirc_display.dir/C_/Users/vinicius.andrade/Documents/RECIRC_CODE/sdks/recirc_display_sdk/devices/LPC804/gcc/startup_LPC804.S.obj
                0x00000000                __Vectors
                0x000000c0                        . = ALIGN (0x4)

.crp            0x000002fc        0x4
                0x000002fc                        . = ALIGN (0x4)
 *(.crp)
 .crp           0x000002fc        0x4 CMakeFiles/recirc_display.dir/C_/Users/vinicius.andrade/Documents/RECIRC_CODE/sdks/recirc_display_sdk/devices/LPC804/gcc/startup_LPC804.S.obj
                0x00000300                        . = ALIGN (0x4)

.text           0x00000300     0x3eac
                0x00000300                        . = ALIGN (0x4)
 *(.text)
 .text          0x00000300       0x80 C:/NXP/MCUXpressoIDE_25.6.136/ide/tools/bin/../lib/gcc/arm-none-eabi/14.2.1/thumb/v6-m/nofp/crt0.o
                0x00000300                _stack_init
                0x0000030c                _start
                0x0000030c                _mainCRTStartup
 .text          0x00000380      0x17c CMakeFiles/recirc_display.dir/C_/Users/vinicius.andrade/Documents/RECIRC_CODE/sdks/recirc_display_sdk/devices/LPC804/gcc/startup_LPC804.S.obj
                0x00000380                Reset_Handler
                0x000003cc                Reserved21_DriverIRQHandler
                0x000003cc                Reserved37_DriverIRQHandler
                0x000003cc                SPI0_DriverIRQHandler
                0x000003cc                I2C1_DriverIRQHandler
                0x000003cc                BOD_DriverIRQHandler
                0x000003cc                ADC_SEQA_DriverIRQHandler
                0x000003cc                Reserved25_DriverIRQHandler
                0x000003cc                PIN_INT3_DriverIRQHandler
                0x000003cc                PIN_INT2_DriverIRQHandler
                0x000003cc                PIN_INT1_DriverIRQHandler
                0x000003cc                WDT_DriverIRQHandler
                0x000003cc                Reserved36_DriverIRQHandler
                0x000003cc                ADC_SEQB_DriverIRQHandler
                0x000003cc                PIN_INT0_DriverIRQHandler
                0x000003cc                Reserved17_DriverIRQHandler
                0x000003cc                PIN_INT6_DriverIRQHandler
                0x000003cc                DefaultISR
                0x000003cc                FLASH_DriverIRQHandler
                0x000003cc                ADC_OVR_DriverIRQHandler
                0x000003cc                WKT_DriverIRQHandler
                0x000003cc                DAC0_DriverIRQHandler
                0x000003cc                MRT0_DriverIRQHandler
                0x000003cc                PIN_INT4_DriverIRQHandler
                0x000003cc                PIN_INT5_DriverIRQHandler
                0x000003cc                I2C0_DriverIRQHandler
                0x000003cc                Reserved38_DriverIRQHandler
                0x000003cc                Reserved22_DriverIRQHandler
                0x000003cc                PIN_INT7_DriverIRQHandler
                0x000003cc                ADC_THCMP_DriverIRQHandler
                0x000003d0                NMI_Handler
                0x000003d8                SVC_Handler
                0x000003dc                PendSV_Handler
                0x000003e4                SPI0_IRQHandler
                0x000003e8                Reserved17_IRQHandler
                0x000003ec                DAC0_IRQHandler
                0x000003f0                USART0_IRQHandler
                0x000003f4                USART1_IRQHandler
                0x000003f8                Reserved21_IRQHandler
                0x000003fc                Reserved22_IRQHandler
                0x00000400                I2C1_IRQHandler
                0x00000404                I2C0_IRQHandler
                0x00000408                Reserved25_IRQHandler
                0x0000040c                MRT0_IRQHandler
                0x00000410                CMP_CAPT_IRQHandler
                0x00000414                WDT_IRQHandler
                0x00000418                BOD_IRQHandler
                0x0000041c                FLASH_IRQHandler
                0x00000420                WKT_IRQHandler
                0x00000424                ADC_SEQA_IRQHandler
                0x00000428                ADC_SEQB_IRQHandler
                0x0000042c                ADC_THCMP_IRQHandler
                0x00000430                ADC_OVR_IRQHandler
                0x00000434                Reserved36_IRQHandler
                0x00000438                Reserved37_IRQHandler
                0x0000043c                Reserved38_IRQHandler
                0x00000440                CTIMER0_IRQHandler
                0x00000444                PIN_INT0_IRQHandler
                0x00000448                PIN_INT1_IRQHandler
                0x0000044c                PIN_INT2_IRQHandler
                0x00000450                PIN_INT3_IRQHandler
                0x00000454                PIN_INT4_IRQHandler
                0x00000458                PIN_INT5_IRQHandler
                0x0000045c                PIN_INT6_IRQHandler
                0x00000460                PIN_INT7_IRQHandler
 .text          0x000004fc      0x114 C:/NXP/MCUXpressoIDE_25.6.136/ide/tools/bin/../lib/gcc/arm-none-eabi/14.2.1/thumb/v6-m/nofp\libgcc.a(_udivsi3.o)
                0x000004fc                __aeabi_uidiv
                0x000004fc                __udivsi3
                0x00000608                __aeabi_uidivmod
 .text          0x00000610      0x1d4 C:/NXP/MCUXpressoIDE_25.6.136/ide/tools/bin/../lib/gcc/arm-none-eabi/14.2.1/thumb/v6-m/nofp\libgcc.a(_divsi3.o)
                0x00000610                __divsi3
                0x00000610                __aeabi_idiv
                0x000007dc                __aeabi_idivmod
 .text          0x000007e4        0x4 C:/NXP/MCUXpressoIDE_25.6.136/ide/tools/bin/../lib/gcc/arm-none-eabi/14.2.1/thumb/v6-m/nofp\libgcc.a(_dvmd_tls.o)
                0x000007e4                __aeabi_idiv0
                0x000007e4                __aeabi_ldiv0
 .text          0x000007e8       0x40 C:/NXP/MCUXpressoIDE_25.6.136/ide/tools/bin/../lib/gcc/arm-none-eabi/14.2.1/thumb/v6-m/nofp\libgcc.a(_aeabi_uldivmod.o)
                0x000007e8                __aeabi_uldivmod
 .text          0x00000828       0x18 C:/NXP/MCUXpressoIDE_25.6.136/ide/tools/bin/../lib/gcc/arm-none-eabi/14.2.1/thumb/v6-m/nofp\libgcc.a(_clzdi2.o)
                0x00000828                __clzdi2
 .text          0x00000840       0x3c C:/NXP/MCUXpressoIDE_25.6.136/ide/tools/bin/../lib/gcc/arm-none-eabi/14.2.1/thumb/v6-m/nofp\libgcc.a(_clzsi2.o)
                0x00000840                __clzsi2
 .text          0x0000087c        0xe C:/NXP/MCUXpressoIDE_25.6.136/ide/tools/bin/../lib/gcc/arm-none-eabi/14.2.1/thumb/v6-m/nofp\libc_nano.a(libc_a-strlen.o)
                0x0000087c                strlen
 *(.text*)
 *fill*         0x0000088a        0x2 
 .text.deregister_tm_clones
                0x0000088c       0x20 C:/NXP/MCUXpressoIDE_25.6.136/ide/tools/bin/../lib/gcc/arm-none-eabi/14.2.1/thumb/v6-m/nofp/crtbegin.o
 .text.register_tm_clones
                0x000008ac       0x28 C:/NXP/MCUXpressoIDE_25.6.136/ide/tools/bin/../lib/gcc/arm-none-eabi/14.2.1/thumb/v6-m/nofp/crtbegin.o
 .text.__do_global_dtors_aux
                0x000008d4       0x2c C:/NXP/MCUXpressoIDE_25.6.136/ide/tools/bin/../lib/gcc/arm-none-eabi/14.2.1/thumb/v6-m/nofp/crtbegin.o
 .text.frame_dummy
                0x00000900       0x24 C:/NXP/MCUXpressoIDE_25.6.136/ide/tools/bin/../lib/gcc/arm-none-eabi/14.2.1/thumb/v6-m/nofp/crtbegin.o
 .text.leds_all_on
                0x00000924       0x2a CMakeFiles/recirc_display.dir/C_/Users/vinicius.andrade/Documents/RECIRC_CODE/recirc_display/main.c.obj
 .text.leds_all_off
                0x0000094e       0x2a CMakeFiles/recirc_display.dir/C_/Users/vinicius.andrade/Documents/RECIRC_CODE/recirc_display/main.c.obj
 .text.main     0x00000978      0x238 CMakeFiles/recirc_display.dir/C_/Users/vinicius.andrade/Documents/RECIRC_CODE/recirc_display/main.c.obj
                0x00000978                main
 .text.__NVIC_EnableIRQ
                0x00000bb0       0x34 CMakeFiles/recirc_display.dir/C_/Users/vinicius.andrade/Documents/RECIRC_CODE/recirc_display/capt_config.c.obj
 .text.EnableIRQ
                0x00000be4       0x36 CMakeFiles/recirc_display.dir/C_/Users/vinicius.andrade/Documents/RECIRC_CODE/recirc_display/capt_config.c.obj
 .text.CAPT_EnableInterrupts
                0x00000c1a       0x18 CMakeFiles/recirc_display.dir/C_/Users/vinicius.andrade/Documents/RECIRC_CODE/recirc_display/capt_config.c.obj
 *fill*         0x00000c32        0x2 
 .text.capt_init
                0x00000c34       0x74 CMakeFiles/recirc_display.dir/C_/Users/vinicius.andrade/Documents/RECIRC_CODE/recirc_display/capt_config.c.obj
                0x00000c34                capt_init
 .text.CAPT_GetInterruptStatusFlags
                0x00000ca8       0x14 CMakeFiles/recirc_display.dir/C_/Users/vinicius.andrade/Documents/RECIRC_CODE/recirc_display/capt_proc.c.obj
 .text.CAPT_ClearInterruptStatusFlags
                0x00000cbc       0x18 CMakeFiles/recirc_display.dir/C_/Users/vinicius.andrade/Documents/RECIRC_CODE/recirc_display/capt_proc.c.obj
 .text.CMP_CAPT_DriverIRQHandler
                0x00000cd4       0x64 CMakeFiles/recirc_display.dir/C_/Users/vinicius.andrade/Documents/RECIRC_CODE/recirc_display/capt_proc.c.obj
                0x00000cd4                CMP_CAPT_DriverIRQHandler
 .text.capt_proc_init
                0x00000d38       0x2c CMakeFiles/recirc_display.dir/C_/Users/vinicius.andrade/Documents/RECIRC_CODE/recirc_display/capt_proc.c.obj
                0x00000d38                capt_proc_init
 .text.capt_poll_channel
                0x00000d64       0x30 CMakeFiles/recirc_display.dir/C_/Users/vinicius.andrade/Documents/RECIRC_CODE/recirc_display/capt_proc.c.obj
 .text.capt_get_sample
                0x00000d94       0x94 CMakeFiles/recirc_display.dir/C_/Users/vinicius.andrade/Documents/RECIRC_CODE/recirc_display/capt_proc.c.obj
                0x00000d94                capt_get_sample
 .text.touch_proc_push_sample
                0x00000e28      0x198 CMakeFiles/recirc_display.dir/C_/Users/vinicius.andrade/Documents/RECIRC_CODE/recirc_display/capt_proc.c.obj
                0x00000e28                touch_proc_push_sample
 .text.touch_proc_get_detect_avg
                0x00000fc0       0x2e CMakeFiles/recirc_display.dir/C_/Users/vinicius.andrade/Documents/RECIRC_CODE/recirc_display/capt_proc.c.obj
 .text.touch_proc_get_baseline_avg
                0x00000fee       0x2a CMakeFiles/recirc_display.dir/C_/Users/vinicius.andrade/Documents/RECIRC_CODE/recirc_display/capt_proc.c.obj
 .text.touch_proc_update_baseline
                0x00001018       0x50 CMakeFiles/recirc_display.dir/C_/Users/vinicius.andrade/Documents/RECIRC_CODE/recirc_display/capt_proc.c.obj
                0x00001018                touch_proc_update_baseline
 .text.touch_proc_update_detect
                0x00001068       0x50 CMakeFiles/recirc_display.dir/C_/Users/vinicius.andrade/Documents/RECIRC_CODE/recirc_display/capt_proc.c.obj
 .text.touch_proc_compute_fast_delta
                0x000010b8       0x72 CMakeFiles/recirc_display.dir/C_/Users/vinicius.andrade/Documents/RECIRC_CODE/recirc_display/capt_proc.c.obj
                0x000010b8                touch_proc_compute_fast_delta
 .text.touch_detect_key
                0x0000112a       0xc2 CMakeFiles/recirc_display.dir/C_/Users/vinicius.andrade/Documents/RECIRC_CODE/recirc_display/capt_proc.c.obj
                0x0000112a                touch_detect_key
 .text.touch_proc_is_stable
                0x000011ec       0xc2 CMakeFiles/recirc_display.dir/C_/Users/vinicius.andrade/Documents/RECIRC_CODE/recirc_display/capt_proc.c.obj
                0x000011ec                touch_proc_is_stable
 *fill*         0x000012ae        0x2 
 .text.HardFault_Handler
                0x000012b0       0x38 CMakeFiles/recirc_display.dir/C_/Users/vinicius.andrade/Documents/RECIRC_CODE/recirc_display/semihost_hardfault.c.obj
                0x000012b0                HardFault_Handler
 .text.CLOCK_EnableClock
                0x000012e8       0x54 CMakeFiles/recirc_display.dir/C_/Users/vinicius.andrade/Documents/RECIRC_CODE/recirc_display/buzzer.c.obj
 .text.CTIMER_StartTimer
                0x0000133c       0x1c CMakeFiles/recirc_display.dir/C_/Users/vinicius.andrade/Documents/RECIRC_CODE/recirc_display/buzzer.c.obj
 .text.CTIMER_StopTimer
                0x00001358       0x1e CMakeFiles/recirc_display.dir/C_/Users/vinicius.andrade/Documents/RECIRC_CODE/recirc_display/buzzer.c.obj
 *fill*         0x00001376        0x2 
 .text.buzzer_init
                0x00001378       0x64 CMakeFiles/recirc_display.dir/C_/Users/vinicius.andrade/Documents/RECIRC_CODE/recirc_display/buzzer.c.obj
                0x00001378                buzzer_init
 .text.buzzer_on
                0x000013dc       0x18 CMakeFiles/recirc_display.dir/C_/Users/vinicius.andrade/Documents/RECIRC_CODE/recirc_display/buzzer.c.obj
                0x000013dc                buzzer_on
 .text.buzzer_off
                0x000013f4       0x18 CMakeFiles/recirc_display.dir/C_/Users/vinicius.andrade/Documents/RECIRC_CODE/recirc_display/buzzer.c.obj
                0x000013f4                buzzer_off
 .text.CLOCK_Select
                0x0000140c       0x38 CMakeFiles/recirc_display.dir/C_/Users/vinicius.andrade/Documents/RECIRC_CODE/recirc_display/clock_config.c.obj
 .text.CLOCK_SetCoreSysClkDiv
                0x00001444       0x4c CMakeFiles/recirc_display.dir/C_/Users/vinicius.andrade/Documents/RECIRC_CODE/recirc_display/clock_config.c.obj
 .text.POWER_DisablePD
                0x00001490       0x2c CMakeFiles/recirc_display.dir/C_/Users/vinicius.andrade/Documents/RECIRC_CODE/recirc_display/clock_config.c.obj
 .text.BOARD_InitBootClocks
                0x000014bc        0xe CMakeFiles/recirc_display.dir/C_/Users/vinicius.andrade/Documents/RECIRC_CODE/recirc_display/clock_config.c.obj
                0x000014bc                BOARD_InitBootClocks
 *fill*         0x000014ca        0x2 
 .text.BOARD_BootClockRUN
                0x000014cc       0x7c CMakeFiles/recirc_display.dir/C_/Users/vinicius.andrade/Documents/RECIRC_CODE/recirc_display/clock_config.c.obj
                0x000014cc                BOARD_BootClockRUN
 .text.grace_map_set
                0x00001548       0x50 CMakeFiles/recirc_display.dir/C_/Users/vinicius.andrade/Documents/RECIRC_CODE/recirc_display/display_grace.c.obj
 .text.grace_icon_set
                0x00001598       0x30 CMakeFiles/recirc_display.dir/C_/Users/vinicius.andrade/Documents/RECIRC_CODE/recirc_display/display_grace.c.obj
                0x00001598                grace_icon_set
 .text.grace_week_set
                0x000015c8       0x30 CMakeFiles/recirc_display.dir/C_/Users/vinicius.andrade/Documents/RECIRC_CODE/recirc_display/display_grace.c.obj
                0x000015c8                grace_week_set
 .text.grace_dot_set
                0x000015f8       0x30 CMakeFiles/recirc_display.dir/C_/Users/vinicius.andrade/Documents/RECIRC_CODE/recirc_display/display_grace.c.obj
                0x000015f8                grace_dot_set
 .text.grace_digit_set
                0x00001628       0x58 CMakeFiles/recirc_display.dir/C_/Users/vinicius.andrade/Documents/RECIRC_CODE/recirc_display/display_grace.c.obj
                0x00001628                grace_digit_set
 .text.grace_all_on
                0x00001680       0x8c CMakeFiles/recirc_display.dir/C_/Users/vinicius.andrade/Documents/RECIRC_CODE/recirc_display/display_grace.c.obj
                0x00001680                grace_all_on
 .text.grace_all_off
                0x0000170c       0x8c CMakeFiles/recirc_display.dir/C_/Users/vinicius.andrade/Documents/RECIRC_CODE/recirc_display/display_grace.c.obj
                0x0000170c                grace_all_off
 .text.GPIO_PortSet
                0x00001798       0x26 CMakeFiles/recirc_display.dir/C_/Users/vinicius.andrade/Documents/RECIRC_CODE/recirc_display/display_hal.c.obj
 .text.GPIO_PortClear
                0x000017be       0x26 CMakeFiles/recirc_display.dir/C_/Users/vinicius.andrade/Documents/RECIRC_CODE/recirc_display/display_hal.c.obj
 .text.hal_clk_rise
                0x000017e4       0x1a CMakeFiles/recirc_display.dir/C_/Users/vinicius.andrade/Documents/RECIRC_CODE/recirc_display/display_hal.c.obj
 .text.hal_clk_down
                0x000017fe       0x1a CMakeFiles/recirc_display.dir/C_/Users/vinicius.andrade/Documents/RECIRC_CODE/recirc_display/display_hal.c.obj
 .text.hal_data_set
                0x00001818       0x1a CMakeFiles/recirc_display.dir/C_/Users/vinicius.andrade/Documents/RECIRC_CODE/recirc_display/display_hal.c.obj
 .text.hal_data_clr
                0x00001832       0x1a CMakeFiles/recirc_display.dir/C_/Users/vinicius.andrade/Documents/RECIRC_CODE/recirc_display/display_hal.c.obj
 .text.hal_stb_set
                0x0000184c       0x1a CMakeFiles/recirc_display.dir/C_/Users/vinicius.andrade/Documents/RECIRC_CODE/recirc_display/display_hal.c.obj
 .text.hal_stb_clr
                0x00001866       0x1a CMakeFiles/recirc_display.dir/C_/Users/vinicius.andrade/Documents/RECIRC_CODE/recirc_display/display_hal.c.obj
 .text.display_hal_init
                0x00001880       0x1c CMakeFiles/recirc_display.dir/C_/Users/vinicius.andrade/Documents/RECIRC_CODE/recirc_display/display_hal.c.obj
                0x00001880                display_hal_init
 .text.GPIO_PinWrite
                0x0000189c       0x30 CMakeFiles/recirc_display.dir/C_/Users/vinicius.andrade/Documents/RECIRC_CODE/recirc_display/gpio_app.c.obj
 .text.led_ctrl
                0x000018cc       0x80 CMakeFiles/recirc_display.dir/C_/Users/vinicius.andrade/Documents/RECIRC_CODE/recirc_display/gpio_app.c.obj
                0x000018cc                led_ctrl
 .text.CLOCK_EnableClock
                0x0000194c       0x54 CMakeFiles/recirc_display.dir/C_/Users/vinicius.andrade/Documents/RECIRC_CODE/recirc_display/pin_mux.c.obj
 .text.CLOCK_DisableClock
                0x000019a0       0x58 CMakeFiles/recirc_display.dir/C_/Users/vinicius.andrade/Documents/RECIRC_CODE/recirc_display/pin_mux.c.obj
 .text.IOCON_PinMuxSet
                0x000019f8       0x26 CMakeFiles/recirc_display.dir/C_/Users/vinicius.andrade/Documents/RECIRC_CODE/recirc_display/pin_mux.c.obj
 .text.BOARD_InitBootPins
                0x00001a1e        0xe CMakeFiles/recirc_display.dir/C_/Users/vinicius.andrade/Documents/RECIRC_CODE/recirc_display/pin_mux.c.obj
                0x00001a1e                BOARD_InitBootPins
 .text.BOARD_InitPins
                0x00001a2c      0x23c CMakeFiles/recirc_display.dir/C_/Users/vinicius.andrade/Documents/RECIRC_CODE/recirc_display/pin_mux.c.obj
                0x00001a2c                BOARD_InitPins
 .text.__NVIC_SetPriority
                0x00001c68       0xdc CMakeFiles/recirc_display.dir/C_/Users/vinicius.andrade/Documents/RECIRC_CODE/recirc_display/systick.c.obj
 .text.SysTick_Config
                0x00001d44       0x48 CMakeFiles/recirc_display.dir/C_/Users/vinicius.andrade/Documents/RECIRC_CODE/recirc_display/systick.c.obj
 .text.SysTick_Handler
                0x00001d8c       0x18 CMakeFiles/recirc_display.dir/C_/Users/vinicius.andrade/Documents/RECIRC_CODE/recirc_display/systick.c.obj
                0x00001d8c                SysTick_Handler
 .text.systick_init
                0x00001da4       0x28 CMakeFiles/recirc_display.dir/C_/Users/vinicius.andrade/Documents/RECIRC_CODE/recirc_display/systick.c.obj
                0x00001da4                systick_init
 .text.tm1629a_register_hal_driver
                0x00001dcc       0x60 CMakeFiles/recirc_display.dir/C_/Users/vinicius.andrade/Documents/RECIRC_CODE/recirc_display/tm1629a.c.obj
                0x00001dcc                tm1629a_register_hal_driver
 .text.delay_ns
                0x00001e2c       0x38 CMakeFiles/recirc_display.dir/C_/Users/vinicius.andrade/Documents/RECIRC_CODE/recirc_display/tm1629a.c.obj
 .text.write_byte
                0x00001e64       0x84 CMakeFiles/recirc_display.dir/C_/Users/vinicius.andrade/Documents/RECIRC_CODE/recirc_display/tm1629a.c.obj
 .text.start    0x00001ee8       0x1c CMakeFiles/recirc_display.dir/C_/Users/vinicius.andrade/Documents/RECIRC_CODE/recirc_display/tm1629a.c.obj
 .text.end      0x00001f04       0x1c CMakeFiles/recirc_display.dir/C_/Users/vinicius.andrade/Documents/RECIRC_CODE/recirc_display/tm1629a.c.obj
 .text.set_addr
                0x00001f20       0x2c CMakeFiles/recirc_display.dir/C_/Users/vinicius.andrade/Documents/RECIRC_CODE/recirc_display/tm1629a.c.obj
 .text.set_mode
                0x00001f4c       0x32 CMakeFiles/recirc_display.dir/C_/Users/vinicius.andrade/Documents/RECIRC_CODE/recirc_display/tm1629a.c.obj
 .text.display_ctrl
                0x00001f7e       0x34 CMakeFiles/recirc_display.dir/C_/Users/vinicius.andrade/Documents/RECIRC_CODE/recirc_display/tm1629a.c.obj
 .text.display_data
                0x00001fb2       0x1e CMakeFiles/recirc_display.dir/C_/Users/vinicius.andrade/Documents/RECIRC_CODE/recirc_display/tm1629a.c.obj
 .text.tm1629a_display_refresh
                0x00001fd0       0x50 CMakeFiles/recirc_display.dir/C_/Users/vinicius.andrade/Documents/RECIRC_CODE/recirc_display/tm1629a.c.obj
                0x00001fd0                tm1629a_display_refresh
 .text.tm1629a_buffer_clean
                0x00002020       0x38 CMakeFiles/recirc_display.dir/C_/Users/vinicius.andrade/Documents/RECIRC_CODE/recirc_display/tm1629a.c.obj
                0x00002020                tm1629a_buffer_clean
 .text.tm1629a_buffer_update_bit_state
                0x00002058       0x88 CMakeFiles/recirc_display.dir/C_/Users/vinicius.andrade/Documents/RECIRC_CODE/recirc_display/tm1629a.c.obj
                0x00002058                tm1629a_buffer_update_bit_state
 .text.tm1629a_buffer_update_masked
                0x000020e0       0x70 CMakeFiles/recirc_display.dir/C_/Users/vinicius.andrade/Documents/RECIRC_CODE/recirc_display/tm1629a.c.obj
                0x000020e0                tm1629a_buffer_update_masked
 .text.tm1629a_brightness
                0x00002150       0x56 CMakeFiles/recirc_display.dir/C_/Users/vinicius.andrade/Documents/RECIRC_CODE/recirc_display/tm1629a.c.obj
                0x00002150                tm1629a_brightness
 *fill*         0x000021a6        0x2 
 .text.tm1629a_init
                0x000021a8       0x6c CMakeFiles/recirc_display.dir/C_/Users/vinicius.andrade/Documents/RECIRC_CODE/recirc_display/tm1629a.c.obj
                0x000021a8                tm1629a_init
 .text.SystemInit
                0x00002214       0x2c CMakeFiles/recirc_display.dir/C_/Users/vinicius.andrade/Documents/RECIRC_CODE/sdks/recirc_display_sdk/devices/LPC804/system_LPC804.c.obj
                0x00002214                SystemInit
 .text.SystemCoreClockUpdate
                0x00002240       0x84 CMakeFiles/recirc_display.dir/C_/Users/vinicius.andrade/Documents/RECIRC_CODE/sdks/recirc_display_sdk/devices/LPC804/system_LPC804.c.obj
                0x00002240                SystemCoreClockUpdate
 .text.SystemInitHook
                0x000022c4        0xa CMakeFiles/recirc_display.dir/C_/Users/vinicius.andrade/Documents/RECIRC_CODE/sdks/recirc_display_sdk/devices/LPC804/system_LPC804.c.obj
                0x000022c4                SystemInitHook
 *fill*         0x000022ce        0x2 
 .text.CLOCK_GetCoreSysClkFreq
                0x000022d0       0x24 CMakeFiles/recirc_display.dir/C_/Users/vinicius.andrade/Documents/RECIRC_CODE/sdks/recirc_display_sdk/devices/LPC804/drivers/fsl_clock.c.obj
 .text.CLOCK_GetLPOscFreq
                0x000022f4       0x14 CMakeFiles/recirc_display.dir/C_/Users/vinicius.andrade/Documents/RECIRC_CODE/sdks/recirc_display_sdk/devices/LPC804/drivers/fsl_clock.c.obj
 .text.CLOCK_GetExtClkFreq
                0x00002308       0x14 CMakeFiles/recirc_display.dir/C_/Users/vinicius.andrade/Documents/RECIRC_CODE/sdks/recirc_display_sdk/devices/LPC804/drivers/fsl_clock.c.obj
 .text.CLOCK_GetFRGInputClkFreq
                0x0000231c       0x42 CMakeFiles/recirc_display.dir/C_/Users/vinicius.andrade/Documents/RECIRC_CODE/sdks/recirc_display_sdk/devices/LPC804/drivers/fsl_clock.c.obj
 *fill*         0x0000235e        0x2 
 .text.CLOCK_SetFRGClkFreq
                0x00002360       0xac CMakeFiles/recirc_display.dir/C_/Users/vinicius.andrade/Documents/RECIRC_CODE/sdks/recirc_display_sdk/devices/LPC804/drivers/fsl_clock.c.obj
 .text.CLOCK_UpdateClkSrc
                0x0000240c       0x58 CMakeFiles/recirc_display.dir/C_/Users/vinicius.andrade/Documents/RECIRC_CODE/sdks/recirc_display_sdk/devices/LPC804/drivers/fsl_clock.c.obj
 .text.CLOCK_SetFRG0ClkFreq
                0x00002464       0x24 CMakeFiles/recirc_display.dir/C_/Users/vinicius.andrade/Documents/RECIRC_CODE/sdks/recirc_display_sdk/devices/LPC804/drivers/fsl_clock.c.obj
                0x00002464                CLOCK_SetFRG0ClkFreq
 .text.CLOCK_GetFRG0ClkFreq
                0x00002488       0x58 CMakeFiles/recirc_display.dir/C_/Users/vinicius.andrade/Documents/RECIRC_CODE/sdks/recirc_display_sdk/devices/LPC804/drivers/fsl_clock.c.obj
                0x00002488                CLOCK_GetFRG0ClkFreq
 .text.CLOCK_GetMainClkFreq
                0x000024e0       0x74 CMakeFiles/recirc_display.dir/C_/Users/vinicius.andrade/Documents/RECIRC_CODE/sdks/recirc_display_sdk/devices/LPC804/drivers/fsl_clock.c.obj
                0x000024e0                CLOCK_GetMainClkFreq
 .text.CLOCK_GetFroFreq
                0x00002554       0x14 CMakeFiles/recirc_display.dir/C_/Users/vinicius.andrade/Documents/RECIRC_CODE/sdks/recirc_display_sdk/devices/LPC804/drivers/fsl_clock.c.obj
                0x00002554                CLOCK_GetFroFreq
 .text.CLOCK_GetFreq
                0x00002568       0x7c CMakeFiles/recirc_display.dir/C_/Users/vinicius.andrade/Documents/RECIRC_CODE/sdks/recirc_display_sdk/devices/LPC804/drivers/fsl_clock.c.obj
                0x00002568                CLOCK_GetFreq
 .text.CLOCK_SetMainClkSrc
                0x000025e4       0x4c CMakeFiles/recirc_display.dir/C_/Users/vinicius.andrade/Documents/RECIRC_CODE/sdks/recirc_display_sdk/devices/LPC804/drivers/fsl_clock.c.obj
                0x000025e4                CLOCK_SetMainClkSrc
 .text.CLOCK_SetFroOscFreq
                0x00002630       0x44 CMakeFiles/recirc_display.dir/C_/Users/vinicius.andrade/Documents/RECIRC_CODE/sdks/recirc_display_sdk/devices/LPC804/drivers/fsl_clock.c.obj
                0x00002630                CLOCK_SetFroOscFreq
 .text.CLOCK_EnableClock
                0x00002674       0x54 CMakeFiles/recirc_display.dir/C_/Users/vinicius.andrade/Documents/RECIRC_CODE/sdks/recirc_display_sdk/devices/LPC804/drivers/fsl_gpio.c.obj
 .text.GPIO_EnablePortClock
                0x000026c8       0x38 CMakeFiles/recirc_display.dir/C_/Users/vinicius.andrade/Documents/RECIRC_CODE/sdks/recirc_display_sdk/devices/LPC804/drivers/fsl_gpio.c.obj
 .text.GPIO_PinInit
                0x00002700       0xc0 CMakeFiles/recirc_display.dir/C_/Users/vinicius.andrade/Documents/RECIRC_CODE/sdks/recirc_display_sdk/devices/LPC804/drivers/fsl_gpio.c.obj
                0x00002700                GPIO_PinInit
 .text.USART0_DriverIRQHandler
                0x000027c0       0x24 CMakeFiles/recirc_display.dir/C_/Users/vinicius.andrade/Documents/RECIRC_CODE/sdks/recirc_display_sdk/devices/LPC804/drivers/fsl_usart.c.obj
                0x000027c0                USART0_DriverIRQHandler
 .text.USART1_DriverIRQHandler
                0x000027e4       0x24 CMakeFiles/recirc_display.dir/C_/Users/vinicius.andrade/Documents/RECIRC_CODE/sdks/recirc_display_sdk/devices/LPC804/drivers/fsl_usart.c.obj
                0x000027e4                USART1_DriverIRQHandler
 .text.RESET_SetPeripheralReset
                0x00002808       0x7c CMakeFiles/recirc_display.dir/C_/Users/vinicius.andrade/Documents/RECIRC_CODE/sdks/recirc_display_sdk/devices/LPC804/drivers/fsl_reset.c.obj
                0x00002808                RESET_SetPeripheralReset
 .text.RESET_ClearPeripheralReset
                0x00002884       0x78 CMakeFiles/recirc_display.dir/C_/Users/vinicius.andrade/Documents/RECIRC_CODE/sdks/recirc_display_sdk/devices/LPC804/drivers/fsl_reset.c.obj
                0x00002884                RESET_ClearPeripheralReset
 .text.RESET_PeripheralReset
                0x000028fc       0x20 CMakeFiles/recirc_display.dir/C_/Users/vinicius.andrade/Documents/RECIRC_CODE/sdks/recirc_display_sdk/devices/LPC804/drivers/fsl_reset.c.obj
                0x000028fc                RESET_PeripheralReset
 .text.SWM_SetMovablePinSelect
                0x0000291c       0xa8 CMakeFiles/recirc_display.dir/C_/Users/vinicius.andrade/Documents/RECIRC_CODE/sdks/recirc_display_sdk/devices/LPC804/drivers/fsl_swm.c.obj
                0x0000291c                SWM_SetMovablePinSelect
 .text.SWM_SetFixedPinSelect
                0x000029c4       0x78 CMakeFiles/recirc_display.dir/C_/Users/vinicius.andrade/Documents/RECIRC_CODE/sdks/recirc_display_sdk/devices/LPC804/drivers/fsl_swm.c.obj
                0x000029c4                SWM_SetFixedPinSelect
 .text.fsl_assert_hook
                0x00002a3c       0x16 CMakeFiles/recirc_display.dir/C_/Users/vinicius.andrade/Documents/RECIRC_CODE/sdks/recirc_display_sdk/devices/LPC804/utilities/debug_console_lite/fsl_assert.c.obj
                0x00002a3c                fsl_assert_hook
 *fill*         0x00002a52        0x2 
 .text.__assert_func
                0x00002a54       0x34 CMakeFiles/recirc_display.dir/C_/Users/vinicius.andrade/Documents/RECIRC_CODE/sdks/recirc_display_sdk/devices/LPC804/utilities/debug_console_lite/fsl_assert.c.obj
                0x00002a54                __assert_func
 .text.DbgConsole_Printf
                0x00002a88       0x32 CMakeFiles/recirc_display.dir/C_/Users/vinicius.andrade/Documents/RECIRC_CODE/sdks/recirc_display_sdk/devices/LPC804/utilities/debug_console_lite/fsl_debug_console.c.obj
                0x00002a88                DbgConsole_Printf
 *fill*         0x00002aba        0x2 
 .text.DbgConsole_Vprintf
                0x00002abc       0x40 CMakeFiles/recirc_display.dir/C_/Users/vinicius.andrade/Documents/RECIRC_CODE/sdks/recirc_display_sdk/devices/LPC804/utilities/debug_console_lite/fsl_debug_console.c.obj
                0x00002abc                DbgConsole_Vprintf
 .text.DbgConsole_Putchar
                0x00002afc       0x30 CMakeFiles/recirc_display.dir/C_/Users/vinicius.andrade/Documents/RECIRC_CODE/sdks/recirc_display_sdk/devices/LPC804/utilities/debug_console_lite/fsl_debug_console.c.obj
                0x00002afc                DbgConsole_Putchar
 .text.DbgConsole_PrintfPaddingCharacter
                0x00002b2c       0x48 CMakeFiles/recirc_display.dir/C_/Users/vinicius.andrade/Documents/RECIRC_CODE/sdks/recirc_display_sdk/devices/LPC804/utilities/debug_console_lite/fsl_debug_console.c.obj
 .text.DbgConsole_ConvertRadixNumToString
                0x00002b74       0xc2 CMakeFiles/recirc_display.dir/C_/Users/vinicius.andrade/Documents/RECIRC_CODE/sdks/recirc_display_sdk/devices/LPC804/utilities/debug_console_lite/fsl_debug_console.c.obj
 .text.DbgConsole_PrintfFormattedData
                0x00002c36      0x3da CMakeFiles/recirc_display.dir/C_/Users/vinicius.andrade/Documents/RECIRC_CODE/sdks/recirc_display_sdk/devices/LPC804/utilities/debug_console_lite/fsl_debug_console.c.obj
 .text.CLOCK_EnableClock
                0x00003010       0x54 CMakeFiles/recirc_display.dir/C_/Users/vinicius.andrade/Documents/RECIRC_CODE/sdks/recirc_display_sdk/devices/LPC804/drivers/fsl_capt.c.obj
 .text.CAPT_GetInstance
                0x00003064       0x54 CMakeFiles/recirc_display.dir/C_/Users/vinicius.andrade/Documents/RECIRC_CODE/sdks/recirc_display_sdk/devices/LPC804/drivers/fsl_capt.c.obj
 .text.CAPT_Init
                0x000030b8      0x118 CMakeFiles/recirc_display.dir/C_/Users/vinicius.andrade/Documents/RECIRC_CODE/sdks/recirc_display_sdk/devices/LPC804/drivers/fsl_capt.c.obj
                0x000030b8                CAPT_Init
 .text.CAPT_GetDefaultConfig
                0x000031d0       0x78 CMakeFiles/recirc_display.dir/C_/Users/vinicius.andrade/Documents/RECIRC_CODE/sdks/recirc_display_sdk/devices/LPC804/drivers/fsl_capt.c.obj
                0x000031d0                CAPT_GetDefaultConfig
 .text.CAPT_GetTouchData
                0x00003248       0xb4 CMakeFiles/recirc_display.dir/C_/Users/vinicius.andrade/Documents/RECIRC_CODE/sdks/recirc_display_sdk/devices/LPC804/drivers/fsl_capt.c.obj
                0x00003248                CAPT_GetTouchData
 .text.CAPT_PollNow
                0x000032fc       0x62 CMakeFiles/recirc_display.dir/C_/Users/vinicius.andrade/Documents/RECIRC_CODE/sdks/recirc_display_sdk/devices/LPC804/drivers/fsl_capt.c.obj
                0x000032fc                CAPT_PollNow
 *fill*         0x0000335e        0x2 
 .text.__NVIC_EnableIRQ
                0x00003360       0x34 CMakeFiles/recirc_display.dir/C_/Users/vinicius.andrade/Documents/RECIRC_CODE/sdks/recirc_display_sdk/devices/LPC804/drivers/fsl_ctimer.c.obj
 .text.CLOCK_EnableClock
                0x00003394       0x54 CMakeFiles/recirc_display.dir/C_/Users/vinicius.andrade/Documents/RECIRC_CODE/sdks/recirc_display_sdk/devices/LPC804/drivers/fsl_ctimer.c.obj
 .text.EnableIRQ
                0x000033e8       0x36 CMakeFiles/recirc_display.dir/C_/Users/vinicius.andrade/Documents/RECIRC_CODE/sdks/recirc_display_sdk/devices/LPC804/drivers/fsl_ctimer.c.obj
 .text.CTIMER_GetStatusFlags
                0x0000341e       0x14 CMakeFiles/recirc_display.dir/C_/Users/vinicius.andrade/Documents/RECIRC_CODE/sdks/recirc_display_sdk/devices/LPC804/drivers/fsl_ctimer.c.obj
 .text.CTIMER_ClearStatusFlags
                0x00003432       0x18 CMakeFiles/recirc_display.dir/C_/Users/vinicius.andrade/Documents/RECIRC_CODE/sdks/recirc_display_sdk/devices/LPC804/drivers/fsl_ctimer.c.obj
 *fill*         0x0000344a        0x2 
 .text.CTIMER_GetInstance
                0x0000344c       0x5c CMakeFiles/recirc_display.dir/C_/Users/vinicius.andrade/Documents/RECIRC_CODE/sdks/recirc_display_sdk/devices/LPC804/drivers/fsl_ctimer.c.obj
 .text.CTIMER_Init
                0x000034a8       0x80 CMakeFiles/recirc_display.dir/C_/Users/vinicius.andrade/Documents/RECIRC_CODE/sdks/recirc_display_sdk/devices/LPC804/drivers/fsl_ctimer.c.obj
                0x000034a8                CTIMER_Init
 .text.CTIMER_GetDefaultConfig
                0x00003528       0x4c CMakeFiles/recirc_display.dir/C_/Users/vinicius.andrade/Documents/RECIRC_CODE/sdks/recirc_display_sdk/devices/LPC804/drivers/fsl_ctimer.c.obj
                0x00003528                CTIMER_GetDefaultConfig
 .text.CTIMER_SetupPwm
                0x00003574      0x220 CMakeFiles/recirc_display.dir/C_/Users/vinicius.andrade/Documents/RECIRC_CODE/sdks/recirc_display_sdk/devices/LPC804/drivers/fsl_ctimer.c.obj
                0x00003574                CTIMER_SetupPwm
 .text.CTIMER_GenericIRQHandler
                0x00003794       0xb0 CMakeFiles/recirc_display.dir/C_/Users/vinicius.andrade/Documents/RECIRC_CODE/sdks/recirc_display_sdk/devices/LPC804/drivers/fsl_ctimer.c.obj
 .text.CTIMER0_DriverIRQHandler
                0x00003844       0x10 CMakeFiles/recirc_display.dir/C_/Users/vinicius.andrade/Documents/RECIRC_CODE/sdks/recirc_display_sdk/devices/LPC804/drivers/fsl_ctimer.c.obj
                0x00003844                CTIMER0_DriverIRQHandler
 .text.__muldi3
                0x00003854       0x5c C:/NXP/MCUXpressoIDE_25.6.136/ide/tools/bin/../lib/gcc/arm-none-eabi/14.2.1/thumb/v6-m/nofp\libgcc.a(_muldi3.o)
                0x00003854                __muldi3
                0x00003854                __aeabi_lmul
 .text.__udivmoddi4
                0x000038b0      0x198 C:/NXP/MCUXpressoIDE_25.6.136/ide/tools/bin/../lib/gcc/arm-none-eabi/14.2.1/thumb/v6-m/nofp\libgcc.a(_udivmoddi4.o)
                0x000038b0                __udivmoddi4
 .text.exit     0x00003a48       0x28 C:/NXP/MCUXpressoIDE_25.6.136/ide/tools/bin/../lib/gcc/arm-none-eabi/14.2.1/thumb/v6-m/nofp\libc_nano.a(libc_a-exit.o)
                0x00003a48                exit
 .text.memset   0x00003a70       0x10 C:/NXP/MCUXpressoIDE_25.6.136/ide/tools/bin/../lib/gcc/arm-none-eabi/14.2.1/thumb/v6-m/nofp\libc_nano.a(libc_a-memset.o)
                0x00003a70                memset
 .text.__libc_init_array
                0x00003a80       0x48 C:/NXP/MCUXpressoIDE_25.6.136/ide/tools/bin/../lib/gcc/arm-none-eabi/14.2.1/thumb/v6-m/nofp\libc_nano.a(libc_a-init.o)
                0x00003a80                __libc_init_array
 .text.memcpy   0x00003ac8       0x12 C:/NXP/MCUXpressoIDE_25.6.136/ide/tools/bin/../lib/gcc/arm-none-eabi/14.2.1/thumb/v6-m/nofp\libc_nano.a(libc_a-memcpy-stub.o)
                0x00003ac8                memcpy
 .text._exit    0x00003ada        0x2 C:/NXP/MCUXpressoIDE_25.6.136/ide/tools/bin/../lib/gcc/arm-none-eabi/14.2.1/../../../../arm-none-eabi/lib/thumb/v6-m/nofp\libcr_newlib_nohost.a(_exit.o)
                0x00003ada                _exit
 *(.rodata)
 .rodata        0x00003adc       0x77 CMakeFiles/recirc_display.dir/C_/Users/vinicius.andrade/Documents/RECIRC_CODE/recirc_display/clock_config.c.obj
 *fill*         0x00003b53        0x1 
 .rodata        0x00003b54        0x2 CMakeFiles/recirc_display.dir/C_/Users/vinicius.andrade/Documents/RECIRC_CODE/recirc_display/pin_mux.c.obj
 *fill*         0x00003b56        0x2 
 .rodata        0x00003b58       0x82 CMakeFiles/recirc_display.dir/C_/Users/vinicius.andrade/Documents/RECIRC_CODE/sdks/recirc_display_sdk/devices/LPC804/drivers/fsl_clock.c.obj
 *fill*         0x00003bda        0x2 
 .rodata        0x00003bdc       0x8e CMakeFiles/recirc_display.dir/C_/Users/vinicius.andrade/Documents/RECIRC_CODE/sdks/recirc_display_sdk/devices/LPC804/drivers/fsl_gpio.c.obj
 *fill*         0x00003c6a        0x2 
 .rodata        0x00003c6c       0x7b CMakeFiles/recirc_display.dir/C_/Users/vinicius.andrade/Documents/RECIRC_CODE/sdks/recirc_display_sdk/devices/LPC804/drivers/fsl_reset.c.obj
 *fill*         0x00003ce7        0x1 
 .rodata        0x00003ce8       0xca CMakeFiles/recirc_display.dir/C_/Users/vinicius.andrade/Documents/RECIRC_CODE/sdks/recirc_display_sdk/devices/LPC804/drivers/fsl_swm.c.obj
 *fill*         0x00003db2        0x2 
 .rodata        0x00003db4       0x3e CMakeFiles/recirc_display.dir/C_/Users/vinicius.andrade/Documents/RECIRC_CODE/sdks/recirc_display_sdk/devices/LPC804/utilities/debug_console_lite/fsl_assert.c.obj
 *fill*         0x00003df2        0x2 
 .rodata        0x00003df4       0xbd CMakeFiles/recirc_display.dir/C_/Users/vinicius.andrade/Documents/RECIRC_CODE/sdks/recirc_display_sdk/devices/LPC804/drivers/fsl_capt.c.obj
 *fill*         0x00003eb1        0x3 
 .rodata        0x00003eb4       0xc1 CMakeFiles/recirc_display.dir/C_/Users/vinicius.andrade/Documents/RECIRC_CODE/sdks/recirc_display_sdk/devices/LPC804/drivers/fsl_ctimer.c.obj
 *(.rodata*)
 *fill*         0x00003f75        0x3 
 .rodata.captEnabledPins
                0x00003f78        0x8 CMakeFiles/recirc_display.dir/C_/Users/vinicius.andrade/Documents/RECIRC_CODE/recirc_display/capt_proc.c.obj
                0x00003f78                captEnabledPins
 .rodata.__func__.0
                0x00003f80       0x17 CMakeFiles/recirc_display.dir/C_/Users/vinicius.andrade/Documents/RECIRC_CODE/recirc_display/clock_config.c.obj
 *fill*         0x00003f97        0x1 
 .rodata.grace_icon_map
                0x00003f98        0xe CMakeFiles/recirc_display.dir/C_/Users/vinicius.andrade/Documents/RECIRC_CODE/recirc_display/display_grace.c.obj
 *fill*         0x00003fa6        0x2 
 .rodata.grace_week_map
                0x00003fa8        0xe CMakeFiles/recirc_display.dir/C_/Users/vinicius.andrade/Documents/RECIRC_CODE/recirc_display/display_grace.c.obj
 *fill*         0x00003fb6        0x2 
 .rodata.grace_dot_map
                0x00003fb8        0x8 CMakeFiles/recirc_display.dir/C_/Users/vinicius.andrade/Documents/RECIRC_CODE/recirc_display/display_grace.c.obj
 .rodata.grace_digit_map
                0x00003fc0        0xe CMakeFiles/recirc_display.dir/C_/Users/vinicius.andrade/Documents/RECIRC_CODE/recirc_display/display_grace.c.obj
 *fill*         0x00003fce        0x2 
 .rodata.seven_seg_symbols
                0x00003fd0       0x22 CMakeFiles/recirc_display.dir/C_/Users/vinicius.andrade/Documents/RECIRC_CODE/recirc_display/display_hal.c.obj
                0x00003fd0                seven_seg_symbols
 *fill*         0x00003ff2        0x2 
 .rodata.leds   0x00003ff4       0x30 CMakeFiles/recirc_display.dir/C_/Users/vinicius.andrade/Documents/RECIRC_CODE/recirc_display/gpio_app.c.obj
 .rodata.CLOCK_GetFreq
                0x00004024       0x1c CMakeFiles/recirc_display.dir/C_/Users/vinicius.andrade/Documents/RECIRC_CODE/sdks/recirc_display_sdk/devices/LPC804/drivers/fsl_clock.c.obj
 .rodata.__func__.5
                0x00004040       0x14 CMakeFiles/recirc_display.dir/C_/Users/vinicius.andrade/Documents/RECIRC_CODE/sdks/recirc_display_sdk/devices/LPC804/drivers/fsl_clock.c.obj
 .rodata.__func__.4
                0x00004054       0x13 CMakeFiles/recirc_display.dir/C_/Users/vinicius.andrade/Documents/RECIRC_CODE/sdks/recirc_display_sdk/devices/LPC804/drivers/fsl_clock.c.obj
 *fill*         0x00004067        0x1 
 .rodata.__func__.3
                0x00004068       0x15 CMakeFiles/recirc_display.dir/C_/Users/vinicius.andrade/Documents/RECIRC_CODE/sdks/recirc_display_sdk/devices/LPC804/drivers/fsl_clock.c.obj
 *fill*         0x0000407d        0x3 
 .rodata.__func__.0
                0x00004080       0x15 CMakeFiles/recirc_display.dir/C_/Users/vinicius.andrade/Documents/RECIRC_CODE/sdks/recirc_display_sdk/devices/LPC804/drivers/fsl_gpio.c.obj
 *fill*         0x00004095        0x3 
 .rodata.__func__.1
                0x00004098       0x19 CMakeFiles/recirc_display.dir/C_/Users/vinicius.andrade/Documents/RECIRC_CODE/sdks/recirc_display_sdk/devices/LPC804/drivers/fsl_reset.c.obj
 *fill*         0x000040b1        0x3 
 .rodata.__func__.0
                0x000040b4       0x1b CMakeFiles/recirc_display.dir/C_/Users/vinicius.andrade/Documents/RECIRC_CODE/sdks/recirc_display_sdk/devices/LPC804/drivers/fsl_reset.c.obj
 *fill*         0x000040cf        0x1 
 .rodata.__func__.2
                0x000040d0       0x18 CMakeFiles/recirc_display.dir/C_/Users/vinicius.andrade/Documents/RECIRC_CODE/sdks/recirc_display_sdk/devices/LPC804/drivers/fsl_swm.c.obj
 .rodata.__func__.0
                0x000040e8       0x16 CMakeFiles/recirc_display.dir/C_/Users/vinicius.andrade/Documents/RECIRC_CODE/sdks/recirc_display_sdk/devices/LPC804/drivers/fsl_swm.c.obj
 *fill*         0x000040fe        0x2 
 .rodata.__func__.3
                0x00004100       0x11 CMakeFiles/recirc_display.dir/C_/Users/vinicius.andrade/Documents/RECIRC_CODE/sdks/recirc_display_sdk/devices/LPC804/drivers/fsl_capt.c.obj
 *fill*         0x00004111        0x3 
 .rodata.__func__.2
                0x00004114        0xa CMakeFiles/recirc_display.dir/C_/Users/vinicius.andrade/Documents/RECIRC_CODE/sdks/recirc_display_sdk/devices/LPC804/drivers/fsl_capt.c.obj
 *fill*         0x0000411e        0x2 
 .rodata.__func__.1
                0x00004120       0x16 CMakeFiles/recirc_display.dir/C_/Users/vinicius.andrade/Documents/RECIRC_CODE/sdks/recirc_display_sdk/devices/LPC804/drivers/fsl_capt.c.obj
 *fill*         0x00004136        0x2 
 .rodata.__func__.0
                0x00004138       0x12 CMakeFiles/recirc_display.dir/C_/Users/vinicius.andrade/Documents/RECIRC_CODE/sdks/recirc_display_sdk/devices/LPC804/drivers/fsl_capt.c.obj
 *fill*         0x0000414a        0x2 
 .rodata.__func__.4
                0x0000414c       0x13 CMakeFiles/recirc_display.dir/C_/Users/vinicius.andrade/Documents/RECIRC_CODE/sdks/recirc_display_sdk/devices/LPC804/drivers/fsl_ctimer.c.obj
 *fill*         0x0000415f        0x1 
 .rodata.__func__.3
                0x00004160        0xc CMakeFiles/recirc_display.dir/C_/Users/vinicius.andrade/Documents/RECIRC_CODE/sdks/recirc_display_sdk/devices/LPC804/drivers/fsl_ctimer.c.obj
 .rodata.__func__.2
                0x0000416c       0x18 CMakeFiles/recirc_display.dir/C_/Users/vinicius.andrade/Documents/RECIRC_CODE/sdks/recirc_display_sdk/devices/LPC804/drivers/fsl_ctimer.c.obj
 .rodata.__func__.1
                0x00004184       0x10 CMakeFiles/recirc_display.dir/C_/Users/vinicius.andrade/Documents/RECIRC_CODE/sdks/recirc_display_sdk/devices/LPC804/drivers/fsl_ctimer.c.obj
 *(.glue_7)
 .glue_7        0x00004194        0x0 linker stubs
 *(.glue_7t)
 .glue_7t       0x00004194        0x0 linker stubs
 *(.eh_frame)
 .eh_frame      0x00004194        0x0 C:/NXP/MCUXpressoIDE_25.6.136/ide/tools/bin/../lib/gcc/arm-none-eabi/14.2.1/thumb/v6-m/nofp/crtbegin.o
 *(.init)
 .init          0x00004194        0x4 C:/NXP/MCUXpressoIDE_25.6.136/ide/tools/bin/../lib/gcc/arm-none-eabi/14.2.1/thumb/v6-m/nofp/crti.o
                0x00004194                _init
 .init          0x00004198        0x8 C:/NXP/MCUXpressoIDE_25.6.136/ide/tools/bin/../lib/gcc/arm-none-eabi/14.2.1/thumb/v6-m/nofp/crtn.o
 *(.fini)
 .fini          0x000041a0        0x4 C:/NXP/MCUXpressoIDE_25.6.136/ide/tools/bin/../lib/gcc/arm-none-eabi/14.2.1/thumb/v6-m/nofp/crti.o
                0x000041a0                _fini
 .fini          0x000041a4        0x8 C:/NXP/MCUXpressoIDE_25.6.136/ide/tools/bin/../lib/gcc/arm-none-eabi/14.2.1/thumb/v6-m/nofp/crtn.o
                0x000041ac                        . = ALIGN (0x4)

.vfp11_veneer   0x000041ac        0x0
 .vfp11_veneer  0x000041ac        0x0 linker stubs

.v4_bx          0x000041ac        0x0
 .v4_bx         0x000041ac        0x0 linker stubs

.iplt           0x000041ac        0x0
 .iplt          0x000041ac        0x0 C:/NXP/MCUXpressoIDE_25.6.136/ide/tools/bin/../lib/gcc/arm-none-eabi/14.2.1/thumb/v6-m/nofp/crtbegin.o

.ARM.extab
 *(.ARM.extab* .gnu.linkonce.armextab.*)

.ARM            0x000041ac        0x8
                0x000041ac                        __exidx_start = .
 *(.ARM.exidx*)
 .ARM.exidx     0x000041ac        0x8 C:/NXP/MCUXpressoIDE_25.6.136/ide/tools/bin/../lib/gcc/arm-none-eabi/14.2.1/thumb/v6-m/nofp/crt0.o
                                 0x10 (size before relaxing)
 .ARM.exidx.text.__udivmoddi4
                0x000041b4        0x0 C:/NXP/MCUXpressoIDE_25.6.136/ide/tools/bin/../lib/gcc/arm-none-eabi/14.2.1/thumb/v6-m/nofp\libgcc.a(_udivmoddi4.o)
                                  0x8 (size before relaxing)
                0x000041b4                        __exidx_end = .

.rel.dyn        0x000041b4        0x0
 .rel.iplt      0x000041b4        0x0 C:/NXP/MCUXpressoIDE_25.6.136/ide/tools/bin/../lib/gcc/arm-none-eabi/14.2.1/thumb/v6-m/nofp/crtbegin.o

.ctors          0x000041b4        0x0
                0x000041b4                        __CTOR_LIST__ = .
 *crtbegin.o(.ctors)
 *crtbegin?.o(.ctors)
 *(EXCLUDE_FILE(*crtend.o *crtend?.o) .ctors)
 *(SORT_BY_NAME(.ctors.*))
 *(.ctors)
                0x000041b4                        __CTOR_END__ = .

.dtors          0x000041b4        0x0
                0x000041b4                        __DTOR_LIST__ = .
 *crtbegin.o(.dtors)
 *crtbegin?.o(.dtors)
 *(EXCLUDE_FILE(*crtend.o *crtend?.o) .dtors)
 *(SORT_BY_NAME(.dtors.*))
 *(.dtors)
                0x000041b4                        __DTOR_END__ = .

.preinit_array  0x000041b4        0x0
                0x000041b4                        PROVIDE (__preinit_array_start = .)
 *(.preinit_array*)
                0x000041b4                        PROVIDE (__preinit_array_end = .)

.init_array     0x000041b4        0x4
                0x000041b4                        PROVIDE (__init_array_start = .)
 *(SORT_BY_NAME(.init_array.*))
 *(.init_array*)
 .init_array    0x000041b4        0x4 C:/NXP/MCUXpressoIDE_25.6.136/ide/tools/bin/../lib/gcc/arm-none-eabi/14.2.1/thumb/v6-m/nofp/crtbegin.o
                0x000041b8                        PROVIDE (__init_array_end = .)

.fini_array     0x000041b8        0x4
                [!provide]                        PROVIDE (__fini_array_start = .)
 *(SORT_BY_NAME(.fini_array.*))
 *(.fini_array*)
 .fini_array    0x000041b8        0x4 C:/NXP/MCUXpressoIDE_25.6.136/ide/tools/bin/../lib/gcc/arm-none-eabi/14.2.1/thumb/v6-m/nofp/crtbegin.o
                [!provide]                        PROVIDE (__fini_array_end = .)
                0x000041bc                        __etext = .
                0x000041bc                        __DATA_ROM = .

.data           0x10000000       0x24 load address 0x000041bc
                0x10000000                        . = ALIGN (0x4)
                0x10000000                        __DATA_RAM = .
                0x10000000                        __data_start__ = .
 *(.ramfunc*)
 *(.data)
 *(.data*)
 .data.lastKey  0x10000000        0x4 CMakeFiles/recirc_display.dir/C_/Users/vinicius.andrade/Documents/RECIRC_CODE/recirc_display/main.c.obj
 .data.tm_hal   0x10000004       0x18 CMakeFiles/recirc_display.dir/C_/Users/vinicius.andrade/Documents/RECIRC_CODE/recirc_display/display_hal.c.obj
                0x10000004                tm_hal
 .data.SystemCoreClock
                0x1000001c        0x4 CMakeFiles/recirc_display.dir/C_/Users/vinicius.andrade/Documents/RECIRC_CODE/sdks/recirc_display_sdk/devices/LPC804/system_LPC804.c.obj
                0x1000001c                SystemCoreClock
 .data.g_LP_Osc_Freq
                0x10000020        0x4 CMakeFiles/recirc_display.dir/C_/Users/vinicius.andrade/Documents/RECIRC_CODE/sdks/recirc_display_sdk/devices/LPC804/drivers/fsl_clock.c.obj
                0x10000020                g_LP_Osc_Freq
 *(.jcr*)
                0x10000024                        . = ALIGN (0x4)
                0x10000024                        __data_end__ = .
                0x000041e0                        __DATA_END = (__DATA_ROM + (__data_end__ - __data_start__))
                0x00007f00                        text_end = (ORIGIN (m_text) + LENGTH (m_text))
                0x00000001                        ASSERT ((__DATA_END <= text_end), region m_text overflowed with text and data)

.tm_clone_table
                0x10000024        0x0 load address 0x000041e0
 .tm_clone_table
                0x10000024        0x0 C:/NXP/MCUXpressoIDE_25.6.136/ide/tools/bin/../lib/gcc/arm-none-eabi/14.2.1/thumb/v6-m/nofp/crtbegin.o
 .tm_clone_table
                0x10000024        0x0 C:/NXP/MCUXpressoIDE_25.6.136/ide/tools/bin/../lib/gcc/arm-none-eabi/14.2.1/thumb/v6-m/nofp/crtend.o

.igot.plt       0x10000024        0x0 load address 0x000041e0
 .igot.plt      0x10000024        0x0 C:/NXP/MCUXpressoIDE_25.6.136/ide/tools/bin/../lib/gcc/arm-none-eabi/14.2.1/thumb/v6-m/nofp/crtbegin.o

.bss            0x10000024      0x150 load address 0x000041e0
                0x10000024                        . = ALIGN (0x4)
                0x10000024                        __START_BSS = .
                0x10000024                        __bss_start__ = .
 *(.bss)
 *(.bss*)
 .bss.completed.1
                0x10000024        0x1 C:/NXP/MCUXpressoIDE_25.6.136/ide/tools/bin/../lib/gcc/arm-none-eabi/14.2.1/thumb/v6-m/nofp/crtbegin.o
 *fill*         0x10000025        0x3 
 .bss.object.0  0x10000028       0x18 C:/NXP/MCUXpressoIDE_25.6.136/ide/tools/bin/../lib/gcc/arm-none-eabi/14.2.1/thumb/v6-m/nofp/crtbegin.o
 .bss.touchProc
                0x10000040       0xb8 CMakeFiles/recirc_display.dir/C_/Users/vinicius.andrade/Documents/RECIRC_CODE/recirc_display/main.c.obj
 .bss.captRaw   0x100000f8        0x8 CMakeFiles/recirc_display.dir/C_/Users/vinicius.andrade/Documents/RECIRC_CODE/recirc_display/main.c.obj
 .bss.appTouchState
                0x10000100        0x1 CMakeFiles/recirc_display.dir/C_/Users/vinicius.andrade/Documents/RECIRC_CODE/recirc_display/main.c.obj
 *fill*         0x10000101        0x3 
 .bss.CAPT_config.0
                0x10000104        0xc CMakeFiles/recirc_display.dir/C_/Users/vinicius.andrade/Documents/RECIRC_CODE/recirc_display/capt_config.c.obj
 .bss.captRawData
                0x10000110        0x8 CMakeFiles/recirc_display.dir/C_/Users/vinicius.andrade/Documents/RECIRC_CODE/recirc_display/capt_proc.c.obj
 .bss.captState
                0x10000118        0x4 CMakeFiles/recirc_display.dir/C_/Users/vinicius.andrade/Documents/RECIRC_CODE/recirc_display/capt_proc.c.obj
                0x10000118                captState
 .bss.data      0x1000011c        0x6 CMakeFiles/recirc_display.dir/C_/Users/vinicius.andrade/Documents/RECIRC_CODE/recirc_display/capt_proc.c.obj
                0x1000011c                data
 *fill*         0x10000122        0x2 
 .bss.ms_ticks  0x10000124        0x4 CMakeFiles/recirc_display.dir/C_/Users/vinicius.andrade/Documents/RECIRC_CODE/recirc_display/systick.c.obj
 .bss.driver    0x10000128        0x4 CMakeFiles/recirc_display.dir/C_/Users/vinicius.andrade/Documents/RECIRC_CODE/recirc_display/tm1629a.c.obj
 .bss.buffer    0x1000012c       0x10 CMakeFiles/recirc_display.dir/C_/Users/vinicius.andrade/Documents/RECIRC_CODE/recirc_display/tm1629a.c.obj
 .bss.clk_delay
                0x1000013c        0x2 CMakeFiles/recirc_display.dir/C_/Users/vinicius.andrade/Documents/RECIRC_CODE/recirc_display/tm1629a.c.obj
 *fill*         0x1000013e        0x2 
 .bss.g_Ext_Clk_Freq
                0x10000140        0x4 CMakeFiles/recirc_display.dir/C_/Users/vinicius.andrade/Documents/RECIRC_CODE/sdks/recirc_display_sdk/devices/LPC804/drivers/fsl_clock.c.obj
                0x10000140                g_Ext_Clk_Freq
 .bss.g_Fro_Osc_Freq
                0x10000144        0x4 CMakeFiles/recirc_display.dir/C_/Users/vinicius.andrade/Documents/RECIRC_CODE/sdks/recirc_display_sdk/devices/LPC804/drivers/fsl_clock.c.obj
                0x10000144                g_Fro_Osc_Freq
 .bss.s_usartHandle
                0x10000148        0x8 CMakeFiles/recirc_display.dir/C_/Users/vinicius.andrade/Documents/RECIRC_CODE/sdks/recirc_display_sdk/devices/LPC804/drivers/fsl_usart.c.obj
 .bss.s_usartIsr
                0x10000150        0x4 CMakeFiles/recirc_display.dir/C_/Users/vinicius.andrade/Documents/RECIRC_CODE/sdks/recirc_display_sdk/devices/LPC804/drivers/fsl_usart.c.obj
 .bss.s_debugConsole
                0x10000154       0x14 CMakeFiles/recirc_display.dir/C_/Users/vinicius.andrade/Documents/RECIRC_CODE/sdks/recirc_display_sdk/devices/LPC804/utilities/debug_console_lite/fsl_debug_console.c.obj
 .bss.s_ctimerCallback
                0x10000168        0x4 CMakeFiles/recirc_display.dir/C_/Users/vinicius.andrade/Documents/RECIRC_CODE/sdks/recirc_display_sdk/devices/LPC804/drivers/fsl_ctimer.c.obj
 .bss.ctimerCallbackType
                0x1000016c        0x1 CMakeFiles/recirc_display.dir/C_/Users/vinicius.andrade/Documents/RECIRC_CODE/sdks/recirc_display_sdk/devices/LPC804/drivers/fsl_ctimer.c.obj
 *fill*         0x1000016d        0x3 
 .bss.__stdio_exit_handler
                0x10000170        0x4 C:/NXP/MCUXpressoIDE_25.6.136/ide/tools/bin/../lib/gcc/arm-none-eabi/14.2.1/thumb/v6-m/nofp\libc_nano.a(libc_a-findfp.o)
                0x10000170                __stdio_exit_handler
 *(COMMON)
                0x10000174                        . = ALIGN (0x4)
                0x10000174                        __bss_end__ = .
                0x10000174                        __END_BSS = .

.heap           0x10000174       0x44 load address 0x00004330
                0x10000178                        . = ALIGN (0x8)
 *fill*         0x10000174        0x4 
                0x10000178                        __end__ = .
                0x10000178                        PROVIDE (end = .)
                0x10000178                        __HeapBase = .
                0x100001b8                        . = (. + HEAP_SIZE)
 *fill*         0x10000178       0x40 
                0x100001b8                        __HeapLimit = .
                0x100001b8                        __heap_limit = .

.stack          0x100001b8       0x40 load address 0x00004374
                0x100001b8                        . = ALIGN (0x8)
                0x100001f8                        . = (. + STACK_SIZE)
 *fill*         0x100001b8       0x40 
                0x10000fe0                        __StackTop = (ORIGIN (m_data) + LENGTH (m_data))
                0x10000fa0                        __StackLimit = (__StackTop - STACK_SIZE)
                0x10000fe0                        PROVIDE (__stack = __StackTop)

.ARM.attributes
                0x00000000       0x28
 *(.ARM.attributes)
 .ARM.attributes
                0x00000000       0x1e C:/NXP/MCUXpressoIDE_25.6.136/ide/tools/bin/../lib/gcc/arm-none-eabi/14.2.1/thumb/v6-m/nofp/crti.o
 .ARM.attributes
                0x0000001e       0x2c C:/NXP/MCUXpressoIDE_25.6.136/ide/tools/bin/../lib/gcc/arm-none-eabi/14.2.1/thumb/v6-m/nofp/crtbegin.o
 .ARM.attributes
                0x0000004a       0x1b C:/NXP/MCUXpressoIDE_25.6.136/ide/tools/bin/../lib/gcc/arm-none-eabi/14.2.1/thumb/v6-m/nofp/crt0.o
 .ARM.attributes
                0x00000065       0x2c CMakeFiles/recirc_display.dir/C_/Users/vinicius.andrade/Documents/RECIRC_CODE/recirc_display/main.c.obj
 .ARM.attributes
                0x00000091       0x2c CMakeFiles/recirc_display.dir/C_/Users/vinicius.andrade/Documents/RECIRC_CODE/recirc_display/capt_config.c.obj
 .ARM.attributes
                0x000000bd       0x2c CMakeFiles/recirc_display.dir/C_/Users/vinicius.andrade/Documents/RECIRC_CODE/recirc_display/capt_proc.c.obj
 .ARM.attributes
                0x000000e9       0x2c CMakeFiles/recirc_display.dir/C_/Users/vinicius.andrade/Documents/RECIRC_CODE/recirc_display/semihost_hardfault.c.obj
 .ARM.attributes
                0x00000115       0x2c CMakeFiles/recirc_display.dir/C_/Users/vinicius.andrade/Documents/RECIRC_CODE/recirc_display/buzzer.c.obj
 .ARM.attributes
                0x00000141       0x2c CMakeFiles/recirc_display.dir/C_/Users/vinicius.andrade/Documents/RECIRC_CODE/recirc_display/clock_config.c.obj
 .ARM.attributes
                0x0000016d       0x2c CMakeFiles/recirc_display.dir/C_/Users/vinicius.andrade/Documents/RECIRC_CODE/recirc_display/display_grace.c.obj
 .ARM.attributes
                0x00000199       0x2c CMakeFiles/recirc_display.dir/C_/Users/vinicius.andrade/Documents/RECIRC_CODE/recirc_display/display_hal.c.obj
 .ARM.attributes
                0x000001c5       0x2c CMakeFiles/recirc_display.dir/C_/Users/vinicius.andrade/Documents/RECIRC_CODE/recirc_display/gpio_app.c.obj
 .ARM.attributes
                0x000001f1       0x2c CMakeFiles/recirc_display.dir/C_/Users/vinicius.andrade/Documents/RECIRC_CODE/recirc_display/pin_mux.c.obj
 .ARM.attributes
                0x0000021d       0x2c CMakeFiles/recirc_display.dir/C_/Users/vinicius.andrade/Documents/RECIRC_CODE/recirc_display/systick.c.obj
 .ARM.attributes
                0x00000249       0x2c CMakeFiles/recirc_display.dir/C_/Users/vinicius.andrade/Documents/RECIRC_CODE/recirc_display/tm1629a.c.obj
 .ARM.attributes
                0x00000275       0x1b CMakeFiles/recirc_display.dir/C_/Users/vinicius.andrade/Documents/RECIRC_CODE/sdks/recirc_display_sdk/devices/LPC804/gcc/startup_LPC804.S.obj
 .ARM.attributes
                0x00000290       0x2c CMakeFiles/recirc_display.dir/C_/Users/vinicius.andrade/Documents/RECIRC_CODE/sdks/recirc_display_sdk/devices/LPC804/system_LPC804.c.obj
 .ARM.attributes
                0x000002bc       0x2c CMakeFiles/recirc_display.dir/C_/Users/vinicius.andrade/Documents/RECIRC_CODE/sdks/recirc_display_sdk/devices/LPC804/drivers/fsl_clock.c.obj
 .ARM.attributes
                0x000002e8       0x2c CMakeFiles/recirc_display.dir/C_/Users/vinicius.andrade/Documents/RECIRC_CODE/sdks/recirc_display_sdk/devices/LPC804/drivers/fsl_gpio.c.obj
 .ARM.attributes
                0x00000314       0x2c CMakeFiles/recirc_display.dir/C_/Users/vinicius.andrade/Documents/RECIRC_CODE/sdks/recirc_display_sdk/devices/LPC804/drivers/fsl_usart.c.obj
 .ARM.attributes
                0x00000340       0x2c CMakeFiles/recirc_display.dir/C_/Users/vinicius.andrade/Documents/RECIRC_CODE/sdks/recirc_display_sdk/devices/LPC804/drivers/fsl_reset.c.obj
 .ARM.attributes
                0x0000036c       0x2c CMakeFiles/recirc_display.dir/C_/Users/vinicius.andrade/Documents/RECIRC_CODE/sdks/recirc_display_sdk/devices/LPC804/drivers/fsl_swm.c.obj
 .ARM.attributes
                0x00000398       0x2c CMakeFiles/recirc_display.dir/C_/Users/vinicius.andrade/Documents/RECIRC_CODE/sdks/recirc_display_sdk/devices/LPC804/utilities/debug_console_lite/fsl_assert.c.obj
 .ARM.attributes
                0x000003c4       0x2c CMakeFiles/recirc_display.dir/C_/Users/vinicius.andrade/Documents/RECIRC_CODE/sdks/recirc_display_sdk/devices/LPC804/utilities/debug_console_lite/fsl_debug_console.c.obj
 .ARM.attributes
                0x000003f0       0x2c CMakeFiles/recirc_display.dir/C_/Users/vinicius.andrade/Documents/RECIRC_CODE/sdks/recirc_display_sdk/devices/LPC804/drivers/fsl_capt.c.obj
 .ARM.attributes
                0x0000041c       0x2c CMakeFiles/recirc_display.dir/C_/Users/vinicius.andrade/Documents/RECIRC_CODE/sdks/recirc_display_sdk/devices/LPC804/drivers/fsl_ctimer.c.obj
 .ARM.attributes
                0x00000448       0x1e C:/NXP/MCUXpressoIDE_25.6.136/ide/tools/bin/../lib/gcc/arm-none-eabi/14.2.1/thumb/v6-m/nofp\libgcc.a(_udivsi3.o)
 .ARM.attributes
                0x00000466       0x1e C:/NXP/MCUXpressoIDE_25.6.136/ide/tools/bin/../lib/gcc/arm-none-eabi/14.2.1/thumb/v6-m/nofp\libgcc.a(_divsi3.o)
 .ARM.attributes
                0x00000484       0x1e C:/NXP/MCUXpressoIDE_25.6.136/ide/tools/bin/../lib/gcc/arm-none-eabi/14.2.1/thumb/v6-m/nofp\libgcc.a(_dvmd_tls.o)
 .ARM.attributes
                0x000004a2       0x1e C:/NXP/MCUXpressoIDE_25.6.136/ide/tools/bin/../lib/gcc/arm-none-eabi/14.2.1/thumb/v6-m/nofp\libgcc.a(_aeabi_uldivmod.o)
 .ARM.attributes
                0x000004c0       0x2c C:/NXP/MCUXpressoIDE_25.6.136/ide/tools/bin/../lib/gcc/arm-none-eabi/14.2.1/thumb/v6-m/nofp\libgcc.a(_muldi3.o)
 .ARM.attributes
                0x000004ec       0x2c C:/NXP/MCUXpressoIDE_25.6.136/ide/tools/bin/../lib/gcc/arm-none-eabi/14.2.1/thumb/v6-m/nofp\libgcc.a(_udivmoddi4.o)
 .ARM.attributes
                0x00000518       0x1e C:/NXP/MCUXpressoIDE_25.6.136/ide/tools/bin/../lib/gcc/arm-none-eabi/14.2.1/thumb/v6-m/nofp\libgcc.a(_clzdi2.o)
 .ARM.attributes
                0x00000536       0x1e C:/NXP/MCUXpressoIDE_25.6.136/ide/tools/bin/../lib/gcc/arm-none-eabi/14.2.1/thumb/v6-m/nofp\libgcc.a(_clzsi2.o)
 .ARM.attributes
                0x00000554       0x2c C:/NXP/MCUXpressoIDE_25.6.136/ide/tools/bin/../lib/gcc/arm-none-eabi/14.2.1/thumb/v6-m/nofp\libc_nano.a(libc_a-exit.o)
 .ARM.attributes
                0x00000580       0x2c C:/NXP/MCUXpressoIDE_25.6.136/ide/tools/bin/../lib/gcc/arm-none-eabi/14.2.1/thumb/v6-m/nofp\libc_nano.a(libc_a-findfp.o)
 .ARM.attributes
                0x000005ac       0x2c C:/NXP/MCUXpressoIDE_25.6.136/ide/tools/bin/../lib/gcc/arm-none-eabi/14.2.1/thumb/v6-m/nofp\libc_nano.a(libc_a-memset.o)
 .ARM.attributes
                0x000005d8       0x2c C:/NXP/MCUXpressoIDE_25.6.136/ide/tools/bin/../lib/gcc/arm-none-eabi/14.2.1/thumb/v6-m/nofp\libc_nano.a(libc_a-init.o)
 .ARM.attributes
                0x00000604       0x2c C:/NXP/MCUXpressoIDE_25.6.136/ide/tools/bin/../lib/gcc/arm-none-eabi/14.2.1/thumb/v6-m/nofp\libc_nano.a(libc_a-memcpy-stub.o)
 .ARM.attributes
                0x00000630       0x1c C:/NXP/MCUXpressoIDE_25.6.136/ide/tools/bin/../lib/gcc/arm-none-eabi/14.2.1/thumb/v6-m/nofp\libc_nano.a(libc_a-strlen.o)
 .ARM.attributes
                0x0000064c       0x2c C:/NXP/MCUXpressoIDE_25.6.136/ide/tools/bin/../lib/gcc/arm-none-eabi/14.2.1/../../../../arm-none-eabi/lib/thumb/v6-m/nofp\libcr_newlib_nohost.a(_exit.o)
 .ARM.attributes
                0x00000678       0x2c C:/NXP/MCUXpressoIDE_25.6.136/ide/tools/bin/../lib/gcc/arm-none-eabi/14.2.1/thumb/v6-m/nofp/crtend.o
 .ARM.attributes
                0x000006a4       0x1e C:/NXP/MCUXpressoIDE_25.6.136/ide/tools/bin/../lib/gcc/arm-none-eabi/14.2.1/thumb/v6-m/nofp/crtn.o
                0x00000001                        ASSERT ((__StackLimit >= __HeapLimit), region m_data overflowed with stack and heap)
OUTPUT(recirc_display elf32-littlearm)
LOAD linker stubs

.debug_line_str
                0x00000000      0x352
 .debug_line_str
                0x00000000      0x352 C:/NXP/MCUXpressoIDE_25.6.136/ide/tools/bin/../lib/gcc/arm-none-eabi/14.2.1/thumb/v6-m/nofp/crt0.o
                                 0xd6 (size before relaxing)
 .debug_line_str
                0x00000352       0xb8 CMakeFiles/recirc_display.dir/C_/Users/vinicius.andrade/Documents/RECIRC_CODE/sdks/recirc_display_sdk/devices/LPC804/gcc/startup_LPC804.S.obj
 .debug_line_str
                0x00000352       0xcd C:/NXP/MCUXpressoIDE_25.6.136/ide/tools/bin/../lib/gcc/arm-none-eabi/14.2.1/thumb/v6-m/nofp\libgcc.a(_udivsi3.o)
 .debug_line_str
                0x00000352       0xcd C:/NXP/MCUXpressoIDE_25.6.136/ide/tools/bin/../lib/gcc/arm-none-eabi/14.2.1/thumb/v6-m/nofp\libgcc.a(_divsi3.o)
 .debug_line_str
                0x00000352       0xcd C:/NXP/MCUXpressoIDE_25.6.136/ide/tools/bin/../lib/gcc/arm-none-eabi/14.2.1/thumb/v6-m/nofp\libgcc.a(_dvmd_tls.o)
 .debug_line_str
                0x00000352       0xcd C:/NXP/MCUXpressoIDE_25.6.136/ide/tools/bin/../lib/gcc/arm-none-eabi/14.2.1/thumb/v6-m/nofp\libgcc.a(_aeabi_uldivmod.o)
 .debug_line_str
                0x00000352       0xcd C:/NXP/MCUXpressoIDE_25.6.136/ide/tools/bin/../lib/gcc/arm-none-eabi/14.2.1/thumb/v6-m/nofp\libgcc.a(_clzdi2.o)
 .debug_line_str
                0x00000352       0xcd C:/NXP/MCUXpressoIDE_25.6.136/ide/tools/bin/../lib/gcc/arm-none-eabi/14.2.1/thumb/v6-m/nofp\libgcc.a(_clzsi2.o)
 .debug_line_str
                0x00000352       0xeb C:/NXP/MCUXpressoIDE_25.6.136/ide/tools/bin/../lib/gcc/arm-none-eabi/14.2.1/thumb/v6-m/nofp\libc_nano.a(libc_a-strlen.o)

.debug_info     0x00000000     0xdf10
 .debug_info    0x00000000      0x99a CMakeFiles/recirc_display.dir/C_/Users/vinicius.andrade/Documents/RECIRC_CODE/recirc_display/main.c.obj
 .debug_info    0x0000099a      0x874 CMakeFiles/recirc_display.dir/C_/Users/vinicius.andrade/Documents/RECIRC_CODE/recirc_display/capt_config.c.obj
 .debug_info    0x0000120e      0xc74 CMakeFiles/recirc_display.dir/C_/Users/vinicius.andrade/Documents/RECIRC_CODE/recirc_display/capt_proc.c.obj
 .debug_info    0x00001e82       0x39 CMakeFiles/recirc_display.dir/C_/Users/vinicius.andrade/Documents/RECIRC_CODE/recirc_display/semihost_hardfault.c.obj
 .debug_info    0x00001ebb      0xa47 CMakeFiles/recirc_display.dir/C_/Users/vinicius.andrade/Documents/RECIRC_CODE/recirc_display/buzzer.c.obj
 .debug_info    0x00002902      0x6f6 CMakeFiles/recirc_display.dir/C_/Users/vinicius.andrade/Documents/RECIRC_CODE/recirc_display/clock_config.c.obj
 .debug_info    0x00002ff8      0x41e CMakeFiles/recirc_display.dir/C_/Users/vinicius.andrade/Documents/RECIRC_CODE/recirc_display/display_grace.c.obj
 .debug_info    0x00003416      0x847 CMakeFiles/recirc_display.dir/C_/Users/vinicius.andrade/Documents/RECIRC_CODE/recirc_display/display_hal.c.obj
 .debug_info    0x00003c5d      0x6e5 CMakeFiles/recirc_display.dir/C_/Users/vinicius.andrade/Documents/RECIRC_CODE/recirc_display/gpio_app.c.obj
 .debug_info    0x00004342      0xce6 CMakeFiles/recirc_display.dir/C_/Users/vinicius.andrade/Documents/RECIRC_CODE/recirc_display/pin_mux.c.obj
 .debug_info    0x00005028      0x78d CMakeFiles/recirc_display.dir/C_/Users/vinicius.andrade/Documents/RECIRC_CODE/recirc_display/systick.c.obj
 .debug_info    0x000057b5      0x453 CMakeFiles/recirc_display.dir/C_/Users/vinicius.andrade/Documents/RECIRC_CODE/recirc_display/tm1629a.c.obj
 .debug_info    0x00005c08      0x37b CMakeFiles/recirc_display.dir/C_/Users/vinicius.andrade/Documents/RECIRC_CODE/sdks/recirc_display_sdk/devices/LPC804/gcc/startup_LPC804.S.obj
 .debug_info    0x00005f83      0x50d CMakeFiles/recirc_display.dir/C_/Users/vinicius.andrade/Documents/RECIRC_CODE/sdks/recirc_display_sdk/devices/LPC804/system_LPC804.c.obj
 .debug_info    0x00006490      0xfec CMakeFiles/recirc_display.dir/C_/Users/vinicius.andrade/Documents/RECIRC_CODE/sdks/recirc_display_sdk/devices/LPC804/drivers/fsl_clock.c.obj
 .debug_info    0x0000747c      0xc88 CMakeFiles/recirc_display.dir/C_/Users/vinicius.andrade/Documents/RECIRC_CODE/sdks/recirc_display_sdk/devices/LPC804/drivers/fsl_gpio.c.obj
 .debug_info    0x00008104     0x1c42 CMakeFiles/recirc_display.dir/C_/Users/vinicius.andrade/Documents/RECIRC_CODE/sdks/recirc_display_sdk/devices/LPC804/drivers/fsl_usart.c.obj
 .debug_info    0x00009d46      0x5e8 CMakeFiles/recirc_display.dir/C_/Users/vinicius.andrade/Documents/RECIRC_CODE/sdks/recirc_display_sdk/devices/LPC804/drivers/fsl_reset.c.obj
 .debug_info    0x0000a32e      0x7c9 CMakeFiles/recirc_display.dir/C_/Users/vinicius.andrade/Documents/RECIRC_CODE/sdks/recirc_display_sdk/devices/LPC804/drivers/fsl_swm.c.obj
 .debug_info    0x0000aaf7      0x126 CMakeFiles/recirc_display.dir/C_/Users/vinicius.andrade/Documents/RECIRC_CODE/sdks/recirc_display_sdk/devices/LPC804/utilities/debug_console_lite/fsl_assert.c.obj
 .debug_info    0x0000ac1d      0xce5 CMakeFiles/recirc_display.dir/C_/Users/vinicius.andrade/Documents/RECIRC_CODE/sdks/recirc_display_sdk/devices/LPC804/utilities/debug_console_lite/fsl_debug_console.c.obj
 .debug_info    0x0000b902      0xec2 CMakeFiles/recirc_display.dir/C_/Users/vinicius.andrade/Documents/RECIRC_CODE/sdks/recirc_display_sdk/devices/LPC804/drivers/fsl_capt.c.obj
 .debug_info    0x0000c7c4     0x16a9 CMakeFiles/recirc_display.dir/C_/Users/vinicius.andrade/Documents/RECIRC_CODE/sdks/recirc_display_sdk/devices/LPC804/drivers/fsl_ctimer.c.obj
 .debug_info    0x0000de6d       0xa3 C:/NXP/MCUXpressoIDE_25.6.136/ide/tools/bin/../lib/gcc/arm-none-eabi/14.2.1/../../../../arm-none-eabi/lib/thumb/v6-m/nofp\libcr_newlib_nohost.a(_exit.o)

.debug_abbrev   0x00000000     0x2c81
 .debug_abbrev  0x00000000      0x1aa CMakeFiles/recirc_display.dir/C_/Users/vinicius.andrade/Documents/RECIRC_CODE/recirc_display/main.c.obj
 .debug_abbrev  0x000001aa      0x271 CMakeFiles/recirc_display.dir/C_/Users/vinicius.andrade/Documents/RECIRC_CODE/recirc_display/capt_config.c.obj
 .debug_abbrev  0x0000041b      0x2b2 CMakeFiles/recirc_display.dir/C_/Users/vinicius.andrade/Documents/RECIRC_CODE/recirc_display/capt_proc.c.obj
 .debug_abbrev  0x000006cd       0x2d CMakeFiles/recirc_display.dir/C_/Users/vinicius.andrade/Documents/RECIRC_CODE/recirc_display/semihost_hardfault.c.obj
 .debug_abbrev  0x000006fa      0x241 CMakeFiles/recirc_display.dir/C_/Users/vinicius.andrade/Documents/RECIRC_CODE/recirc_display/buzzer.c.obj
 .debug_abbrev  0x0000093b      0x21d CMakeFiles/recirc_display.dir/C_/Users/vinicius.andrade/Documents/RECIRC_CODE/recirc_display/clock_config.c.obj
 .debug_abbrev  0x00000b58      0x15a CMakeFiles/recirc_display.dir/C_/Users/vinicius.andrade/Documents/RECIRC_CODE/recirc_display/display_grace.c.obj
 .debug_abbrev  0x00000cb2      0x1ea CMakeFiles/recirc_display.dir/C_/Users/vinicius.andrade/Documents/RECIRC_CODE/recirc_display/display_hal.c.obj
 .debug_abbrev  0x00000e9c      0x175 CMakeFiles/recirc_display.dir/C_/Users/vinicius.andrade/Documents/RECIRC_CODE/recirc_display/gpio_app.c.obj
 .debug_abbrev  0x00001011      0x219 CMakeFiles/recirc_display.dir/C_/Users/vinicius.andrade/Documents/RECIRC_CODE/recirc_display/pin_mux.c.obj
 .debug_abbrev  0x0000122a      0x1f0 CMakeFiles/recirc_display.dir/C_/Users/vinicius.andrade/Documents/RECIRC_CODE/recirc_display/systick.c.obj
 .debug_abbrev  0x0000141a      0x1bd CMakeFiles/recirc_display.dir/C_/Users/vinicius.andrade/Documents/RECIRC_CODE/recirc_display/tm1629a.c.obj
 .debug_abbrev  0x000015d7       0x26 CMakeFiles/recirc_display.dir/C_/Users/vinicius.andrade/Documents/RECIRC_CODE/sdks/recirc_display_sdk/devices/LPC804/gcc/startup_LPC804.S.obj
 .debug_abbrev  0x000015fd      0x16f CMakeFiles/recirc_display.dir/C_/Users/vinicius.andrade/Documents/RECIRC_CODE/sdks/recirc_display_sdk/devices/LPC804/system_LPC804.c.obj
 .debug_abbrev  0x0000176c      0x33c CMakeFiles/recirc_display.dir/C_/Users/vinicius.andrade/Documents/RECIRC_CODE/sdks/recirc_display_sdk/devices/LPC804/drivers/fsl_clock.c.obj
 .debug_abbrev  0x00001aa8      0x1e8 CMakeFiles/recirc_display.dir/C_/Users/vinicius.andrade/Documents/RECIRC_CODE/sdks/recirc_display_sdk/devices/LPC804/drivers/fsl_gpio.c.obj
 .debug_abbrev  0x00001c90      0x392 CMakeFiles/recirc_display.dir/C_/Users/vinicius.andrade/Documents/RECIRC_CODE/sdks/recirc_display_sdk/devices/LPC804/drivers/fsl_usart.c.obj
 .debug_abbrev  0x00002022      0x153 CMakeFiles/recirc_display.dir/C_/Users/vinicius.andrade/Documents/RECIRC_CODE/sdks/recirc_display_sdk/devices/LPC804/drivers/fsl_reset.c.obj
 .debug_abbrev  0x00002175      0x182 CMakeFiles/recirc_display.dir/C_/Users/vinicius.andrade/Documents/RECIRC_CODE/sdks/recirc_display_sdk/devices/LPC804/drivers/fsl_swm.c.obj
 .debug_abbrev  0x000022f7       0xa8 CMakeFiles/recirc_display.dir/C_/Users/vinicius.andrade/Documents/RECIRC_CODE/sdks/recirc_display_sdk/devices/LPC804/utilities/debug_console_lite/fsl_assert.c.obj
 .debug_abbrev  0x0000239f      0x242 CMakeFiles/recirc_display.dir/C_/Users/vinicius.andrade/Documents/RECIRC_CODE/sdks/recirc_display_sdk/devices/LPC804/utilities/debug_console_lite/fsl_debug_console.c.obj
 .debug_abbrev  0x000025e1      0x289 CMakeFiles/recirc_display.dir/C_/Users/vinicius.andrade/Documents/RECIRC_CODE/sdks/recirc_display_sdk/devices/LPC804/drivers/fsl_capt.c.obj
 .debug_abbrev  0x0000286a      0x3b0 CMakeFiles/recirc_display.dir/C_/Users/vinicius.andrade/Documents/RECIRC_CODE/sdks/recirc_display_sdk/devices/LPC804/drivers/fsl_ctimer.c.obj
 .debug_abbrev  0x00002c1a       0x67 C:/NXP/MCUXpressoIDE_25.6.136/ide/tools/bin/../lib/gcc/arm-none-eabi/14.2.1/../../../../arm-none-eabi/lib/thumb/v6-m/nofp\libcr_newlib_nohost.a(_exit.o)

.debug_aranges  0x00000000      0x848
 .debug_aranges
                0x00000000       0x30 CMakeFiles/recirc_display.dir/C_/Users/vinicius.andrade/Documents/RECIRC_CODE/recirc_display/main.c.obj
 .debug_aranges
                0x00000030       0x48 CMakeFiles/recirc_display.dir/C_/Users/vinicius.andrade/Documents/RECIRC_CODE/recirc_display/capt_config.c.obj
 .debug_aranges
                0x00000078       0x98 CMakeFiles/recirc_display.dir/C_/Users/vinicius.andrade/Documents/RECIRC_CODE/recirc_display/capt_proc.c.obj
 .debug_aranges
                0x00000110       0x20 CMakeFiles/recirc_display.dir/C_/Users/vinicius.andrade/Documents/RECIRC_CODE/recirc_display/semihost_hardfault.c.obj
 .debug_aranges
                0x00000130       0x60 CMakeFiles/recirc_display.dir/C_/Users/vinicius.andrade/Documents/RECIRC_CODE/recirc_display/buzzer.c.obj
 .debug_aranges
                0x00000190       0x40 CMakeFiles/recirc_display.dir/C_/Users/vinicius.andrade/Documents/RECIRC_CODE/recirc_display/clock_config.c.obj
 .debug_aranges
                0x000001d0       0x50 CMakeFiles/recirc_display.dir/C_/Users/vinicius.andrade/Documents/RECIRC_CODE/recirc_display/display_grace.c.obj
 .debug_aranges
                0x00000220       0x60 CMakeFiles/recirc_display.dir/C_/Users/vinicius.andrade/Documents/RECIRC_CODE/recirc_display/display_hal.c.obj
 .debug_aranges
                0x00000280       0x28 CMakeFiles/recirc_display.dir/C_/Users/vinicius.andrade/Documents/RECIRC_CODE/recirc_display/gpio_app.c.obj
 .debug_aranges
                0x000002a8       0x40 CMakeFiles/recirc_display.dir/C_/Users/vinicius.andrade/Documents/RECIRC_CODE/recirc_display/pin_mux.c.obj
 .debug_aranges
                0x000002e8       0x48 CMakeFiles/recirc_display.dir/C_/Users/vinicius.andrade/Documents/RECIRC_CODE/recirc_display/systick.c.obj
 .debug_aranges
                0x00000330       0xa0 CMakeFiles/recirc_display.dir/C_/Users/vinicius.andrade/Documents/RECIRC_CODE/recirc_display/tm1629a.c.obj
 .debug_aranges
                0x000003d0       0x20 CMakeFiles/recirc_display.dir/C_/Users/vinicius.andrade/Documents/RECIRC_CODE/sdks/recirc_display_sdk/devices/LPC804/gcc/startup_LPC804.S.obj
 .debug_aranges
                0x000003f0       0x30 CMakeFiles/recirc_display.dir/C_/Users/vinicius.andrade/Documents/RECIRC_CODE/sdks/recirc_display_sdk/devices/LPC804/system_LPC804.c.obj
 .debug_aranges
                0x00000420       0xa0 CMakeFiles/recirc_display.dir/C_/Users/vinicius.andrade/Documents/RECIRC_CODE/sdks/recirc_display_sdk/devices/LPC804/drivers/fsl_clock.c.obj
 .debug_aranges
                0x000004c0       0x38 CMakeFiles/recirc_display.dir/C_/Users/vinicius.andrade/Documents/RECIRC_CODE/sdks/recirc_display_sdk/devices/LPC804/drivers/fsl_gpio.c.obj
 .debug_aranges
                0x000004f8      0x110 CMakeFiles/recirc_display.dir/C_/Users/vinicius.andrade/Documents/RECIRC_CODE/sdks/recirc_display_sdk/devices/LPC804/drivers/fsl_usart.c.obj
 .debug_aranges
                0x00000608       0x30 CMakeFiles/recirc_display.dir/C_/Users/vinicius.andrade/Documents/RECIRC_CODE/sdks/recirc_display_sdk/devices/LPC804/drivers/fsl_reset.c.obj
 .debug_aranges
                0x00000638       0x30 CMakeFiles/recirc_display.dir/C_/Users/vinicius.andrade/Documents/RECIRC_CODE/sdks/recirc_display_sdk/devices/LPC804/drivers/fsl_swm.c.obj
 .debug_aranges
                0x00000668       0x28 CMakeFiles/recirc_display.dir/C_/Users/vinicius.andrade/Documents/RECIRC_CODE/sdks/recirc_display_sdk/devices/LPC804/utilities/debug_console_lite/fsl_assert.c.obj
 .debug_aranges
                0x00000690       0x78 CMakeFiles/recirc_display.dir/C_/Users/vinicius.andrade/Documents/RECIRC_CODE/sdks/recirc_display_sdk/devices/LPC804/utilities/debug_console_lite/fsl_debug_console.c.obj
 .debug_aranges
                0x00000708       0x60 CMakeFiles/recirc_display.dir/C_/Users/vinicius.andrade/Documents/RECIRC_CODE/sdks/recirc_display_sdk/devices/LPC804/drivers/fsl_capt.c.obj
 .debug_aranges
                0x00000768       0xc0 CMakeFiles/recirc_display.dir/C_/Users/vinicius.andrade/Documents/RECIRC_CODE/sdks/recirc_display_sdk/devices/LPC804/drivers/fsl_ctimer.c.obj
 .debug_aranges
                0x00000828       0x20 C:/NXP/MCUXpressoIDE_25.6.136/ide/tools/bin/../lib/gcc/arm-none-eabi/14.2.1/../../../../arm-none-eabi/lib/thumb/v6-m/nofp\libcr_newlib_nohost.a(_exit.o)

.debug_rnglists
                0x00000000      0x5c2
 .debug_rnglists
                0x00000000       0x20 CMakeFiles/recirc_display.dir/C_/Users/vinicius.andrade/Documents/RECIRC_CODE/recirc_display/main.c.obj
 .debug_rnglists
                0x00000020       0x31 CMakeFiles/recirc_display.dir/C_/Users/vinicius.andrade/Documents/RECIRC_CODE/recirc_display/capt_config.c.obj
 .debug_rnglists
                0x00000051       0x72 CMakeFiles/recirc_display.dir/C_/Users/vinicius.andrade/Documents/RECIRC_CODE/recirc_display/capt_proc.c.obj
 .debug_rnglists
                0x000000c3       0x13 CMakeFiles/recirc_display.dir/C_/Users/vinicius.andrade/Documents/RECIRC_CODE/recirc_display/semihost_hardfault.c.obj
 .debug_rnglists
                0x000000d6       0x43 CMakeFiles/recirc_display.dir/C_/Users/vinicius.andrade/Documents/RECIRC_CODE/recirc_display/buzzer.c.obj
 .debug_rnglists
                0x00000119       0x2b CMakeFiles/recirc_display.dir/C_/Users/vinicius.andrade/Documents/RECIRC_CODE/recirc_display/clock_config.c.obj
 .debug_rnglists
                0x00000144       0x39 CMakeFiles/recirc_display.dir/C_/Users/vinicius.andrade/Documents/RECIRC_CODE/recirc_display/display_grace.c.obj
 .debug_rnglists
                0x0000017d       0x43 CMakeFiles/recirc_display.dir/C_/Users/vinicius.andrade/Documents/RECIRC_CODE/recirc_display/display_hal.c.obj
 .debug_rnglists
                0x000001c0       0x1a CMakeFiles/recirc_display.dir/C_/Users/vinicius.andrade/Documents/RECIRC_CODE/recirc_display/gpio_app.c.obj
 .debug_rnglists
                0x000001da       0x2c CMakeFiles/recirc_display.dir/C_/Users/vinicius.andrade/Documents/RECIRC_CODE/recirc_display/pin_mux.c.obj
 .debug_rnglists
                0x00000206       0x32 CMakeFiles/recirc_display.dir/C_/Users/vinicius.andrade/Documents/RECIRC_CODE/recirc_display/systick.c.obj
 .debug_rnglists
                0x00000238       0x76 CMakeFiles/recirc_display.dir/C_/Users/vinicius.andrade/Documents/RECIRC_CODE/recirc_display/tm1629a.c.obj
 .debug_rnglists
                0x000002ae       0x20 CMakeFiles/recirc_display.dir/C_/Users/vinicius.andrade/Documents/RECIRC_CODE/sdks/recirc_display_sdk/devices/LPC804/system_LPC804.c.obj
 .debug_rnglists
                0x000002ce       0x75 CMakeFiles/recirc_display.dir/C_/Users/vinicius.andrade/Documents/RECIRC_CODE/sdks/recirc_display_sdk/devices/LPC804/drivers/fsl_clock.c.obj
 .debug_rnglists
                0x00000343       0x26 CMakeFiles/recirc_display.dir/C_/Users/vinicius.andrade/Documents/RECIRC_CODE/sdks/recirc_display_sdk/devices/LPC804/drivers/fsl_gpio.c.obj
 .debug_rnglists
                0x00000369       0xd0 CMakeFiles/recirc_display.dir/C_/Users/vinicius.andrade/Documents/RECIRC_CODE/sdks/recirc_display_sdk/devices/LPC804/drivers/fsl_usart.c.obj
 .debug_rnglists
                0x00000439       0x1f CMakeFiles/recirc_display.dir/C_/Users/vinicius.andrade/Documents/RECIRC_CODE/sdks/recirc_display_sdk/devices/LPC804/drivers/fsl_reset.c.obj
 .debug_rnglists
                0x00000458       0x21 CMakeFiles/recirc_display.dir/C_/Users/vinicius.andrade/Documents/RECIRC_CODE/sdks/recirc_display_sdk/devices/LPC804/drivers/fsl_swm.c.obj
 .debug_rnglists
                0x00000479       0x19 CMakeFiles/recirc_display.dir/C_/Users/vinicius.andrade/Documents/RECIRC_CODE/sdks/recirc_display_sdk/devices/LPC804/utilities/debug_console_lite/fsl_assert.c.obj
 .debug_rnglists
                0x00000492       0x59 CMakeFiles/recirc_display.dir/C_/Users/vinicius.andrade/Documents/RECIRC_CODE/sdks/recirc_display_sdk/devices/LPC804/utilities/debug_console_lite/fsl_debug_console.c.obj
 .debug_rnglists
                0x000004eb       0x45 CMakeFiles/recirc_display.dir/C_/Users/vinicius.andrade/Documents/RECIRC_CODE/sdks/recirc_display_sdk/devices/LPC804/drivers/fsl_capt.c.obj
 .debug_rnglists
                0x00000530       0x92 CMakeFiles/recirc_display.dir/C_/Users/vinicius.andrade/Documents/RECIRC_CODE/sdks/recirc_display_sdk/devices/LPC804/drivers/fsl_ctimer.c.obj

.debug_line     0x00000000     0x5ffb
 .debug_line    0x00000000      0x363 CMakeFiles/recirc_display.dir/C_/Users/vinicius.andrade/Documents/RECIRC_CODE/recirc_display/main.c.obj
 .debug_line    0x00000363      0x416 CMakeFiles/recirc_display.dir/C_/Users/vinicius.andrade/Documents/RECIRC_CODE/recirc_display/capt_config.c.obj
 .debug_line    0x00000779      0x66c CMakeFiles/recirc_display.dir/C_/Users/vinicius.andrade/Documents/RECIRC_CODE/recirc_display/capt_proc.c.obj
 .debug_line    0x00000de5       0x8e CMakeFiles/recirc_display.dir/C_/Users/vinicius.andrade/Documents/RECIRC_CODE/recirc_display/semihost_hardfault.c.obj
 .debug_line    0x00000e73      0x3a8 CMakeFiles/recirc_display.dir/C_/Users/vinicius.andrade/Documents/RECIRC_CODE/recirc_display/buzzer.c.obj
 .debug_line    0x0000121b      0x371 CMakeFiles/recirc_display.dir/C_/Users/vinicius.andrade/Documents/RECIRC_CODE/recirc_display/clock_config.c.obj
 .debug_line    0x0000158c      0x2c7 CMakeFiles/recirc_display.dir/C_/Users/vinicius.andrade/Documents/RECIRC_CODE/recirc_display/display_grace.c.obj
 .debug_line    0x00001853      0x2f6 CMakeFiles/recirc_display.dir/C_/Users/vinicius.andrade/Documents/RECIRC_CODE/recirc_display/display_hal.c.obj
 .debug_line    0x00001b49      0x25f CMakeFiles/recirc_display.dir/C_/Users/vinicius.andrade/Documents/RECIRC_CODE/recirc_display/gpio_app.c.obj
 .debug_line    0x00001da8      0x34f CMakeFiles/recirc_display.dir/C_/Users/vinicius.andrade/Documents/RECIRC_CODE/recirc_display/pin_mux.c.obj
 .debug_line    0x000020f7      0x386 CMakeFiles/recirc_display.dir/C_/Users/vinicius.andrade/Documents/RECIRC_CODE/recirc_display/systick.c.obj
 .debug_line    0x0000247d      0x439 CMakeFiles/recirc_display.dir/C_/Users/vinicius.andrade/Documents/RECIRC_CODE/recirc_display/tm1629a.c.obj
 .debug_line    0x000028b6      0x136 CMakeFiles/recirc_display.dir/C_/Users/vinicius.andrade/Documents/RECIRC_CODE/sdks/recirc_display_sdk/devices/LPC804/gcc/startup_LPC804.S.obj
 .debug_line    0x000029ec      0x2a1 CMakeFiles/recirc_display.dir/C_/Users/vinicius.andrade/Documents/RECIRC_CODE/sdks/recirc_display_sdk/devices/LPC804/system_LPC804.c.obj
 .debug_line    0x00002c8d      0x618 CMakeFiles/recirc_display.dir/C_/Users/vinicius.andrade/Documents/RECIRC_CODE/sdks/recirc_display_sdk/devices/LPC804/drivers/fsl_clock.c.obj
 .debug_line    0x000032a5      0x2eb CMakeFiles/recirc_display.dir/C_/Users/vinicius.andrade/Documents/RECIRC_CODE/sdks/recirc_display_sdk/devices/LPC804/drivers/fsl_gpio.c.obj
 .debug_line    0x00003590      0xd29 CMakeFiles/recirc_display.dir/C_/Users/vinicius.andrade/Documents/RECIRC_CODE/sdks/recirc_display_sdk/devices/LPC804/drivers/fsl_usart.c.obj
 .debug_line    0x000042b9      0x28c CMakeFiles/recirc_display.dir/C_/Users/vinicius.andrade/Documents/RECIRC_CODE/sdks/recirc_display_sdk/devices/LPC804/drivers/fsl_reset.c.obj
 .debug_line    0x00004545      0x2df CMakeFiles/recirc_display.dir/C_/Users/vinicius.andrade/Documents/RECIRC_CODE/sdks/recirc_display_sdk/devices/LPC804/drivers/fsl_swm.c.obj
 .debug_line    0x00004824      0x135 CMakeFiles/recirc_display.dir/C_/Users/vinicius.andrade/Documents/RECIRC_CODE/sdks/recirc_display_sdk/devices/LPC804/utilities/debug_console_lite/fsl_assert.c.obj
 .debug_line    0x00004959      0x7df CMakeFiles/recirc_display.dir/C_/Users/vinicius.andrade/Documents/RECIRC_CODE/sdks/recirc_display_sdk/devices/LPC804/utilities/debug_console_lite/fsl_debug_console.c.obj
 .debug_line    0x00005138      0x545 CMakeFiles/recirc_display.dir/C_/Users/vinicius.andrade/Documents/RECIRC_CODE/sdks/recirc_display_sdk/devices/LPC804/drivers/fsl_capt.c.obj
 .debug_line    0x0000567d      0x93a CMakeFiles/recirc_display.dir/C_/Users/vinicius.andrade/Documents/RECIRC_CODE/sdks/recirc_display_sdk/devices/LPC804/drivers/fsl_ctimer.c.obj
 .debug_line    0x00005fb7       0x44 C:/NXP/MCUXpressoIDE_25.6.136/ide/tools/bin/../lib/gcc/arm-none-eabi/14.2.1/../../../../arm-none-eabi/lib/thumb/v6-m/nofp\libcr_newlib_nohost.a(_exit.o)

.debug_str      0x00000000     0x6a8a
 .debug_str     0x00000000     0x6a8a CMakeFiles/recirc_display.dir/C_/Users/vinicius.andrade/Documents/RECIRC_CODE/recirc_display/main.c.obj
                               0x11de (size before relaxing)
 .debug_str     0x00006a8a      0xc96 CMakeFiles/recirc_display.dir/C_/Users/vinicius.andrade/Documents/RECIRC_CODE/recirc_display/capt_config.c.obj
 .debug_str     0x00006a8a     0x1297 CMakeFiles/recirc_display.dir/C_/Users/vinicius.andrade/Documents/RECIRC_CODE/recirc_display/capt_proc.c.obj
 .debug_str     0x00006a8a      0x180 CMakeFiles/recirc_display.dir/C_/Users/vinicius.andrade/Documents/RECIRC_CODE/recirc_display/semihost_hardfault.c.obj
 .debug_str     0x00006a8a      0xaf0 CMakeFiles/recirc_display.dir/C_/Users/vinicius.andrade/Documents/RECIRC_CODE/recirc_display/buzzer.c.obj
 .debug_str     0x00006a8a      0x983 CMakeFiles/recirc_display.dir/C_/Users/vinicius.andrade/Documents/RECIRC_CODE/recirc_display/clock_config.c.obj
 .debug_str     0x00006a8a      0x5a2 CMakeFiles/recirc_display.dir/C_/Users/vinicius.andrade/Documents/RECIRC_CODE/recirc_display/display_grace.c.obj