Archive member included to satisfy reference by file (symbol)

C:/NXP/MCUXpressoIDE_25.6.136/ide/tools/bin/../lib/gcc/arm-none-eabi/14.2.1/thumb/v6-m/nofp\libgcc.a(_udivsi3.o)
                              CMakeFiles/recirc_display.dir/C_/Users/vinicius.andrade/Documents/RECIRC_CODE/recirc_display/main.c.obj (__aeabi_uidiv)
C:/NXP/MCUXpressoIDE_25.6.136/ide/tools/bin/../lib/gcc/arm-none-eabi/14.2.1/thumb/v6-m/nofp\libgcc.a(_divsi3.o)
                              CMakeFiles/recirc_display.dir/C_/Users/vinicius.andrade/Documents/RECIRC_CODE/recirc_display/capt_proc.c.obj (__aeabi_idiv)
C:/NXP/MCUXpressoIDE_25.6.136/ide/tools/bin/../lib/gcc/arm-none-eabi/14.2.1/thumb/v6-m/nofp\libgcc.a(_dvmd_tls.o)
                              C:/NXP/MCUXpressoIDE_25.6.136/ide/tools/bin/../lib/gcc/arm-none-eabi/14.2.1/thumb/v6-m/nofp\libgcc.a(_udivsi3.o) (__aeabi_idiv0)
C:/NXP/MCUXpressoIDE_25.6.136/ide/tools/bin/../lib/gcc/arm-none-eabi/14.2.1/thumb/v6-m/nofp\libgcc.a(_aeabi_uldivmod.o)
                              CMakeFiles/recirc_display.dir/C_/Users/vinicius.andrade/Documents/RECIRC_CODE/sdks/recirc_display_sdk/devices/LPC804/drivers/fsl_clock.c.obj (__aeabi_uldivmod)
C:/NXP/MCUXpressoIDE_25.6.136/ide/tools/bin/../lib/gcc/arm-none-eabi/14.2.1/thumb/v6-m/nofp\libgcc.a(_muldi3.o)
                              CMakeFiles/recirc_display.dir/C_/Users/vinicius.andrade/Documents/RECIRC_CODE/sdks/recirc_display_sdk/devices/LPC804/drivers/fsl_common_arm.c.obj (__aeabi_lmul)
C:/NXP/MCUXpressoIDE_25.6.136/ide/tools/bin/../lib/gcc/arm-none-eabi/14.2.1/thumb/v6-m/nofp\libgcc.a(_udivmoddi4.o)
                              C:/NXP/MCUXpressoIDE_25.6.136/ide/tools/bin/../lib/gcc/arm-none-eabi/14.2.1/thumb/v6-m/nofp\libgcc.a(_aeabi_uldivmod.o) (__udivmoddi4)
C:/NXP/MCUXpressoIDE_25.6.136/ide/tools/bin/../lib/gcc/arm-none-eabi/14.2.1/thumb/v6-m/nofp\libgcc.a(_clzdi2.o)
                              C:/NXP/MCUXpressoIDE_25.6.136/ide/tools/bin/../lib/gcc/arm-none-eabi/14.2.1/thumb/v6-m/nofp\libgcc.a(_udivmoddi4.o) (__clzdi2)
C:/NXP/MCUXpressoIDE_25.6.136/ide/tools/bin/../lib/gcc/arm-none-eabi/14.2.1/thumb/v6-m/nofp\libgcc.a(_clzsi2.o)
                              C:/NXP/MCUXpressoIDE_25.6.136/ide/tools/bin/../lib/gcc/arm-none-eabi/14.2.1/thumb/v6-m/nofp\libgcc.a(_clzdi2.o) (__clzsi2)
C:/NXP/MCUXpressoIDE_25.6.136/ide/tools/bin/../lib/gcc/arm-none-eabi/14.2.1/thumb/v6-m/nofp\libc_nano.a(libc_a-exit.o)
                              C:/NXP/MCUXpressoIDE_25.6.136/ide/tools/bin/../lib/gcc/arm-none-eabi/14.2.1/thumb/v6-m/nofp/crt0.o (exit)
C:/NXP/MCUXpressoIDE_25.6.136/ide/tools/bin/../lib/gcc/arm-none-eabi/14.2.1/thumb/v6-m/nofp\libc_nano.a(libc_a-malloc.o)
                              CMakeFiles/recirc_display.dir/C_/Users/vinicius.andrade/Documents/RECIRC_CODE/sdks/recirc_display_sdk/devices/LPC804/drivers/fsl_common.c.obj (malloc)
C:/NXP/MCUXpressoIDE_25.6.136/ide/tools/bin/../lib/gcc/arm-none-eabi/14.2.1/thumb/v6-m/nofp\libc_nano.a(libc_a-mallocr.o)
                              C:/NXP/MCUXpressoIDE_25.6.136/ide/tools/bin/../lib/gcc/arm-none-eabi/14.2.1/thumb/v6-m/nofp\libc_nano.a(libc_a-malloc.o) (_malloc_r)
C:/NXP/MCUXpressoIDE_25.6.136/ide/tools/bin/../lib/gcc/arm-none-eabi/14.2.1/thumb/v6-m/nofp\libc_nano.a(libc_a-mlock.o)
                              C:/NXP/MCUXpressoIDE_25.6.136/ide/tools/bin/../lib/gcc/arm-none-eabi/14.2.1/thumb/v6-m/nofp\libc_nano.a(libc_a-mallocr.o) (__malloc_lock)
C:/NXP/MCUXpressoIDE_25.6.136/ide/tools/bin/../lib/gcc/arm-none-eabi/14.2.1/thumb/v6-m/nofp\libc_nano.a(libc_a-strtoul.o)
                              CMakeFiles/recirc_display.dir/C_/Users/vinicius.andrade/Documents/RECIRC_CODE/sdks/recirc_display_sdk/devices/LPC804/utilities/str/fsl_str.c.obj (strtoul)
C:/NXP/MCUXpressoIDE_25.6.136/ide/tools/bin/../lib/gcc/arm-none-eabi/14.2.1/thumb/v6-m/nofp\libc_nano.a(libc_a-ctype_.o)
                              C:/NXP/MCUXpressoIDE_25.6.136/ide/tools/bin/../lib/gcc/arm-none-eabi/14.2.1/thumb/v6-m/nofp\libc_nano.a(libc_a-strtoul.o) (_ctype_)
C:/NXP/MCUXpressoIDE_25.6.136/ide/tools/bin/../lib/gcc/arm-none-eabi/14.2.1/thumb/v6-m/nofp\libc_nano.a(libc_a-findfp.o)
                              C:/NXP/MCUXpressoIDE_25.6.136/ide/tools/bin/../lib/gcc/arm-none-eabi/14.2.1/thumb/v6-m/nofp\libc_nano.a(libc_a-exit.o) (__stdio_exit_handler)
C:/NXP/MCUXpressoIDE_25.6.136/ide/tools/bin/../lib/gcc/arm-none-eabi/14.2.1/thumb/v6-m/nofp\libc_nano.a(libc_a-fwalk.o)
                              C:/NXP/MCUXpressoIDE_25.6.136/ide/tools/bin/../lib/gcc/arm-none-eabi/14.2.1/thumb/v6-m/nofp\libc_nano.a(libc_a-findfp.o) (_fwalk_sglue)
C:/NXP/MCUXpressoIDE_25.6.136/ide/tools/bin/../lib/gcc/arm-none-eabi/14.2.1/thumb/v6-m/nofp\libc_nano.a(libc_a-stdio.o)
                              C:/NXP/MCUXpressoIDE_25.6.136/ide/tools/bin/../lib/gcc/arm-none-eabi/14.2.1/thumb/v6-m/nofp\libc_nano.a(libc_a-findfp.o) (__sread)
C:/NXP/MCUXpressoIDE_25.6.136/ide/tools/bin/../lib/gcc/arm-none-eabi/14.2.1/thumb/v6-m/nofp\libc_nano.a(libc_a-memset.o)
[...]
Memory Configuration

Name             Origin             Length             Attributes
m_interrupts     0x00000000         0x00000200         xr
m_crp            0x000002fc         0x00000004         xr
m_text           0x00000300         0x00007c00         xr
m_data           0x10000000         0x00000fe0         rw
*default*        0x00000000         0xffffffff

Linker script and memory map

LOAD C:/NXP/MCUXpressoIDE_25.6.136/ide/tools/bin/../lib/gcc/arm-none-eabi/14.2.1/thumb/v6-m/nofp/crti.o
LOAD C:/NXP/MCUXpressoIDE_25.6.136/ide/tools/bin/../lib/gcc/arm-none-eabi/14.2.1/thumb/v6-m/nofp/crtbegin.o
LOAD C:/NXP/MCUXpressoIDE_25.6.136/ide/tools/bin/../lib/gcc/arm-none-eabi/14.2.1/thumb/v6-m/nofp/crt0.o
LOAD CMakeFiles/recirc_display.dir/C_/Users/vinicius.andrade/Documents/RECIRC_CODE/recirc_display/main.c.obj
LOAD CMakeFiles/recirc_display.dir/C_/Users/vinicius.andrade/Documents/RECIRC_CODE/recirc_display/capt_config.c.obj
LOAD CMakeFiles/recirc_display.dir/C_/Users/vinicius.andrade/Documents/RECIRC_CODE/recirc_display/capt_proc.c.obj
LOAD CMakeFiles/recirc_display.dir/C_/Users/vinicius.andrade/Documents/RECIRC_CODE/recirc_display/semihost_hardfault.c.obj
LOAD CMakeFiles/recirc_display.dir/C_/Users/vinicius.andrade/Documents/RECIRC_CODE/recirc_display/buzzer.c.obj
LOAD CMakeFiles/recirc_display.dir/C_/Users/vinicius.andrade/Documents/RECIRC_CODE/recirc_display/clock_app.c.obj
LOAD CMakeFiles/recirc_display.dir/C_/Users/vinicius.andrade/Documents/RECIRC_CODE/recirc_display/clock_config.c.obj
LOAD CMakeFiles/recirc_display.dir/C_/Users/vinicius.andrade/Documents/RECIRC_CODE/recirc_display/display_grace.c.obj
LOAD CMakeFiles/recirc_display.dir/C_/Users/vinicius.andrade/Documents/RECIRC_CODE/recirc_display/display_hal.c.obj
LOAD CMakeFiles/recirc_display.dir/C_/Users/vinicius.andrade/Documents/RECIRC_CODE/recirc_display/display_recirculador.c.obj
LOAD CMakeFiles/recirc_display.dir/C_/Users/vinicius.andrade/Documents/RECIRC_CODE/recirc_display/gpio_app.c.obj
LOAD CMakeFiles/recirc_display.dir/C_/Users/vinicius.andrade/Documents/RECIRC_CODE/recirc_display/i2c_app.c.obj
LOAD CMakeFiles/recirc_display.dir/C_/Users/vinicius.andrade/Documents/RECIRC_CODE/recirc_display/pin_mux.c.obj
LOAD CMakeFiles/recirc_display.dir/C_/Users/vinicius.andrade/Documents/RECIRC_CODE/recirc_display/systick.c.obj
LOAD CMakeFiles/recirc_display.dir/C_/Users/vinicius.andrade/Documents/RECIRC_CODE/recirc_display/tm1629a.c.obj
LOAD CMakeFiles/recirc_display.dir/C_/Users/vinicius.andrade/Documents/RECIRC_CODE/sdks/recirc_display_sdk/components/uart/fsl_adapter_miniusart.c.obj
LOAD CMakeFiles/recirc_display.dir/C_/Users/vinicius.andrade/Documents/RECIRC_CODE/sdks/recirc_display_sdk/devices/LPC804/gcc/startup_LPC804.S.obj
LOAD CMakeFiles/recirc_display.dir/C_/Users/vinicius.andrade/Documents/RECIRC_CODE/sdks/recirc_display_sdk/devices/LPC804/system_LPC804.c.obj
LOAD CMakeFiles/recirc_display.dir/C_/Users/vinicius.andrade/Documents/RECIRC_CODE/sdks/recirc_display_sdk/devices/LPC804/drivers/fsl_clock.c.obj
LOAD CMakeFiles/recirc_display.dir/C_/Users/vinicius.andrade/Documents/RECIRC_CODE/sdks/recirc_display_sdk/devices/LPC804/drivers/fsl_common.c.obj
LOAD CMakeFiles/recirc_display.dir/C_/Users/vinicius.andrade/Documents/RECIRC_CODE/sdks/recirc_display_sdk/devices/LPC804/drivers/fsl_common_arm.c.obj
LOAD CMakeFiles/recirc_display.dir/C_/Users/vinicius.andrade/Documents/RECIRC_CODE/sdks/recirc_display_sdk/devices/LPC804/drivers/fsl_gpio.c.obj
LOAD CMakeFiles/recirc_display.dir/C_/Users/vinicius.andrade/Documents/RECIRC_CODE/sdks/recirc_display_sdk/devices/LPC804/drivers/fsl_usart.c.obj
LOAD CMakeFiles/recirc_display.dir/C_/Users/vinicius.andrade/Documents/RECIRC_CODE/sdks/recirc_display_sdk/devices/LPC804/drivers/fsl_power.c.obj
LOAD CMakeFiles/recirc_display.dir/C_/Users/vinicius.andrade/Documents/RECIRC_CODE/sdks/recirc_display_sdk/devices/LPC804/drivers/fsl_reset.c.obj
LOAD CMakeFiles/recirc_display.dir/C_/Users/vinicius.andrade/Documents/RECIRC_CODE/sdks/recirc_display_sdk/devices/LPC804/drivers/fsl_swm.c.obj
LOAD CMakeFiles/recirc_display.dir/C_/Users/vinicius.andrade/Documents/RECIRC_CODE/sdks/recirc_display_sdk/devices/LPC804/drivers/fsl_syscon.c.obj
LOAD CMakeFiles/recirc_display.dir/C_/Users/vinicius.andrade/Documents/RECIRC_CODE/sdks/recirc_display_sdk/devices/LPC804/utilities/fsl_syscall_stub.c.obj
LOAD CMakeFiles/recirc_display.dir/C_/Users/vinicius.andrade/Documents/RECIRC_CODE/sdks/recirc_display_sdk/devices/LPC804/utilities/fsl_sbrk.c.obj
LOAD CMakeFiles/recirc_display.dir/C_/Users/vinicius.andrade/Documents/RECIRC_CODE/sdks/recirc_display_sdk/devices/LPC804/utilities/debug_console_lite/fsl_assert.c.obj
LOAD CMakeFiles/recirc_display.dir/C_/Users/vinicius.andrade/Documents/RECIRC_CODE/sdks/recirc_display_sdk/devices/LPC804/utilities/debug_console_lite/fsl_debug_console.c.obj
LOAD CMakeFiles/recirc_display.dir/C_/Users/vinicius.andrade/Documents/RECIRC_CODE/sdks/recirc_display_sdk/devices/LPC804/utilities/str/fsl_str.c.obj
LOAD CMakeFiles/recirc_display.dir/C_/Users/vinicius.andrade/Documents/RECIRC_CODE/sdks/recirc_display_sdk/devices/LPC804/drivers/fsl_capt.c.obj
LOAD CMakeFiles/recirc_display.dir/C_/Users/vinicius.andrade/Documents/RECIRC_CODE/sdks/recirc_display_sdk/devices/LPC804/drivers/fsl_ctimer.c.obj
START GROUP
LOAD C:/NXP/MCUXpressoIDE_25.6.136/ide/tools/bin/../lib/gcc/arm-none-eabi/14.2.1/thumb/v6-m/nofp\libgcc.a
LOAD C:/NXP/MCUXpressoIDE_25.6.136/ide/tools/bin/../lib/gcc/arm-none-eabi/14.2.1/thumb/v6-m/nofp\libc_nano.a
LOAD C:/NXP/MCUXpressoIDE_25.6.136/ide/tools/bin/../lib/gcc/arm-none-eabi/14.2.1/thumb/v6-m/nofp\libm.a
LOAD C:/NXP/MCUXpressoIDE_25.6.136/ide/tools/bin/../lib/gcc/arm-none-eabi/14.2.1/../../../../arm-none-eabi/lib/thumb/v6-m/nofp\libcr_newlib_nohost.a
END GROUP
START GROUP
LOAD C:/NXP/MCUXpressoIDE_25.6.136/ide/tools/bin/../lib/gcc/arm-none-eabi/14.2.1/thumb/v6-m/nofp\libgcc.a
LOAD C:/NXP/MCUXpressoIDE_25.6.136/ide/tools/bin/../lib/gcc/arm-none-eabi/14.2.1/thumb/v6-m/nofp\libg_nano.a
LOAD C:/NXP/MCUXpressoIDE_25.6.136/ide/tools/bin/../lib/gcc/arm-none-eabi/14.2.1/thumb/v6-m/nofp\libc_nano.a
END GROUP
START GROUP
LOAD C:/NXP/MCUXpressoIDE_25.6.136/ide/tools/bin/../lib/gcc/arm-none-eabi/14.2.1/thumb/v6-m/nofp\libgcc.a
LOAD C:/NXP/MCUXpressoIDE_25.6.136/ide/tools/bin/../lib/gcc/arm-none-eabi/14.2.1/thumb/v6-m/nofp\libc_nano.a
LOAD C:/NXP/MCUXpressoIDE_25.6.136/ide/tools/bin/../lib/gcc/arm-none-eabi/14.2.1/thumb/v6-m/nofp\libnosys.a
END GROUP
START GROUP
LOAD C:/NXP/MCUXpressoIDE_25.6.136/ide/tools/bin/../lib/gcc/arm-none-eabi/14.2.1/thumb/v6-m/nofp\libgcc.a
LOAD C:/NXP/MCUXpressoIDE_25.6.136/ide/tools/bin/../lib/gcc/arm-none-eabi/14.2.1/thumb/v6-m/nofp\libc_nano.a
LOAD C:/NXP/MCUXpressoIDE_25.6.136/ide/tools/bin/../lib/gcc/arm-none-eabi/14.2.1/thumb/v6-m/nofp\libnosys.a
END GROUP
LOAD C:/NXP/MCUXpressoIDE_25.6.136/ide/tools/bin/../lib/gcc/arm-none-eabi/14.2.1/thumb/v6-m/nofp/crtend.o
LOAD C:/NXP/MCUXpressoIDE_25.6.136/ide/tools/bin/../lib/gcc/arm-none-eabi/14.2.1/thumb/v6-m/nofp/crtn.o
                0x00000040                        HEAP_SIZE = DEFINED (__heap_size__)?__heap_size__:0x40
                0x00000040                        STACK_SIZE = DEFINED (__stack_size__)?__stack_size__:0x40
                0xefffd519                        __valid_user_code_checksum = (0x0 - ((((__StackTop + Reset_Handler) + NMI_Handler) + HardFault_Handler) + 0x3))

.interrupts     0x00000000       0xc0
                0x00000000                        . = ALIGN (0x4)
 *(.isr_vector)
 .isr_vector    0x00000000       0xc0 CMakeFiles/recirc_display.dir/C_/Users/vinicius.andrade/Documents/RECIRC_CODE/sdks/recirc_display_sdk/devices/LPC804/gcc/startup_LPC804.S.obj
                0x00000000                __Vectors
                0x000000c0                        . = ALIGN (0x4)

.crp            0x000002fc        0x4
                0x000002fc                        . = ALIGN (0x4)
 *(.crp)
 .crp           0x000002fc        0x4 CMakeFiles/recirc_display.dir/C_/Users/vinicius.andrade/Documents/RECIRC_CODE/sdks/recirc_display_sdk/devices/LPC804/gcc/startup_LPC804.S.obj
                0x00000300                        . = ALIGN (0x4)

.text           0x00000300     0x3888
                0x00000300                        . = ALIGN (0x4)
 *(.text)
 .text          0x00000300       0x80 C:/NXP/MCUXpressoIDE_25.6.136/ide/tools/bin/../lib/gcc/arm-none-eabi/14.2.1/thumb/v6-m/nofp/crt0.o
                0x00000300                _stack_init
                0x0000030c                _start
                0x0000030c                _mainCRTStartup
 .text          0x00000380      0x17c CMakeFiles/recirc_display.dir/C_/Users/vinicius.andrade/Documents/RECIRC_CODE/sdks/recirc_display_sdk/devices/LPC804/gcc/startup_LPC804.S.obj
                0x00000380                Reset_Handler
                0x000003cc                Reserved21_DriverIRQHandler
                0x000003cc                Reserved37_DriverIRQHandler
                0x000003cc                SPI0_DriverIRQHandler
                0x000003cc                I2C1_DriverIRQHandler
                0x000003cc                BOD_DriverIRQHandler
                0x000003cc                ADC_SEQA_DriverIRQHandler
                0x000003cc                Reserved25_DriverIRQHandler
                0x000003cc                PIN_INT3_DriverIRQHandler
                0x000003cc                PIN_INT2_DriverIRQHandler
                0x000003cc                PIN_INT1_DriverIRQHandler
                0x000003cc                WDT_DriverIRQHandler
                0x000003cc                Reserved36_DriverIRQHandler
                0x000003cc                ADC_SEQB_DriverIRQHandler
                0x000003cc                PIN_INT0_DriverIRQHandler
                0x000003cc                Reserved17_DriverIRQHandler
                0x000003cc                PIN_INT6_DriverIRQHandler
                0x000003cc                DefaultISR
                0x000003cc                FLASH_DriverIRQHandler
                0x000003cc                ADC_OVR_DriverIRQHandler
                0x000003cc                WKT_DriverIRQHandler
                0x000003cc                DAC0_DriverIRQHandler
                0x000003cc                MRT0_DriverIRQHandler
                0x000003cc                PIN_INT4_DriverIRQHandler
                0x000003cc                PIN_INT5_DriverIRQHandler
                0x000003cc                I2C0_DriverIRQHandler
                0x000003cc                Reserved38_DriverIRQHandler
                0x000003cc                Reserved22_DriverIRQHandler
                0x000003cc                PIN_INT7_DriverIRQHandler
                0x000003cc                ADC_THCMP_DriverIRQHandler
                0x000003d0                NMI_Handler
                0x000003d8                SVC_Handler
                0x000003dc                PendSV_Handler
                0x000003e4                SPI0_IRQHandler
                0x000003e8                Reserved17_IRQHandler
                0x000003ec                DAC0_IRQHandler
                0x000003f0                USART0_IRQHandler
                0x000003f4                USART1_IRQHandler
                0x000003f8                Reserved21_IRQHandler
                0x000003fc                Reserved22_IRQHandler
                0x00000400                I2C1_IRQHandler
                0x00000404                I2C0_IRQHandler
                0x00000408                Reserved25_IRQHandler
                0x0000040c                MRT0_IRQHandler
                0x00000410                CMP_CAPT_IRQHandler
                0x00000414                WDT_IRQHandler
                0x00000418                BOD_IRQHandler
                0x0000041c                FLASH_IRQHandler
                0x00000420                WKT_IRQHandler
                0x00000424                ADC_SEQA_IRQHandler
                0x00000428                ADC_SEQB_IRQHandler
                0x0000042c                ADC_THCMP_IRQHandler
                0x00000430                ADC_OVR_IRQHandler
                0x00000434                Reserved36_IRQHandler
                0x00000438                Reserved37_IRQHandler
                0x0000043c                Reserved38_IRQHandler
                0x00000440                CTIMER0_IRQHandler
                0x00000444                PIN_INT0_IRQHandler
                0x00000448                PIN_INT1_IRQHandler
                0x0000044c                PIN_INT2_IRQHandler
                0x00000450                PIN_INT3_IRQHandler
                0x00000454                PIN_INT4_IRQHandler
                0x00000458                PIN_INT5_IRQHandler
                0x0000045c                PIN_INT6_IRQHandler
                0x00000460                PIN_INT7_IRQHandler
 .text          0x000004fc      0x114 C:/NXP/MCUXpressoIDE_25.6.136/ide/tools/bin/../lib/gcc/arm-none-eabi/14.2.1/thumb/v6-m/nofp\libgcc.a(_udivsi3.o)
                0x000004fc                __aeabi_uidiv
                0x000004fc                __udivsi3
                0x00000608                __aeabi_uidivmod
 .text          0x00000610      0x1d4 C:/NXP/MCUXpressoIDE_25.6.136/ide/tools/bin/../lib/gcc/arm-none-eabi/14.2.1/thumb/v6-m/nofp\libgcc.a(_divsi3.o)
                0x00000610                __divsi3
                0x00000610                __aeabi_idiv
                0x000007dc                __aeabi_idivmod
 .text          0x000007e4        0x4 C:/NXP/MCUXpressoIDE_25.6.136/ide/tools/bin/../lib/gcc/arm-none-eabi/14.2.1/thumb/v6-m/nofp\libgcc.a(_dvmd_tls.o)
                0x000007e4                __aeabi_idiv0
                0x000007e4                __aeabi_ldiv0
 .text          0x000007e8       0x40 C:/NXP/MCUXpressoIDE_25.6.136/ide/tools/bin/../lib/gcc/arm-none-eabi/14.2.1/thumb/v6-m/nofp\libgcc.a(_aeabi_uldivmod.o)
                0x000007e8                __aeabi_uldivmod
 .text          0x00000828       0x18 C:/NXP/MCUXpressoIDE_25.6.136/ide/tools/bin/../lib/gcc/arm-none-eabi/14.2.1/thumb/v6-m/nofp\libgcc.a(_clzdi2.o)
                0x00000828                __clzdi2
 .text          0x00000840       0x3c C:/NXP/MCUXpressoIDE_25.6.136/ide/tools/bin/../lib/gcc/arm-none-eabi/14.2.1/thumb/v6-m/nofp\libgcc.a(_clzsi2.o)
                0x00000840                __clzsi2
 .text          0x0000087c        0xe C:/NXP/MCUXpressoIDE_25.6.136/ide/tools/bin/../lib/gcc/arm-none-eabi/14.2.1/thumb/v6-m/nofp\libc_nano.a(libc_a-strlen.o)
                0x0000087c                strlen
 *(.text*)
 *fill*         0x0000088a        0x2 
 .text.deregister_tm_clones
                0x0000088c       0x20 C:/NXP/MCUXpressoIDE_25.6.136/ide/tools/bin/../lib/gcc/arm-none-eabi/14.2.1/thumb/v6-m/nofp/crtbegin.o
 .text.register_tm_clones
                0x000008ac       0x28 C:/NXP/MCUXpressoIDE_25.6.136/ide/tools/bin/../lib/gcc/arm-none-eabi/14.2.1/thumb/v6-m/nofp/crtbegin.o
 .text.__do_global_dtors_aux
                0x000008d4       0x2c C:/NXP/MCUXpressoIDE_25.6.136/ide/tools/bin/../lib/gcc/arm-none-eabi/14.2.1/thumb/v6-m/nofp/crtbegin.o
 .text.frame_dummy
                0x00000900       0x24 C:/NXP/MCUXpressoIDE_25.6.136/ide/tools/bin/../lib/gcc/arm-none-eabi/14.2.1/thumb/v6-m/nofp/crtbegin.o
 .text.leds_all_on
                0x00000924       0x2a CMakeFiles/recirc_display.dir/C_/Users/vinicius.andrade/Documents/RECIRC_CODE/recirc_display/main.c.obj
 .text.leds_all_off
                0x0000094e       0x2a CMakeFiles/recirc_display.dir/C_/Users/vinicius.andrade/Documents/RECIRC_CODE/recirc_display/main.c.obj
 .text.main     0x00000978      0x288 CMakeFiles/recirc_display.dir/C_/Users/vinicius.andrade/Documents/RECIRC_CODE/recirc_display/main.c.obj
                0x00000978                main
 .text.__NVIC_EnableIRQ
                0x00000c00       0x34 CMakeFiles/recirc_display.dir/C_/Users/vinicius.andrade/Documents/RECIRC_CODE/recirc_display/capt_config.c.obj
 .text.EnableIRQ
                0x00000c34       0x36 CMakeFiles/recirc_display.dir/C_/Users/vinicius.andrade/Documents/RECIRC_CODE/recirc_display/capt_config.c.obj
 .text.CAPT_EnableInterrupts
                0x00000c6a       0x18 CMakeFiles/recirc_display.dir/C_/Users/vinicius.andrade/Documents/RECIRC_CODE/recirc_display/capt_config.c.obj
 *fill*         0x00000c82        0x2 
 .text.capt_init
                0x00000c84       0x74 CMakeFiles/recirc_display.dir/C_/Users/vinicius.andrade/Documents/RECIRC_CODE/recirc_display/capt_config.c.obj
                0x00000c84                capt_init
 .text.CAPT_GetInterruptStatusFlags
                0x00000cf8       0x14 CMakeFiles/recirc_display.dir/C_/Users/vinicius.andrade/Documents/RECIRC_CODE/recirc_display/capt_proc.c.obj
 .text.CAPT_ClearInterruptStatusFlags
                0x00000d0c       0x18 CMakeFiles/recirc_display.dir/C_/Users/vinicius.andrade/Documents/RECIRC_CODE/recirc_display/capt_proc.c.obj
 .text.CMP_CAPT_DriverIRQHandler
                0x00000d24       0x64 CMakeFiles/recirc_display.dir/C_/Users/vinicius.andrade/Documents/RECIRC_CODE/recirc_display/capt_proc.c.obj
                0x00000d24                CMP_CAPT_DriverIRQHandler
 .text.touch_proc_init
                0x00000d88       0x2c CMakeFiles/recirc_display.dir/C_/Users/vinicius.andrade/Documents/RECIRC_CODE/recirc_display/capt_proc.c.obj
                0x00000d88                touch_proc_init
 .text.capt_poll_channel
                0x00000db4       0x30 CMakeFiles/recirc_display.dir/C_/Users/vinicius.andrade/Documents/RECIRC_CODE/recirc_display/capt_proc.c.obj
 .text.capt_get_sample
                0x00000de4       0x90 CMakeFiles/recirc_display.dir/C_/Users/vinicius.andrade/Documents/RECIRC_CODE/recirc_display/capt_proc.c.obj
                0x00000de4                capt_get_sample
 .text.touch_proc_push_sample
                0x00000e74      0x198 CMakeFiles/recirc_display.dir/C_/Users/vinicius.andrade/Documents/RECIRC_CODE/recirc_display/capt_proc.c.obj
                0x00000e74                touch_proc_push_sample
 .text.touch_proc_get_detect_avg
                0x0000100c       0x2e CMakeFiles/recirc_display.dir/C_/Users/vinicius.andrade/Documents/RECIRC_CODE/recirc_display/capt_proc.c.obj
 .text.touch_proc_get_baseline_avg
                0x0000103a       0x2a CMakeFiles/recirc_display.dir/C_/Users/vinicius.andrade/Documents/RECIRC_CODE/recirc_display/capt_proc.c.obj
 .text.touch_proc_update_baseline
                0x00001064       0x50 CMakeFiles/recirc_display.dir/C_/Users/vinicius.andrade/Documents/RECIRC_CODE/recirc_display/capt_proc.c.obj
                0x00001064                touch_proc_update_baseline
 .text.touch_proc_update_detect
                0x000010b4       0x50 CMakeFiles/recirc_display.dir/C_/Users/vinicius.andrade/Documents/RECIRC_CODE/recirc_display/capt_proc.c.obj
 .text.touch_proc_compute_fast_delta
                0x00001104       0x6e CMakeFiles/recirc_display.dir/C_/Users/vinicius.andrade/Documents/RECIRC_CODE/recirc_display/capt_proc.c.obj
                0x00001104                touch_proc_compute_fast_delta
 .text.touch_detect_key
                0x00001172       0xc2 CMakeFiles/recirc_display.dir/C_/Users/vinicius.andrade/Documents/RECIRC_CODE/recirc_display/capt_proc.c.obj
                0x00001172                touch_detect_key
 .text.touch_proc_is_stable
                0x00001234       0xbc CMakeFiles/recirc_display.dir/C_/Users/vinicius.andrade/Documents/RECIRC_CODE/recirc_display/capt_proc.c.obj
                0x00001234                touch_proc_is_stable
 .text.key_debounce_init
                0x000012f0       0x22 CMakeFiles/recirc_display.dir/C_/Users/vinicius.andrade/Documents/RECIRC_CODE/recirc_display/capt_proc.c.obj
                0x000012f0                key_debounce_init
 .text.key_debounce_step
                0x00001312       0xa0 CMakeFiles/recirc_display.dir/C_/Users/vinicius.andrade/Documents/RECIRC_CODE/recirc_display/capt_proc.c.obj
                0x00001312                key_debounce_step
 *fill*         0x000013b2        0x2 
 .text.HardFault_Handler
                0x000013b4       0x38 CMakeFiles/recirc_display.dir/C_/Users/vinicius.andrade/Documents/RECIRC_CODE/recirc_display/semihost_hardfault.c.obj
                0x000013b4                HardFault_Handler
 .text.CLOCK_EnableClock
                0x000013ec       0x54 CMakeFiles/recirc_display.dir/C_/Users/vinicius.andrade/Documents/RECIRC_CODE/recirc_display/buzzer.c.obj
 .text.CTIMER_StopTimer
                0x00001440       0x1e CMakeFiles/recirc_display.dir/C_/Users/vinicius.andrade/Documents/RECIRC_CODE/recirc_display/buzzer.c.obj
 *fill*         0x0000145e        0x2 
 .text.buzzer_init
                0x00001460       0x3c CMakeFiles/recirc_display.dir/C_/Users/vinicius.andrade/Documents/RECIRC_CODE/recirc_display/buzzer.c.obj
                0x00001460                buzzer_init
 .text.CLOCK_Select
                0x0000149c       0x38 CMakeFiles/recirc_display.dir/C_/Users/vinicius.andrade/Documents/RECIRC_CODE/recirc_display/clock_config.c.obj
 .text.CLOCK_SetCoreSysClkDiv
                0x000014d4       0x4c CMakeFiles/recirc_display.dir/C_/Users/vinicius.andrade/Documents/RECIRC_CODE/recirc_display/clock_config.c.obj
 .text.POWER_DisablePD
                0x00001520       0x2c CMakeFiles/recirc_display.dir/C_/Users/vinicius.andrade/Documents/RECIRC_CODE/recirc_display/clock_config.c.obj
 .text.BOARD_InitBootClocks
                0x0000154c        0xe CMakeFiles/recirc_display.dir/C_/Users/vinicius.andrade/Documents/RECIRC_CODE/recirc_display/clock_config.c.obj
                0x0000154c                BOARD_InitBootClocks
 *fill*         0x0000155a        0x2 
 .text.BOARD_BootClockRUN
                0x0000155c       0x7c CMakeFiles/recirc_display.dir/C_/Users/vinicius.andrade/Documents/RECIRC_CODE/recirc_display/clock_config.c.obj
                0x0000155c                BOARD_BootClockRUN
 .text.grace_digit_set
                0x000015d8       0x58 CMakeFiles/recirc_display.dir/C_/Users/vinicius.andrade/Documents/RECIRC_CODE/recirc_display/display_grace.c.obj
                0x000015d8                grace_digit_set
 .text.GPIO_PortSet
                0x00001630       0x26 CMakeFiles/recirc_display.dir/C_/Users/vinicius.andrade/Documents/RECIRC_CODE/recirc_display/display_hal.c.obj
 .text.GPIO_PortClear
                0x00001656       0x26 CMakeFiles/recirc_display.dir/C_/Users/vinicius.andrade/Documents/RECIRC_CODE/recirc_display/display_hal.c.obj
 .text.hal_clk_rise
                0x0000167c       0x1a CMakeFiles/recirc_display.dir/C_/Users/vinicius.andrade/Documents/RECIRC_CODE/recirc_display/display_hal.c.obj
 .text.hal_clk_down
                0x00001696       0x1a CMakeFiles/recirc_display.dir/C_/Users/vinicius.andrade/Documents/RECIRC_CODE/recirc_display/display_hal.c.obj
 .text.hal_data_set
                0x000016b0       0x1a CMakeFiles/recirc_display.dir/C_/Users/vinicius.andrade/Documents/RECIRC_CODE/recirc_display/display_hal.c.obj
 .text.hal_data_clr
                0x000016ca       0x1a CMakeFiles/recirc_display.dir/C_/Users/vinicius.andrade/Documents/RECIRC_CODE/recirc_display/display_hal.c.obj
 .text.hal_stb_set
                0x000016e4       0x1a CMakeFiles/recirc_display.dir/C_/Users/vinicius.andrade/Documents/RECIRC_CODE/recirc_display/display_hal.c.obj
 .text.hal_stb_clr
                0x000016fe       0x1a CMakeFiles/recirc_display.dir/C_/Users/vinicius.andrade/Documents/RECIRC_CODE/recirc_display/display_hal.c.obj
 .text.display_hal_init
                0x00001718       0x1c CMakeFiles/recirc_display.dir/C_/Users/vinicius.andrade/Documents/RECIRC_CODE/recirc_display/display_hal.c.obj
                0x00001718                display_hal_init
 .text.GPIO_PinWrite
                0x00001734       0x30 CMakeFiles/recirc_display.dir/C_/Users/vinicius.andrade/Documents/RECIRC_CODE/recirc_display/gpio_app.c.obj
 .text.led_ctrl
                0x00001764       0x80 CMakeFiles/recirc_display.dir/C_/Users/vinicius.andrade/Documents/RECIRC_CODE/recirc_display/gpio_app.c.obj
                0x00001764                led_ctrl
 .text.CLOCK_EnableClock
                0x000017e4       0x54 CMakeFiles/recirc_display.dir/C_/Users/vinicius.andrade/Documents/RECIRC_CODE/recirc_display/pin_mux.c.obj
 .text.CLOCK_DisableClock
                0x00001838       0x58 CMakeFiles/recirc_display.dir/C_/Users/vinicius.andrade/Documents/RECIRC_CODE/recirc_display/pin_mux.c.obj
 .text.IOCON_PinMuxSet
                0x00001890       0x26 CMakeFiles/recirc_display.dir/C_/Users/vinicius.andrade/Documents/RECIRC_CODE/recirc_display/pin_mux.c.obj
 .text.BOARD_InitBootPins
                0x000018b6        0xe CMakeFiles/recirc_display.dir/C_/Users/vinicius.andrade/Documents/RECIRC_CODE/recirc_display/pin_mux.c.obj
                0x000018b6                BOARD_InitBootPins
 .text.BOARD_InitPins
                0x000018c4      0x23c CMakeFiles/recirc_display.dir/C_/Users/vinicius.andrade/Documents/RECIRC_CODE/recirc_display/pin_mux.c.obj
                0x000018c4                BOARD_InitPins
 .text.__NVIC_SetPriority
                0x00001b00       0xdc CMakeFiles/recirc_display.dir/C_/Users/vinicius.andrade/Documents/RECIRC_CODE/recirc_display/systick.c.obj
 .text.SysTick_Config
                0x00001bdc       0x48 CMakeFiles/recirc_display.dir/C_/Users/vinicius.andrade/Documents/RECIRC_CODE/recirc_display/systick.c.obj
 .text.SysTick_Handler
                0x00001c24       0x18 CMakeFiles/recirc_display.dir/C_/Users/vinicius.andrade/Documents/RECIRC_CODE/recirc_display/systick.c.obj
                0x00001c24                SysTick_Handler
 .text.systick_init
                0x00001c3c       0x28 CMakeFiles/recirc_display.dir/C_/Users/vinicius.andrade/Documents/RECIRC_CODE/recirc_display/systick.c.obj
                0x00001c3c                systick_init
 .text.tm1629a_register_hal_driver
                0x00001c64       0x60 CMakeFiles/recirc_display.dir/C_/Users/vinicius.andrade/Documents/RECIRC_CODE/recirc_display/tm1629a.c.obj
                0x00001c64                tm1629a_register_hal_driver
 .text.delay_ns
                0x00001cc4       0x38 CMakeFiles/recirc_display.dir/C_/Users/vinicius.andrade/Documents/RECIRC_CODE/recirc_display/tm1629a.c.obj
 .text.write_byte
                0x00001cfc       0x84 CMakeFiles/recirc_display.dir/C_/Users/vinicius.andrade/Documents/RECIRC_CODE/recirc_display/tm1629a.c.obj
 .text.start    0x00001d80       0x1c CMakeFiles/recirc_display.dir/C_/Users/vinicius.andrade/Documents/RECIRC_CODE/recirc_display/tm1629a.c.obj
 .text.end      0x00001d9c       0x1c CMakeFiles/recirc_display.dir/C_/Users/vinicius.andrade/Documents/RECIRC_CODE/recirc_display/tm1629a.c.obj
 .text.set_addr
                0x00001db8       0x2c CMakeFiles/recirc_display.dir/C_/Users/vinicius.andrade/Documents/RECIRC_CODE/recirc_display/tm1629a.c.obj
 .text.set_mode
                0x00001de4       0x32 CMakeFiles/recirc_display.dir/C_/Users/vinicius.andrade/Documents/RECIRC_CODE/recirc_display/tm1629a.c.obj
 .text.display_ctrl
                0x00001e16       0x34 CMakeFiles/recirc_display.dir/C_/Users/vinicius.andrade/Documents/RECIRC_CODE/recirc_display/tm1629a.c.obj
 .text.display_data
                0x00001e4a       0x1e CMakeFiles/recirc_display.dir/C_/Users/vinicius.andrade/Documents/RECIRC_CODE/recirc_display/tm1629a.c.obj
 .text.tm1629a_display_refresh
                0x00001e68       0x50 CMakeFiles/recirc_display.dir/C_/Users/vinicius.andrade/Documents/RECIRC_CODE/recirc_display/tm1629a.c.obj
                0x00001e68                tm1629a_display_refresh
 .text.tm1629a_buffer_clean
                0x00001eb8       0x38 CMakeFiles/recirc_display.dir/C_/Users/vinicius.andrade/Documents/RECIRC_CODE/recirc_display/tm1629a.c.obj
                0x00001eb8                tm1629a_buffer_clean
 .text.tm1629a_buffer_update_masked
                0x00001ef0       0x70 CMakeFiles/recirc_display.dir/C_/Users/vinicius.andrade/Documents/RECIRC_CODE/recirc_display/tm1629a.c.obj
                0x00001ef0                tm1629a_buffer_update_masked
 .text.tm1629a_brightness
                0x00001f60       0x56 CMakeFiles/recirc_display.dir/C_/Users/vinicius.andrade/Documents/RECIRC_CODE/recirc_display/tm1629a.c.obj
                0x00001f60                tm1629a_brightness
 *fill*         0x00001fb6        0x2 
 .text.tm1629a_init
                0x00001fb8       0x6c CMakeFiles/recirc_display.dir/C_/Users/vinicius.andrade/Documents/RECIRC_CODE/recirc_display/tm1629a.c.obj
                0x00001fb8                tm1629a_init
 .text.SystemInit
                0x00002024       0x2c CMakeFiles/recirc_display.dir/C_/Users/vinicius.andrade/Documents/RECIRC_CODE/sdks/recirc_display_sdk/devices/LPC804/system_LPC804.c.obj
                0x00002024                SystemInit
 .text.SystemCoreClockUpdate
                0x00002050       0x84 CMakeFiles/recirc_display.dir/C_/Users/vinicius.andrade/Documents/RECIRC_CODE/sdks/recirc_display_sdk/devices/LPC804/system_LPC804.c.obj
                0x00002050                SystemCoreClockUpdate
 .text.SystemInitHook
                0x000020d4        0xa CMakeFiles/recirc_display.dir/C_/Users/vinicius.andrade/Documents/RECIRC_CODE/sdks/recirc_display_sdk/devices/LPC804/system_LPC804.c.obj
                0x000020d4                SystemInitHook
 *fill*         0x000020de        0x2 
 .text.CLOCK_GetLPOscFreq
                0x000020e0       0x14 CMakeFiles/recirc_display.dir/C_/Users/vinicius.andrade/Documents/RECIRC_CODE/sdks/recirc_display_sdk/devices/LPC804/drivers/fsl_clock.c.obj
 .text.CLOCK_GetExtClkFreq
                0x000020f4       0x14 CMakeFiles/recirc_display.dir/C_/Users/vinicius.andrade/Documents/RECIRC_CODE/sdks/recirc_display_sdk/devices/LPC804/drivers/fsl_clock.c.obj
 .text.CLOCK_GetFRGInputClkFreq
                0x00002108       0x42 CMakeFiles/recirc_display.dir/C_/Users/vinicius.andrade/Documents/RECIRC_CODE/sdks/recirc_display_sdk/devices/LPC804/drivers/fsl_clock.c.obj
 *fill*         0x0000214a        0x2 
 .text.CLOCK_SetFRGClkFreq
                0x0000214c       0xac CMakeFiles/recirc_display.dir/C_/Users/vinicius.andrade/Documents/RECIRC_CODE/sdks/recirc_display_sdk/devices/LPC804/drivers/fsl_clock.c.obj
 .text.CLOCK_UpdateClkSrc
                0x000021f8       0x58 CMakeFiles/recirc_display.dir/C_/Users/vinicius.andrade/Documents/RECIRC_CODE/sdks/recirc_display_sdk/devices/LPC804/drivers/fsl_clock.c.obj
 .text.CLOCK_SetFRG0ClkFreq
                0x00002250       0x24 CMakeFiles/recirc_display.dir/C_/Users/vinicius.andrade/Documents/RECIRC_CODE/sdks/recirc_display_sdk/devices/LPC804/drivers/fsl_clock.c.obj
                0x00002250                CLOCK_SetFRG0ClkFreq
 .text.CLOCK_GetMainClkFreq
                0x00002274       0x74 CMakeFiles/recirc_display.dir/C_/Users/vinicius.andrade/Documents/RECIRC_CODE/sdks/recirc_display_sdk/devices/LPC804/drivers/fsl_clock.c.obj
                0x00002274                CLOCK_GetMainClkFreq
 .text.CLOCK_GetFroFreq
                0x000022e8       0x14 CMakeFiles/recirc_display.dir/C_/Users/vinicius.andrade/Documents/RECIRC_CODE/sdks/recirc_display_sdk/devices/LPC804/drivers/fsl_clock.c.obj
                0x000022e8                CLOCK_GetFroFreq
 .text.CLOCK_SetMainClkSrc
                0x000022fc       0x4c CMakeFiles/recirc_display.dir/C_/Users/vinicius.andrade/Documents/RECIRC_CODE/sdks/recirc_display_sdk/devices/LPC804/drivers/fsl_clock.c.obj
                0x000022fc                CLOCK_SetMainClkSrc
 .text.CLOCK_SetFroOscFreq
                0x00002348       0x44 CMakeFiles/recirc_display.dir/C_/Users/vinicius.andrade/Documents/RECIRC_CODE/sdks/recirc_display_sdk/devices/LPC804/drivers/fsl_clock.c.obj
                0x00002348                CLOCK_SetFroOscFreq
 .text.CLOCK_EnableClock
                0x0000238c       0x54 CMakeFiles/recirc_display.dir/C_/Users/vinicius.andrade/Documents/RECIRC_CODE/sdks/recirc_display_sdk/devices/LPC804/drivers/fsl_gpio.c.obj
 .text.GPIO_EnablePortClock
                0x000023e0       0x38 CMakeFiles/recirc_display.dir/C_/Users/vinicius.andrade/Documents/RECIRC_CODE/sdks/recirc_display_sdk/devices/LPC804/drivers/fsl_gpio.c.obj
 .text.GPIO_PinInit
                0x00002418       0xc0 CMakeFiles/recirc_display.dir/C_/Users/vinicius.andrade/Documents/RECIRC_CODE/sdks/recirc_display_sdk/devices/LPC804/drivers/fsl_gpio.c.obj
                0x00002418                GPIO_PinInit
 .text.USART0_DriverIRQHandler
                0x000024d8       0x24 CMakeFiles/recirc_display.dir/C_/Users/vinicius.andrade/Documents/RECIRC_CODE/sdks/recirc_display_sdk/devices/LPC804/drivers/fsl_usart.c.obj
                0x000024d8                USART0_DriverIRQHandler
 .text.USART1_DriverIRQHandler
                0x000024fc       0x24 CMakeFiles/recirc_display.dir/C_/Users/vinicius.andrade/Documents/RECIRC_CODE/sdks/recirc_display_sdk/devices/LPC804/drivers/fsl_usart.c.obj
                0x000024fc                USART1_DriverIRQHandler
 .text.RESET_SetPeripheralReset
                0x00002520       0x7c CMakeFiles/recirc_display.dir/C_/Users/vinicius.andrade/Documents/RECIRC_CODE/sdks/recirc_display_sdk/devices/LPC804/drivers/fsl_reset.c.obj
                0x00002520                RESET_SetPeripheralReset
 .text.RESET_ClearPeripheralReset
                0x0000259c       0x78 CMakeFiles/recirc_display.dir/C_/Users/vinicius.andrade/Documents/RECIRC_CODE/sdks/recirc_display_sdk/devices/LPC804/drivers/fsl_reset.c.obj
                0x0000259c                RESET_ClearPeripheralReset
 .text.RESET_PeripheralReset
                0x00002614       0x20 CMakeFiles/recirc_display.dir/C_/Users/vinicius.andrade/Documents/RECIRC_CODE/sdks/recirc_display_sdk/devices/LPC804/drivers/fsl_reset.c.obj
                0x00002614                RESET_PeripheralReset
 .text.SWM_SetMovablePinSelect
                0x00002634       0xa8 CMakeFiles/recirc_display.dir/C_/Users/vinicius.andrade/Documents/RECIRC_CODE/sdks/recirc_display_sdk/devices/LPC804/drivers/fsl_swm.c.obj
                0x00002634                SWM_SetMovablePinSelect
 .text.SWM_SetFixedPinSelect
                0x000026dc       0x78 CMakeFiles/recirc_display.dir/C_/Users/vinicius.andrade/Documents/RECIRC_CODE/sdks/recirc_display_sdk/devices/LPC804/drivers/fsl_swm.c.obj
                0x000026dc                SWM_SetFixedPinSelect
 .text.fsl_assert_hook
                0x00002754       0x16 CMakeFiles/recirc_display.dir/C_/Users/vinicius.andrade/Documents/RECIRC_CODE/sdks/recirc_display_sdk/devices/LPC804/utilities/debug_console_lite/fsl_assert.c.obj
                0x00002754                fsl_assert_hook
 *fill*         0x0000276a        0x2 
 .text.__assert_func
                0x0000276c       0x34 CMakeFiles/recirc_display.dir/C_/Users/vinicius.andrade/Documents/RECIRC_CODE/sdks/recirc_display_sdk/devices/LPC804/utilities/debug_console_lite/fsl_assert.c.obj
                0x0000276c                __assert_func
 .text.DbgConsole_Printf
                0x000027a0       0x32 CMakeFiles/recirc_display.dir/C_/Users/vinicius.andrade/Documents/RECIRC_CODE/sdks/recirc_display_sdk/devices/LPC804/utilities/debug_console_lite/fsl_debug_console.c.obj
                0x000027a0                DbgConsole_Printf
 *fill*         0x000027d2        0x2 
 .text.DbgConsole_Vprintf
                0x000027d4       0x40 CMakeFiles/recirc_display.dir/C_/Users/vinicius.andrade/Documents/RECIRC_CODE/sdks/recirc_display_sdk/devices/LPC804/utilities/debug_console_lite/fsl_debug_console.c.obj
                0x000027d4                DbgConsole_Vprintf
 .text.DbgConsole_Putchar
                0x00002814       0x30 CMakeFiles/recirc_display.dir/C_/Users/vinicius.andrade/Documents/RECIRC_CODE/sdks/recirc_display_sdk/devices/LPC804/utilities/debug_console_lite/fsl_debug_console.c.obj
                0x00002814                DbgConsole_Putchar
 .text.DbgConsole_PrintfPaddingCharacter
                0x00002844       0x48 CMakeFiles/recirc_display.dir/C_/Users/vinicius.andrade/Documents/RECIRC_CODE/sdks/recirc_display_sdk/devices/LPC804/utilities/debug_console_lite/fsl_debug_console.c.obj
 .text.DbgConsole_ConvertRadixNumToString
                0x0000288c       0xc2 CMakeFiles/recirc_display.dir/C_/Users/vinicius.andrade/Documents/RECIRC_CODE/sdks/recirc_display_sdk/devices/LPC804/utilities/debug_console_lite/fsl_debug_console.c.obj
 .text.DbgConsole_PrintfFormattedData
                0x0000294e      0x3da CMakeFiles/recirc_display.dir/C_/Users/vinicius.andrade/Documents/RECIRC_CODE/sdks/recirc_display_sdk/devices/LPC804/utilities/debug_console_lite/fsl_debug_console.c.obj
 .text.CLOCK_EnableClock
                0x00002d28       0x54 CMakeFiles/recirc_display.dir/C_/Users/vinicius.andrade/Documents/RECIRC_CODE/sdks/recirc_display_sdk/devices/LPC804/drivers/fsl_capt.c.obj
 .text.CAPT_GetInstance
                0x00002d7c       0x54 CMakeFiles/recirc_display.dir/C_/Users/vinicius.andrade/Documents/RECIRC_CODE/sdks/recirc_display_sdk/devices/LPC804/drivers/fsl_capt.c.obj
 .text.CAPT_Init
                0x00002dd0      0x118 CMakeFiles/recirc_display.dir/C_/Users/vinicius.andrade/Documents/RECIRC_CODE/sdks/recirc_display_sdk/devices/LPC804/drivers/fsl_capt.c.obj
                0x00002dd0                CAPT_Init
 .text.CAPT_GetDefaultConfig
                0x00002ee8       0x78 CMakeFiles/recirc_display.dir/C_/Users/vinicius.andrade/Documents/RECIRC_CODE/sdks/recirc_display_sdk/devices/LPC804/drivers/fsl_capt.c.obj
                0x00002ee8                CAPT_GetDefaultConfig
 .text.CAPT_GetTouchData
                0x00002f60       0xb4 CMakeFiles/recirc_display.dir/C_/Users/vinicius.andrade/Documents/RECIRC_CODE/sdks/recirc_display_sdk/devices/LPC804/drivers/fsl_capt.c.obj
                0x00002f60                CAPT_GetTouchData
 .text.CAPT_PollNow
                0x00003014       0x62 CMakeFiles/recirc_display.dir/C_/Users/vinicius.andrade/Documents/RECIRC_CODE/sdks/recirc_display_sdk/devices/LPC804/drivers/fsl_capt.c.obj
                0x00003014                CAPT_PollNow
 *fill*         0x00003076        0x2 
 .text.CLOCK_EnableClock
                0x00003078       0x54 CMakeFiles/recirc_display.dir/C_/Users/vinicius.andrade/Documents/RECIRC_CODE/sdks/recirc_display_sdk/devices/LPC804/drivers/fsl_ctimer.c.obj
 .text.CTIMER_GetStatusFlags
                0x000030cc       0x14 CMakeFiles/recirc_display.dir/C_/Users/vinicius.andrade/Documents/RECIRC_CODE/sdks/recirc_display_sdk/devices/LPC804/drivers/fsl_ctimer.c.obj
 .text.CTIMER_ClearStatusFlags
                0x000030e0       0x18 CMakeFiles/recirc_display.dir/C_/Users/vinicius.andrade/Documents/RECIRC_CODE/sdks/recirc_display_sdk/devices/LPC804/drivers/fsl_ctimer.c.obj
 .text.CTIMER_GetInstance
                0x000030f8       0x5c CMakeFiles/recirc_display.dir/C_/Users/vinicius.andrade/Documents/RECIRC_CODE/sdks/recirc_display_sdk/devices/LPC804/drivers/fsl_ctimer.c.obj
 .text.CTIMER_Init
                0x00003154       0x80 CMakeFiles/recirc_display.dir/C_/Users/vinicius.andrade/Documents/RECIRC_CODE/sdks/recirc_display_sdk/devices/LPC804/drivers/fsl_ctimer.c.obj
                0x00003154                CTIMER_Init
 .text.CTIMER_GetDefaultConfig
                0x000031d4       0x4c CMakeFiles/recirc_display.dir/C_/Users/vinicius.andrade/Documents/RECIRC_CODE/sdks/recirc_display_sdk/devices/LPC804/drivers/fsl_ctimer.c.obj
                0x000031d4                CTIMER_GetDefaultConfig
 .text.CTIMER_GenericIRQHandler
                0x00003220       0xb0 CMakeFiles/recirc_display.dir/C_/Users/vinicius.andrade/Documents/RECIRC_CODE/sdks/recirc_display_sdk/devices/LPC804/drivers/fsl_ctimer.c.obj
 .text.CTIMER0_DriverIRQHandler
                0x000032d0       0x10 CMakeFiles/recirc_display.dir/C_/Users/vinicius.andrade/Documents/RECIRC_CODE/sdks/recirc_display_sdk/devices/LPC804/drivers/fsl_ctimer.c.obj
                0x000032d0                CTIMER0_DriverIRQHandler
 .text.__udivmoddi4
                0x000032e0      0x198 C:/NXP/MCUXpressoIDE_25.6.136/ide/tools/bin/../lib/gcc/arm-none-eabi/14.2.1/thumb/v6-m/nofp\libgcc.a(_udivmoddi4.o)
                0x000032e0                __udivmoddi4
 .text.exit     0x00003478       0x28 C:/NXP/MCUXpressoIDE_25.6.136/ide/tools/bin/../lib/gcc/arm-none-eabi/14.2.1/thumb/v6-m/nofp\libc_nano.a(libc_a-exit.o)
                0x00003478                exit
 .text.memset   0x000034a0       0x10 C:/NXP/MCUXpressoIDE_25.6.136/ide/tools/bin/../lib/gcc/arm-none-eabi/14.2.1/thumb/v6-m/nofp\libc_nano.a(libc_a-memset.o)
                0x000034a0                memset
 .text.__libc_init_array
                0x000034b0       0x48 C:/NXP/MCUXpressoIDE_25.6.136/ide/tools/bin/../lib/gcc/arm-none-eabi/14.2.1/thumb/v6-m/nofp\libc_nano.a(libc_a-init.o)
                0x000034b0                __libc_init_array
 .text.memcpy   0x000034f8       0x12 C:/NXP/MCUXpressoIDE_25.6.136/ide/tools/bin/../lib/gcc/arm-none-eabi/14.2.1/thumb/v6-m/nofp\libc_nano.a(libc_a-memcpy-stub.o)
                0x000034f8                memcpy
 .text._exit    0x0000350a        0x2 C:/NXP/MCUXpressoIDE_25.6.136/ide/tools/bin/../lib/gcc/arm-none-eabi/14.2.1/../../../../arm-none-eabi/lib/thumb/v6-m/nofp\libcr_newlib_nohost.a(_exit.o)
                0x0000350a                _exit
 *(.rodata)
 .rodata        0x0000350c       0x77 CMakeFiles/recirc_display.dir/C_/Users/vinicius.andrade/Documents/RECIRC_CODE/recirc_display/clock_config.c.obj
 *fill*         0x00003583        0x1 
 .rodata        0x00003584        0x2 CMakeFiles/recirc_display.dir/C_/Users/vinicius.andrade/Documents/RECIRC_CODE/recirc_display/pin_mux.c.obj
 *fill*         0x00003586        0x2 
 .rodata        0x00003588       0x82 CMakeFiles/recirc_display.dir/C_/Users/vinicius.andrade/Documents/RECIRC_CODE/sdks/recirc_display_sdk/devices/LPC804/drivers/fsl_clock.c.obj
 *fill*         0x0000360a        0x2 
 .rodata        0x0000360c       0x8e CMakeFiles/recirc_display.dir/C_/Users/vinicius.andrade/Documents/RECIRC_CODE/sdks/recirc_display_sdk/devices/LPC804/drivers/fsl_gpio.c.obj
 *fill*         0x0000369a        0x2 
 .rodata        0x0000369c       0x7b CMakeFiles/recirc_display.dir/C_/Users/vinicius.andrade/Documents/RECIRC_CODE/sdks/recirc_display_sdk/devices/LPC804/drivers/fsl_reset.c.obj
 *fill*         0x00003717        0x1 
 .rodata        0x00003718       0xca CMakeFiles/recirc_display.dir/C_/Users/vinicius.andrade/Documents/RECIRC_CODE/sdks/recirc_display_sdk/devices/LPC804/drivers/fsl_swm.c.obj
 *fill*         0x000037e2        0x2 
 .rodata        0x000037e4       0x3e CMakeFiles/recirc_display.dir/C_/Users/vinicius.andrade/Documents/RECIRC_CODE/sdks/recirc_display_sdk/devices/LPC804/utilities/debug_console_lite/fsl_assert.c.obj
 *fill*         0x00003822        0x2 
 .rodata        0x00003824       0xbd CMakeFiles/recirc_display.dir/C_/Users/vinicius.andrade/Documents/RECIRC_CODE/sdks/recirc_display_sdk/devices/LPC804/drivers/fsl_capt.c.obj
 *fill*         0x000038e1        0x3 
 .rodata        0x000038e4       0xc1 CMakeFiles/recirc_display.dir/C_/Users/vinicius.andrade/Documents/RECIRC_CODE/sdks/recirc_display_sdk/devices/LPC804/drivers/fsl_ctimer.c.obj
 *(.rodata*)
 *fill*         0x000039a5        0x3 
 .rodata.captEnabledPins
                0x000039a8        0x8 CMakeFiles/recirc_display.dir/C_/Users/vinicius.andrade/Documents/RECIRC_CODE/recirc_display/capt_proc.c.obj
                0x000039a8                captEnabledPins
 .rodata.__func__.0
                0x000039b0       0x17 CMakeFiles/recirc_display.dir/C_/Users/vinicius.andrade/Documents/RECIRC_CODE/recirc_display/clock_config.c.obj
 *fill*         0x000039c7        0x1 
 .rodata.grace_digit_map
                0x000039c8        0xe CMakeFiles/recirc_display.dir/C_/Users/vinicius.andrade/Documents/RECIRC_CODE/recirc_display/display_grace.c.obj
 *fill*         0x000039d6        0x2 
 .rodata.seven_seg_symbols
                0x000039d8       0x22 CMakeFiles/recirc_display.dir/C_/Users/vinicius.andrade/Documents/RECIRC_CODE/recirc_display/display_hal.c.obj
                0x000039d8                seven_seg_symbols
 *fill*         0x000039fa        0x2 
 .rodata.leds   0x000039fc       0x30 CMakeFiles/recirc_display.dir/C_/Users/vinicius.andrade/Documents/RECIRC_CODE/recirc_display/gpio_app.c.obj
 .rodata.__func__.5
                0x00003a2c       0x14 CMakeFiles/recirc_display.dir/C_/Users/vinicius.andrade/Documents/RECIRC_CODE/sdks/recirc_display_sdk/devices/LPC804/drivers/fsl_clock.c.obj
 .rodata.__func__.4
                0x00003a40       0x13 CMakeFiles/recirc_display.dir/C_/Users/vinicius.andrade/Documents/RECIRC_CODE/sdks/recirc_display_sdk/devices/LPC804/drivers/fsl_clock.c.obj
 *fill*         0x00003a53        0x1 
 .rodata.__func__.3
                0x00003a54       0x15 CMakeFiles/recirc_display.dir/C_/Users/vinicius.andrade/Documents/RECIRC_CODE/sdks/recirc_display_sdk/devices/LPC804/drivers/fsl_clock.c.obj
 *fill*         0x00003a69        0x3 
 .rodata.__func__.0
                0x00003a6c       0x15 CMakeFiles/recirc_display.dir/C_/Users/vinicius.andrade/Documents/RECIRC_CODE/sdks/recirc_display_sdk/devices/LPC804/drivers/fsl_gpio.c.obj
 *fill*         0x00003a81        0x3 
 .rodata.__func__.1
                0x00003a84       0x19 CMakeFiles/recirc_display.dir/C_/Users/vinicius.andrade/Documents/RECIRC_CODE/sdks/recirc_display_sdk/devices/LPC804/drivers/fsl_reset.c.obj
 *fill*         0x00003a9d        0x3 
 .rodata.__func__.0
                0x00003aa0       0x1b CMakeFiles/recirc_display.dir/C_/Users/vinicius.andrade/Documents/RECIRC_CODE/sdks/recirc_display_sdk/devices/LPC804/drivers/fsl_reset.c.obj
 *fill*         0x00003abb        0x1 
 .rodata.__func__.2
                0x00003abc       0x18 CMakeFiles/recirc_display.dir/C_/Users/vinicius.andrade/Documents/RECIRC_CODE/sdks/recirc_display_sdk/devices/LPC804/drivers/fsl_swm.c.obj
 .rodata.__func__.0
                0x00003ad4       0x16 CMakeFiles/recirc_display.dir/C_/Users/vinicius.andrade/Documents/RECIRC_CODE/sdks/recirc_display_sdk/devices/LPC804/drivers/fsl_swm.c.obj
 *fill*         0x00003aea        0x2 
 .rodata.__func__.3
                0x00003aec       0x11 CMakeFiles/recirc_display.dir/C_/Users/vinicius.andrade/Documents/RECIRC_CODE/sdks/recirc_display_sdk/devices/LPC804/drivers/fsl_capt.c.obj
 *fill*         0x00003afd        0x3 
 .rodata.__func__.2
                0x00003b00        0xa CMakeFiles/recirc_display.dir/C_/Users/vinicius.andrade/Documents/RECIRC_CODE/sdks/recirc_display_sdk/devices/LPC804/drivers/fsl_capt.c.obj
 *fill*         0x00003b0a        0x2 
 .rodata.__func__.1
                0x00003b0c       0x16 CMakeFiles/recirc_display.dir/C_/Users/vinicius.andrade/Documents/RECIRC_CODE/sdks/recirc_display_sdk/devices/LPC804/drivers/fsl_capt.c.obj
 *fill*         0x00003b22        0x2 
 .rodata.__func__.0
                0x00003b24       0x12 CMakeFiles/recirc_display.dir/C_/Users/vinicius.andrade/Documents/RECIRC_CODE/sdks/recirc_display_sdk/devices/LPC804/drivers/fsl_capt.c.obj
 *fill*         0x00003b36        0x2 
 .rodata.__func__.4
                0x00003b38       0x13 CMakeFiles/recirc_display.dir/C_/Users/vinicius.andrade/Documents/RECIRC_CODE/sdks/recirc_display_sdk/devices/LPC804/drivers/fsl_ctimer.c.obj
 *fill*         0x00003b4b        0x1 
 .rodata.__func__.3
                0x00003b4c        0xc CMakeFiles/recirc_display.dir/C_/Users/vinicius.andrade/Documents/RECIRC_CODE/sdks/recirc_display_sdk/devices/LPC804/drivers/fsl_ctimer.c.obj
 .rodata.__func__.2
                0x00003b58       0x18 CMakeFiles/recirc_display.dir/C_/Users/vinicius.andrade/Documents/RECIRC_CODE/sdks/recirc_display_sdk/devices/LPC804/drivers/fsl_ctimer.c.obj
 *(.glue_7)
 .glue_7        0x00003b70        0x0 linker stubs
 *(.glue_7t)
 .glue_7t       0x00003b70        0x0 linker stubs
 *(.eh_frame)
 .eh_frame      0x00003b70        0x0 C:/NXP/MCUXpressoIDE_25.6.136/ide/tools/bin/../lib/gcc/arm-none-eabi/14.2.1/thumb/v6-m/nofp/crtbegin.o
 *(.init)
 .init          0x00003b70        0x4 C:/NXP/MCUXpressoIDE_25.6.136/ide/tools/bin/../lib/gcc/arm-none-eabi/14.2.1/thumb/v6-m/nofp/crti.o
                0x00003b70                _init
 .init          0x00003b74        0x8 C:/NXP/MCUXpressoIDE_25.6.136/ide/tools/bin/../lib/gcc/arm-none-eabi/14.2.1/thumb/v6-m/nofp/crtn.o
 *(.fini)
 .fini          0x00003b7c        0x4 C:/NXP/MCUXpressoIDE_25.6.136/ide/tools/bin/../lib/gcc/arm-none-eabi/14.2.1/thumb/v6-m/nofp/crti.o
                0x00003b7c                _fini
 .fini          0x00003b80        0x8 C:/NXP/MCUXpressoIDE_25.6.136/ide/tools/bin/../lib/gcc/arm-none-eabi/14.2.1/thumb/v6-m/nofp/crtn.o
                0x00003b88                        . = ALIGN (0x4)

.vfp11_veneer   0x00003b88        0x0
 .vfp11_veneer  0x00003b88        0x0 linker stubs

.v4_bx          0x00003b88        0x0
 .v4_bx         0x00003b88        0x0 linker stubs

.iplt           0x00003b88        0x0
 .iplt          0x00003b88        0x0 C:/NXP/MCUXpressoIDE_25.6.136/ide/tools/bin/../lib/gcc/arm-none-eabi/14.2.1/thumb/v6-m/nofp/crtbegin.o

.ARM.extab
 *(.ARM.extab* .gnu.linkonce.armextab.*)

.ARM            0x00003b88        0x8
                0x00003b88                        __exidx_start = .
 *(.ARM.exidx*)
 .ARM.exidx     0x00003b88        0x8 C:/NXP/MCUXpressoIDE_25.6.136/ide/tools/bin/../lib/gcc/arm-none-eabi/14.2.1/thumb/v6-m/nofp/crt0.o
                                 0x10 (size before relaxing)
 .ARM.exidx.text.__udivmoddi4
                0x00003b90        0x0 C:/NXP/MCUXpressoIDE_25.6.136/ide/tools/bin/../lib/gcc/arm-none-eabi/14.2.1/thumb/v6-m/nofp\libgcc.a(_udivmoddi4.o)
                                  0x8 (size before relaxing)
                0x00003b90                        __exidx_end = .

.rel.dyn        0x00003b90        0x0
 .rel.iplt      0x00003b90        0x0 C:/NXP/MCUXpressoIDE_25.6.136/ide/tools/bin/../lib/gcc/arm-none-eabi/14.2.1/thumb/v6-m/nofp/crtbegin.o

.ctors          0x00003b90        0x0
                0x00003b90                        __CTOR_LIST__ = .
 *crtbegin.o(.ctors)
 *crtbegin?.o(.ctors)
 *(EXCLUDE_FILE(*crtend.o *crtend?.o) .ctors)
 *(SORT_BY_NAME(.ctors.*))
 *(.ctors)
                0x00003b90                        __CTOR_END__ = .

.dtors          0x00003b90        0x0
                0x00003b90                        __DTOR_LIST__ = .
 *crtbegin.o(.dtors)
 *crtbegin?.o(.dtors)
 *(EXCLUDE_FILE(*crtend.o *crtend?.o) .dtors)
 *(SORT_BY_NAME(.dtors.*))
 *(.dtors)
                0x00003b90                        __DTOR_END__ = .

.preinit_array  0x00003b90        0x0
                0x00003b90                        PROVIDE (__preinit_array_start = .)
 *(.preinit_array*)
                0x00003b90                        PROVIDE (__preinit_array_end = .)

.init_array     0x00003b90        0x4
                0x00003b90                        PROVIDE (__init_array_start = .)
 *(SORT_BY_NAME(.init_array.*))
 *(.init_array*)
 .init_array    0x00003b90        0x4 C:/NXP/MCUXpressoIDE_25.6.136/ide/tools/bin/../lib/gcc/arm-none-eabi/14.2.1/thumb/v6-m/nofp/crtbegin.o
                0x00003b94                        PROVIDE (__init_array_end = .)

.fini_array     0x00003b94        0x4
                [!provide]                        PROVIDE (__fini_array_start = .)
 *(SORT_BY_NAME(.fini_array.*))
 *(.fini_array*)
 .fini_array    0x00003b94        0x4 C:/NXP/MCUXpressoIDE_25.6.136/ide/tools/bin/../lib/gcc/arm-none-eabi/14.2.1/thumb/v6-m/nofp/crtbegin.o
                [!provide]                        PROVIDE (__fini_array_end = .)
                0x00003b98                        __etext = .
                0x00003b98                        __DATA_ROM = .

.data           0x10000000       0x24 load address 0x00003b98
                0x10000000                        . = ALIGN (0x4)
                0x10000000                        __DATA_RAM = .
                0x10000000                        __data_start__ = .
 *(.ramfunc*)
 *(.data)
 *(.data*)
 .data.lastKey  0x10000000        0x4 CMakeFiles/recirc_display.dir/C_/Users/vinicius.andrade/Documents/RECIRC_CODE/recirc_display/main.c.obj
 .data.tm_hal   0x10000004       0x18 CMakeFiles/recirc_display.dir/C_/Users/vinicius.andrade/Documents/RECIRC_CODE/recirc_display/display_hal.c.obj
                0x10000004                tm_hal
 .data.SystemCoreClock
                0x1000001c        0x4 CMakeFiles/recirc_display.dir/C_/Users/vinicius.andrade/Documents/RECIRC_CODE/sdks/recirc_display_sdk/devices/LPC804/system_LPC804.c.obj
                0x1000001c                SystemCoreClock
 .data.g_LP_Osc_Freq
                0x10000020        0x4 CMakeFiles/recirc_display.dir/C_/Users/vinicius.andrade/Documents/RECIRC_CODE/sdks/recirc_display_sdk/devices/LPC804/drivers/fsl_clock.c.obj
                0x10000020                g_LP_Osc_Freq
 *(.jcr*)
                0x10000024                        . = ALIGN (0x4)
                0x10000024                        __data_end__ = .
                0x00003bbc                        __DATA_END = (__DATA_ROM + (__data_end__ - __data_start__))
                0x00007f00                        text_end = (ORIGIN (m_text) + LENGTH (m_text))
                0x00000001                        ASSERT ((__DATA_END <= text_end), region m_text overflowed with text and data)

.tm_clone_table
                0x10000024        0x0 load address 0x00003bbc
 .tm_clone_table
                0x10000024        0x0 C:/NXP/MCUXpressoIDE_25.6.136/ide/tools/bin/../lib/gcc/arm-none-eabi/14.2.1/thumb/v6-m/nofp/crtbegin.o
 .tm_clone_table
                0x10000024        0x0 C:/NXP/MCUXpressoIDE_25.6.136/ide/tools/bin/../lib/gcc/arm-none-eabi/14.2.1/thumb/v6-m/nofp/crtend.o

.igot.plt       0x10000024        0x0 load address 0x00003bbc
 .igot.plt      0x10000024        0x0 C:/NXP/MCUXpressoIDE_25.6.136/ide/tools/bin/../lib/gcc/arm-none-eabi/14.2.1/thumb/v6-m/nofp/crtbegin.o

.bss            0x10000024      0x15c load address 0x00003bbc
                0x10000024                        . = ALIGN (0x4)
                0x10000024                        __START_BSS = .
                0x10000024                        __bss_start__ = .
 *(.bss)
 *(.bss*)
 .bss.completed.1
                0x10000024        0x1 C:/NXP/MCUXpressoIDE_25.6.136/ide/tools/bin/../lib/gcc/arm-none-eabi/14.2.1/thumb/v6-m/nofp/crtbegin.o
 *fill*         0x10000025        0x3 
 .bss.object.0  0x10000028       0x18 C:/NXP/MCUXpressoIDE_25.6.136/ide/tools/bin/../lib/gcc/arm-none-eabi/14.2.1/thumb/v6-m/nofp/crtbegin.o
 .bss.appTouchState
                0x10000040        0x1 CMakeFiles/recirc_display.dir/C_/Users/vinicius.andrade/Documents/RECIRC_CODE/recirc_display/main.c.obj
 *fill*         0x10000041        0x3 
 .bss.touchProc
                0x10000044       0xb8 CMakeFiles/recirc_display.dir/C_/Users/vinicius.andrade/Documents/RECIRC_CODE/recirc_display/main.c.obj
 .bss.keyDebounce
                0x100000fc        0x3 CMakeFiles/recirc_display.dir/C_/Users/vinicius.andrade/Documents/RECIRC_CODE/recirc_display/main.c.obj
 *fill*         0x100000ff        0x1 
 .bss.captRaw   0x10000100        0x8 CMakeFiles/recirc_display.dir/C_/Users/vinicius.andrade/Documents/RECIRC_CODE/recirc_display/main.c.obj
 .bss.initCounter
                0x10000108        0x4 CMakeFiles/recirc_display.dir/C_/Users/vinicius.andrade/Documents/RECIRC_CODE/recirc_display/main.c.obj
 .bss.CAPT_config.0
                0x1000010c        0xc CMakeFiles/recirc_display.dir/C_/Users/vinicius.andrade/Documents/RECIRC_CODE/recirc_display/capt_config.c.obj
 .bss.captRawData
                0x10000118        0x8 CMakeFiles/recirc_display.dir/C_/Users/vinicius.andrade/Documents/RECIRC_CODE/recirc_display/capt_proc.c.obj
 .bss.captState
                0x10000120        0x5 CMakeFiles/recirc_display.dir/C_/Users/vinicius.andrade/Documents/RECIRC_CODE/recirc_display/capt_proc.c.obj
                0x10000120                captState
 *fill*         0x10000125        0x3 
 .bss.data      0x10000128        0x6 CMakeFiles/recirc_display.dir/C_/Users/vinicius.andrade/Documents/RECIRC_CODE/recirc_display/capt_proc.c.obj
                0x10000128                data
 *fill*         0x1000012e        0x2 
 .bss.ms_ticks  0x10000130        0x4 CMakeFiles/recirc_display.dir/C_/Users/vinicius.andrade/Documents/RECIRC_CODE/recirc_display/systick.c.obj
 .bss.driver    0x10000134        0x4 CMakeFiles/recirc_display.dir/C_/Users/vinicius.andrade/Documents/RECIRC_CODE/recirc_display/tm1629a.c.obj
 .bss.buffer    0x10000138       0x10 CMakeFiles/recirc_display.dir/C_/Users/vinicius.andrade/Documents/RECIRC_CODE/recirc_display/tm1629a.c.obj
 .bss.clk_delay
                0x10000148        0x2 CMakeFiles/recirc_display.dir/C_/Users/vinicius.andrade/Documents/RECIRC_CODE/recirc_display/tm1629a.c.obj
 *fill*         0x1000014a        0x2 
 .bss.g_Ext_Clk_Freq
                0x1000014c        0x4 CMakeFiles/recirc_display.dir/C_/Users/vinicius.andrade/Documents/RECIRC_CODE/sdks/recirc_display_sdk/devices/LPC804/drivers/fsl_clock.c.obj
                0x1000014c                g_Ext_Clk_Freq
 .bss.g_Fro_Osc_Freq
                0x10000150        0x4 CMakeFiles/recirc_display.dir/C_/Users/vinicius.andrade/Documents/RECIRC_CODE/sdks/recirc_display_sdk/devices/LPC804/drivers/fsl_clock.c.obj
                0x10000150                g_Fro_Osc_Freq
 .bss.s_usartHandle
                0x10000154        0x8 CMakeFiles/recirc_display.dir/C_/Users/vinicius.andrade/Documents/RECIRC_CODE/sdks/recirc_display_sdk/devices/LPC804/drivers/fsl_usart.c.obj
 .bss.s_usartIsr
                0x1000015c        0x4 CMakeFiles/recirc_display.dir/C_/Users/vinicius.andrade/Documents/RECIRC_CODE/sdks/recirc_display_sdk/devices/LPC804/drivers/fsl_usart.c.obj
 .bss.s_debugConsole
                0x10000160       0x14 CMakeFiles/recirc_display.dir/C_/Users/vinicius.andrade/Documents/RECIRC_CODE/sdks/recirc_display_sdk/devices/LPC804/utilities/debug_console_lite/fsl_debug_console.c.obj
 .bss.s_ctimerCallback
                0x10000174        0x4 CMakeFiles/recirc_display.dir/C_/Users/vinicius.andrade/Documents/RECIRC_CODE/sdks/recirc_display_sdk/devices/LPC804/drivers/fsl_ctimer.c.obj
 .bss.ctimerCallbackType
                0x10000178        0x1 CMakeFiles/recirc_display.dir/C_/Users/vinicius.andrade/Documents/RECIRC_CODE/sdks/recirc_display_sdk/devices/LPC804/drivers/fsl_ctimer.c.obj
 *fill*         0x10000179        0x3 
 .bss.__stdio_exit_handler
                0x1000017c        0x4 C:/NXP/MCUXpressoIDE_25.6.136/ide/tools/bin/../lib/gcc/arm-none-eabi/14.2.1/thumb/v6-m/nofp\libc_nano.a(libc_a-findfp.o)
                0x1000017c                __stdio_exit_handler
 *(COMMON)
                0x10000180                        . = ALIGN (0x4)
                0x10000180                        __bss_end__ = .
                0x10000180                        __END_BSS = .

.heap           0x10000180       0x40 load address 0x00003d18
                0x10000180                        . = ALIGN (0x8)
                0x10000180                        __end__ = .
                0x10000180                        PROVIDE (end = .)
                0x10000180                        __HeapBase = .
                0x100001c0                        . = (. + HEAP_SIZE)
 *fill*         0x10000180       0x40 
                0x100001c0                        __HeapLimit = .
                0x100001c0                        __heap_limit = .

.stack          0x100001c0       0x40 load address 0x00003d58
                0x100001c0                        . = ALIGN (0x8)
                0x10000200                        . = (. + STACK_SIZE)
 *fill*         0x100001c0       0x40 
                0x10000fe0                        __StackTop = (ORIGIN (m_data) + LENGTH (m_data))
                0x10000fa0                        __StackLimit = (__StackTop - STACK_SIZE)
                0x10000fe0                        PROVIDE (__stack = __StackTop)

.ARM.attributes
                0x00000000       0x28
 *(.ARM.attributes)
 .ARM.attributes
                0x00000000       0x1e C:/NXP/MCUXpressoIDE_25.6.136/ide/tools/bin/../lib/gcc/arm-none-eabi/14.2.1/thumb/v6-m/nofp/crti.o
 .ARM.attributes
                0x0000001e       0x2c C:/NXP/MCUXpressoIDE_25.6.136/ide/tools/bin/../lib/gcc/arm-none-eabi/14.2.1/thumb/v6-m/nofp/crtbegin.o
 .ARM.attributes
                0x0000004a       0x1b C:/NXP/MCUXpressoIDE_25.6.136/ide/tools/bin/../lib/gcc/arm-none-eabi/14.2.1/thumb/v6-m/nofp/crt0.o
 .ARM.attributes
                0x00000065       0x2c CMakeFiles/recirc_display.dir/C_/Users/vinicius.andrade/Documents/RECIRC_CODE/recirc_display/main.c.obj
 .ARM.attributes
                0x00000091       0x2c CMakeFiles/recirc_display.dir/C_/Users/vinicius.andrade/Documents/RECIRC_CODE/recirc_display/capt_config.c.obj
 .ARM.attributes
                0x000000bd       0x2c CMakeFiles/recirc_display.dir/C_/Users/vinicius.andrade/Documents/RECIRC_CODE/recirc_display/capt_proc.c.obj
 .ARM.attributes
                0x000000e9       0x2c CMakeFiles/recirc_display.dir/C_/Users/vinicius.andrade/Documents/RECIRC_CODE/recirc_display/semihost_hardfault.c.obj
 .ARM.attributes
                0x00000115       0x2c CMakeFiles/recirc_display.dir/C_/Users/vinicius.andrade/Documents/RECIRC_CODE/recirc_display/buzzer.c.obj
 .ARM.attributes
                0x00000141       0x2c CMakeFiles/recirc_display.dir/C_/Users/vinicius.andrade/Documents/RECIRC_CODE/recirc_display/clock_config.c.obj
 .ARM.attributes
                0x0000016d       0x2c CMakeFiles/recirc_display.dir/C_/Users/vinicius.andrade/Documents/RECIRC_CODE/recirc_display/display_grace.c.obj
 .ARM.attributes
                0x00000199       0x2c CMakeFiles/recirc_display.dir/C_/Users/vinicius.andrade/Documents/RECIRC_CODE/recirc_display/display_hal.c.obj
 .ARM.attributes
                0x000001c5       0x2c CMakeFiles/recirc_display.dir/C_/Users/vinicius.andrade/Documents/RECIRC_CODE/recirc_display/gpio_app.c.obj
 .ARM.attributes
                0x000001f1       0x2c CMakeFiles/recirc_display.dir/C_/Users/vinicius.andrade/Documents/RECIRC_CODE/recirc_display/pin_mux.c.obj
 .ARM.attributes
                0x0000021d       0x2c CMakeFiles/recirc_display.dir/C_/Users/vinicius.andrade/Documents/RECIRC_CODE/recirc_display/systick.c.obj
 .ARM.attributes
                0x00000249       0x2c CMakeFiles/recirc_display.dir/C_/Users/vinicius.andrade/Documents/RECIRC_CODE/recirc_display/tm1629a.c.obj
 .ARM.attributes
                0x00000275       0x1b CMakeFiles/recirc_display.dir/C_/Users/vinicius.andrade/Documents/RECIRC_CODE/sdks/recirc_display_sdk/devices/LPC804/gcc/startup_LPC804.S.obj
 .ARM.attributes
                0x00000290       0x2c CMakeFiles/recirc_display.dir/C_/Users/vinicius.andrade/Documents/RECIRC_CODE/sdks/recirc_display_sdk/devices/LPC804/system_LPC804.c.obj
 .ARM.attributes
                0x000002bc       0x2c CMakeFiles/recirc_display.dir/C_/Users/vinicius.andrade/Documents/RECIRC_CODE/sdks/recirc_display_sdk/devices/LPC804/drivers/fsl_clock.c.obj
 .ARM.attributes
                0x000002e8       0x2c CMakeFiles/recirc_display.dir/C_/Users/vinicius.andrade/Documents/RECIRC_CODE/sdks/recirc_display_sdk/devices/LPC804/drivers/fsl_gpio.c.obj
 .ARM.attributes
                0x00000314       0x2c CMakeFiles/recirc_display.dir/C_/Users/vinicius.andrade/Documents/RECIRC_CODE/sdks/recirc_display_sdk/devices/LPC804/drivers/fsl_usart.c.obj
 .ARM.attributes
                0x00000340       0x2c CMakeFiles/recirc_display.dir/C_/Users/vinicius.andrade/Documents/RECIRC_CODE/sdks/recirc_display_sdk/devices/LPC804/drivers/fsl_reset.c.obj
 .ARM.attributes
                0x0000036c       0x2c CMakeFiles/recirc_display.dir/C_/Users/vinicius.andrade/Documents/RECIRC_CODE/sdks/recirc_display_sdk/devices/LPC804/drivers/fsl_swm.c.obj
 .ARM.attributes
                0x00000398       0x2c CMakeFiles/recirc_display.dir/C_/Users/vinicius.andrade/Documents/RECIRC_CODE/sdks/recirc_display_sdk/devices/LPC804/utilities/debug_console_lite/fsl_assert.c.obj
 .ARM.attributes
                0x000003c4       0x2c CMakeFiles/recirc_display.dir/C_/Users/vinicius.andrade/Documents/RECIRC_CODE/sdks/recirc_display_sdk/devices/LPC804/utilities/debug_console_lite/fsl_debug_console.c.obj
 .ARM.attributes
                0x000003f0       0x2c CMakeFiles/recirc_display.dir/C_/Users/vinicius.andrade/Documents/RECIRC_CODE/sdks/recirc_display_sdk/devices/LPC804/drivers/fsl_capt.c.obj
 .ARM.attributes
                0x0000041c       0x2c CMakeFiles/recirc_display.dir/C_/Users/vinicius.andrade/Documents/RECIRC_CODE/sdks/recirc_display_sdk/devices/LPC804/drivers/fsl_ctimer.c.obj
 .ARM.attributes
                0x00000448       0x1e C:/NXP/MCUXpressoIDE_25.6.136/ide/tools/bin/../lib/gcc/arm-none-eabi/14.2.1/thumb/v6-m/nofp\libgcc.a(_udivsi3.o)
 .ARM.attributes
                0x00000466       0x1e C:/NXP/MCUXpressoIDE_25.6.136/ide/tools/bin/../lib/gcc/arm-none-eabi/14.2.1/thumb/v6-m/nofp\libgcc.a(_divsi3.o)
 .ARM.attributes
                0x00000484       0x1e C:/NXP/MCUXpressoIDE_25.6.136/ide/tools/bin/../lib/gcc/arm-none-eabi/14.2.1/thumb/v6-m/nofp\libgcc.a(_dvmd_tls.o)
 .ARM.attributes
                0x000004a2       0x1e C:/NXP/MCUXpressoIDE_25.6.136/ide/tools/bin/../lib/gcc/arm-none-eabi/14.2.1/thumb/v6-m/nofp\libgcc.a(_aeabi_uldivmod.o)
 .ARM.attributes
                0x000004c0       0x2c C:/NXP/MCUXpressoIDE_25.6.136/ide/tools/bin/../lib/gcc/arm-none-eabi/14.2.1/thumb/v6-m/nofp\libgcc.a(_udivmoddi4.o)
 .ARM.attributes
                0x000004ec       0x1e C:/NXP/MCUXpressoIDE_25.6.136/ide/tools/bin/../lib/gcc/arm-none-eabi/14.2.1/thumb/v6-m/nofp\libgcc.a(_clzdi2.o)
 .ARM.attributes
                0x0000050a       0x1e C:/NXP/MCUXpressoIDE_25.6.136/ide/tools/bin/../lib/gcc/arm-none-eabi/14.2.1/thumb/v6-m/nofp\libgcc.a(_clzsi2.o)
 .ARM.attributes
                0x00000528       0x2c C:/NXP/MCUXpressoIDE_25.6.136/ide/tools/bin/../lib/gcc/arm-none-eabi/14.2.1/thumb/v6-m/nofp\libc_nano.a(libc_a-exit.o)
 .ARM.attributes
                0x00000554       0x2c C:/NXP/MCUXpressoIDE_25.6.136/ide/tools/bin/../lib/gcc/arm-none-eabi/14.2.1/thumb/v6-m/nofp\libc_nano.a(libc_a-findfp.o)
 .ARM.attributes
                0x00000580       0x2c C:/NXP/MCUXpressoIDE_25.6.136/ide/tools/bin/../lib/gcc/arm-none-eabi/14.2.1/thumb/v6-m/nofp\libc_nano.a(libc_a-memset.o)
 .ARM.attributes
                0x000005ac       0x2c C:/NXP/MCUXpressoIDE_25.6.136/ide/tools/bin/../lib/gcc/arm-none-eabi/14.2.1/thumb/v6-m/nofp\libc_nano.a(libc_a-init.o)
 .ARM.attributes
                0x000005d8       0x2c C:/NXP/MCUXpressoIDE_25.6.136/ide/tools/bin/../lib/gcc/arm-none-eabi/14.2.1/thumb/v6-m/nofp\libc_nano.a(libc_a-memcpy-stub.o)
 .ARM.attributes
                0x00000604       0x1c C:/NXP/MCUXpressoIDE_25.6.136/ide/tools/bin/../lib/gcc/arm-none-eabi/14.2.1/thumb/v6-m/nofp\libc_nano.a(libc_a-strlen.o)
 .ARM.attributes
                0x00000620       0x2c C:/NXP/MCUXpressoIDE_25.6.136/ide/tools/bin/../lib/gcc/arm-none-eabi/14.2.1/../../../../arm-none-eabi/lib/thumb/v6-m/nofp\libcr_newlib_nohost.a(_exit.o)
 .ARM.attributes
                0x0000064c       0x2c C:/NXP/MCUXpressoIDE_25.6.136/ide/tools/bin/../lib/gcc/arm-none-eabi/14.2.1/thumb/v6-m/nofp/crtend.o
 .ARM.attributes
                0x00000678       0x1e C:/NXP/MCUXpressoIDE_25.6.136/ide/tools/bin/../lib/gcc/arm-none-eabi/14.2.1/thumb/v6-m/nofp/crtn.o
                0x00000001                        ASSERT ((__StackLimit >= __HeapLimit), region m_data overflowed with stack and heap)
OUTPUT(recirc_display elf32-littlearm)
LOAD linker stubs

.debug_line_str
                0x00000000      0x352
 .debug_line_str
                0x00000000      0x352 C:/NXP/MCUXpressoIDE_25.6.136/ide/tools/bin/../lib/gcc/arm-none-eabi/14.2.1/thumb/v6-m/nofp/crt0.o
                                 0xd6 (size before relaxing)
 .debug_line_str
                0x00000352       0xb8 CMakeFiles/recirc_display.dir/C_/Users/vinicius.andrade/Documents/RECIRC_CODE/sdks/recirc_display_sdk/devices/LPC804/gcc/startup_LPC804.S.obj
 .debug_line_str
                0x00000352       0xcd C:/NXP/MCUXpressoIDE_25.6.136/ide/tools/bin/../lib/gcc/arm-none-eabi/14.2.1/thumb/v6-m/nofp\libgcc.a(_udivsi3.o)
 .debug_line_str
                0x00000352       0xcd C:/NXP/MCUXpressoIDE_25.6.136/ide/tools/bin/../lib/gcc/arm-none-eabi/14.2.1/thumb/v6-m/nofp\libgcc.a(_divsi3.o)
 .debug_line_str
                0x00000352       0xcd C:/NXP/MCUXpressoIDE_25.6.136/ide/tools/bin/../lib/gcc/arm-none-eabi/14.2.1/thumb/v6-m/nofp\libgcc.a(_dvmd_tls.o)
 .debug_line_str
                0x00000352       0xcd C:/NXP/MCUXpressoIDE_25.6.136/ide/tools/bin/../lib/gcc/arm-none-eabi/14.2.1/thumb/v6-m/nofp\libgcc.a(_aeabi_uldivmod.o)
 .debug_line_str
                0x00000352       0xcd C:/NXP/MCUXpressoIDE_25.6.136/ide/tools/bin/../lib/gcc/arm-none-eabi/14.2.1/thumb/v6-m/nofp\libgcc.a(_clzdi2.o)
 .debug_line_str
                0x00000352       0xcd C:/NXP/MCUXpressoIDE_25.6.136/ide/tools/bin/../lib/gcc/arm-none-eabi/14.2.1/thumb/v6-m/nofp\libgcc.a(_clzsi2.o)
 .debug_line_str
                0x00000352       0xeb C:/NXP/MCUXpressoIDE_25.6.136/ide/tools/bin/../lib/gcc/arm-none-eabi/14.2.1/thumb/v6-m/nofp\libc_nano.a(libc_a-strlen.o)

.debug_info     0x00000000     0xe217
 .debug_info    0x00000000      0x9bd CMakeFiles/recirc_display.dir/C_/Users/vinicius.andrade/Documents/RECIRC_CODE/recirc_display/main.c.obj
 .debug_info    0x000009bd      0x874 CMakeFiles/recirc_display.dir/C_/Users/vinicius.andrade/Documents/RECIRC_CODE/recirc_display/capt_config.c.obj
 .debug_info    0x00001231      0xcac CMakeFiles/recirc_display.dir/C_/Users/vinicius.andrade/Documents/RECIRC_CODE/recirc_display/capt_proc.c.obj
 .debug_info    0x00001edd       0x39 CMakeFiles/recirc_display.dir/C_/Users/vinicius.andrade/Documents/RECIRC_CODE/recirc_display/semihost_hardfault.c.obj
 .debug_info    0x00001f16      0xd65 CMakeFiles/recirc_display.dir/C_/Users/vinicius.andrade/Documents/RECIRC_CODE/recirc_display/buzzer.c.obj
 .debug_info    0x00002c7b      0x6f6 CMakeFiles/recirc_display.dir/C_/Users/vinicius.andrade/Documents/RECIRC_CODE/recirc_display/clock_config.c.obj
 .debug_info    0x00003371      0x3ac CMakeFiles/recirc_display.dir/C_/Users/vinicius.andrade/Documents/RECIRC_CODE/recirc_display/display_grace.c.obj
 .debug_info    0x0000371d      0x847 CMakeFiles/recirc_display.dir/C_/Users/vinicius.andrade/Documents/RECIRC_CODE/recirc_display/display_hal.c.obj
 .debug_info    0x00003f64      0x6e5 CMakeFiles/recirc_display.dir/C_/Users/vinicius.andrade/Documents/RECIRC_CODE/recirc_display/gpio_app.c.obj
 .debug_info    0x00004649      0xce6 CMakeFiles/recirc_display.dir/C_/Users/vinicius.andrade/Documents/RECIRC_CODE/recirc_display/pin_mux.c.obj
 .debug_info    0x0000532f      0x78d CMakeFiles/recirc_display.dir/C_/Users/vinicius.andrade/Documents/RECIRC_CODE/recirc_display/systick.c.obj
 .debug_info    0x00005abc      0x453 CMakeFiles/recirc_display.dir/C_/Users/vinicius.andrade/Documents/RECIRC_CODE/recirc_display/tm1629a.c.obj
 .debug_info    0x00005f0f      0x37b CMakeFiles/recirc_display.dir/C_/Users/vinicius.andrade/Documents/RECIRC_CODE/sdks/recirc_display_sdk/devices/LPC804/gcc/startup_LPC804.S.obj
 .debug_info    0x0000628a      0x50d CMakeFiles/recirc_display.dir/C_/Users/vinicius.andrade/Documents/RECIRC_CODE/sdks/recirc_display_sdk/devices/LPC804/system_LPC804.c.obj
 .debug_info    0x00006797      0xfec CMakeFiles/recirc_display.dir/C_/Users/vinicius.andrade/Documents/RECIRC_CODE/sdks/recirc_display_sdk/devices/LPC804/drivers/fsl_clock.c.obj
 .debug_info    0x00007783      0xc88 CMakeFiles/recirc_display.dir/C_/Users/vinicius.andrade/Documents/RECIRC_CODE/sdks/recirc_display_sdk/devices/LPC804/drivers/fsl_gpio.c.obj
 .debug_info    0x0000840b     0x1c42 CMakeFiles/recirc_display.dir/C_/Users/vinicius.andrade/Documents/RECIRC_CODE/sdks/recirc_display_sdk/devices/LPC804/drivers/fsl_usart.c.obj
 .debug_info    0x0000a04d      0x5e8 CMakeFiles/recirc_display.dir/C_/Users/vinicius.andrade/Documents/RECIRC_CODE/sdks/recirc_display_sdk/devices/LPC804/drivers/fsl_reset.c.obj
 .debug_info    0x0000a635      0x7c9 CMakeFiles/recirc_display.dir/C_/Users/vinicius.andrade/Documents/RECIRC_CODE/sdks/recirc_display_sdk/devices/LPC804/drivers/fsl_swm.c.obj
 .debug_info    0x0000adfe      0x126 CMakeFiles/recirc_display.dir/C_/Users/vinicius.andrade/Documents/RECIRC_CODE/sdks/recirc_display_sdk/devices/LPC804/utilities/debug_console_lite/fsl_assert.c.obj
 .debug_info    0x0000af24      0xce5 CMakeFiles/recirc_display.dir/C_/Users/vinicius.andrade/Documents/RECIRC_CODE/sdks/recirc_display_sdk/devices/LPC804/utilities/debug_console_lite/fsl_debug_console.c.obj
 .debug_info    0x0000bc09      0xec2 CMakeFiles/recirc_display.dir/C_/Users/vinicius.andrade/Documents/RECIRC_CODE/sdks/recirc_display_sdk/devices/LPC804/drivers/fsl_capt.c.obj
 .debug_info    0x0000cacb     0x16a9 CMakeFiles/recirc_display.dir/C_/Users/vinicius.andrade/Documents/RECIRC_CODE/sdks/recirc_display_sdk/devices/LPC804/drivers/fsl_ctimer.c.obj
 .debug_info    0x0000e174       0xa3 C:/NXP/MCUXpressoIDE_25.6.136/ide/tools/bin/../lib/gcc/arm-none-eabi/14.2.1/../../../../arm-none-eabi/lib/thumb/v6-m/nofp\libcr_newlib_nohost.a(_exit.o)

.debug_abbrev   0x00000000     0x2c23
 .debug_abbrev  0x00000000      0x1a5 CMakeFiles/recirc_display.dir/C_/Users/vinicius.andrade/Documents/RECIRC_CODE/recirc_display/main.c.obj
 .debug_abbrev  0x000001a5      0x271 CMakeFiles/recirc_display.dir/C_/Users/vinicius.andrade/Documents/RECIRC_CODE/recirc_display/capt_config.c.obj
 .debug_abbrev  0x00000416      0x2b6 CMakeFiles/recirc_display.dir/C_/Users/vinicius.andrade/Documents/RECIRC_CODE/recirc_display/capt_proc.c.obj
 .debug_abbrev  0x000006cc       0x2d CMakeFiles/recirc_display.dir/C_/Users/vinicius.andrade/Documents/RECIRC_CODE/recirc_display/semihost_hardfault.c.obj
 .debug_abbrev  0x000006f9      0x211 CMakeFiles/recirc_display.dir/C_/Users/vinicius.andrade/Documents/RECIRC_CODE/recirc_display/buzzer.c.obj
 .debug_abbrev  0x0000090a      0x21d CMakeFiles/recirc_display.dir/C_/Users/vinicius.andrade/Documents/RECIRC_CODE/recirc_display/clock_config.c.obj
 .debug_abbrev  0x00000b27      0x12d CMakeFiles/recirc_display.dir/C_/Users/vinicius.andrade/Documents/RECIRC_CODE/recirc_display/display_grace.c.obj
 .debug_abbrev  0x00000c54      0x1ea CMakeFiles/recirc_display.dir/C_/Users/vinicius.andrade/Documents/RECIRC_CODE/recirc_display/display_hal.c.obj
 .debug_abbrev  0x00000e3e      0x175 CMakeFiles/recirc_display.dir/C_/Users/vinicius.andrade/Documents/RECIRC_CODE/recirc_display/gpio_app.c.obj
 .debug_abbrev  0x00000fb3      0x219 CMakeFiles/recirc_display.dir/C_/Users/vinicius.andrade/Documents/RECIRC_CODE/recirc_display/pin_mux.c.obj
 .debug_abbrev  0x000011cc      0x1f0 CMakeFiles/recirc_display.dir/C_/Users/vinicius.andrade/Documents/RECIRC_CODE/recirc_display/systick.c.obj
 .debug_abbrev  0x000013bc      0x1bd CMakeFiles/recirc_display.dir/C_/Users/vinicius.andrade/Documents/RECIRC_CODE/recirc_display/tm1629a.c.obj
 .debug_abbrev  0x00001579       0x26 CMakeFiles/recirc_display.dir/C_/Users/vinicius.andrade/Documents/RECIRC_CODE/sdks/recirc_display_sdk/devices/LPC804/gcc/startup_LPC804.S.obj
 .debug_abbrev  0x0000159f      0x16f CMakeFiles/recirc_display.dir/C_/Users/vinicius.andrade/Documents/RECIRC_CODE/sdks/recirc_display_sdk/devices/LPC804/system_LPC804.c.obj
 .debug_abbrev  0x0000170e      0x33c CMakeFiles/recirc_display.dir/C_/Users/vinicius.andrade/Documents/RECIRC_CODE/sdks/recirc_display_sdk/devices/LPC804/drivers/fsl_clock.c.obj
 .debug_abbrev  0x00001a4a      0x1e8 CMakeFiles/recirc_display.dir/C_/Users/vinicius.andrade/Documents/RECIRC_CODE/sdks/recirc_display_sdk/devices/LPC804/drivers/fsl_gpio.c.obj
 .debug_abbrev  0x00001c32      0x392 CMakeFiles/recirc_display.dir/C_/Users/vinicius.andrade/Documents/RECIRC_CODE/sdks/recirc_display_sdk/devices/LPC804/drivers/fsl_usart.c.obj
 .debug_abbrev  0x00001fc4      0x153 CMakeFiles/recirc_display.dir/C_/Users/vinicius.andrade/Documents/RECIRC_CODE/sdks/recirc_display_sdk/devices/LPC804/drivers/fsl_reset.c.obj
 .debug_abbrev  0x00002117      0x182 CMakeFiles/recirc_display.dir/C_/Users/vinicius.andrade/Documents/RECIRC_CODE/sdks/recirc_display_sdk/devices/LPC804/drivers/fsl_swm.c.obj
 .debug_abbrev  0x00002299       0xa8 CMakeFiles/recirc_display.dir/C_/Users/vinicius.andrade/Documents/RECIRC_CODE/sdks/recirc_display_sdk/devices/LPC804/utilities/debug_console_lite/fsl_assert.c.obj
 .debug_abbrev  0x00002341      0x242 CMakeFiles/recirc_display.dir/C_/Users/vinicius.andrade/Documents/RECIRC_CODE/sdks/recirc_display_sdk/devices/LPC804/utilities/debug_console_lite/fsl_debug_console.c.obj
 .debug_abbrev  0x00002583      0x289 CMakeFiles/recirc_display.dir/C_/Users/vinicius.andrade/Documents/RECIRC_CODE/sdks/recirc_display_sdk/devices/LPC804/drivers/fsl_capt.c.obj
 .debug_abbrev  0x0000280c      0x3b0 CMakeFiles/recirc_display.dir/C_/Users/vinicius.andrade/Documents/RECIRC_CODE/sdks/recirc_display_sdk/devices/LPC804/drivers/fsl_ctimer.c.obj
 .debug_abbrev  0x00002bbc       0x67 C:/NXP/MCUXpressoIDE_25.6.136/ide/tools/bin/../lib/gcc/arm-none-eabi/14.2.1/../../../../arm-none-eabi/lib/thumb/v6-m/nofp\libcr_newlib_nohost.a(_exit.o)

.debug_aranges  0x00000000      0x830
 .debug_aranges
                0x00000000       0x30 CMakeFiles/recirc_display.dir/C_/Users/vinicius.andrade/Documents/RECIRC_CODE/recirc_display/main.c.obj
 .debug_aranges
                0x00000030       0x48 CMakeFiles/recirc_display.dir/C_/Users/vinicius.andrade/Documents/RECIRC_CODE/recirc_display/capt_config.c.obj
 .debug_aranges
                0x00000078       0x98 CMakeFiles/recirc_display.dir/C_/Users/vinicius.andrade/Documents/RECIRC_CODE/recirc_display/capt_proc.c.obj
 .debug_aranges
                0x00000110       0x20 CMakeFiles/recirc_display.dir/C_/Users/vinicius.andrade/Documents/RECIRC_CODE/recirc_display/semihost_hardfault.c.obj
 .debug_aranges
                0x00000130       0x58 CMakeFiles/recirc_display.dir/C_/Users/vinicius.andrade/Documents/RECIRC_CODE/recirc_display/buzzer.c.obj
 .debug_aranges
                0x00000188       0x40 CMakeFiles/recirc_display.dir/C_/Users/vinicius.andrade/Documents/RECIRC_CODE/recirc_display/clock_config.c.obj
 .debug_aranges
                0x000001c8       0x40 CMakeFiles/recirc_display.dir/C_/Users/vinicius.andrade/Documents/RECIRC_CODE/recirc_display/display_grace.c.obj
 .debug_aranges
                0x00000208       0x60 CMakeFiles/recirc_display.dir/C_/Users/vinicius.andrade/Documents/RECIRC_CODE/recirc_display/display_hal.c.obj
 .debug_aranges
                0x00000268       0x28 CMakeFiles/recirc_display.dir/C_/Users/vinicius.andrade/Documents/RECIRC_CODE/recirc_display/gpio_app.c.obj
 .debug_aranges
                0x00000290       0x40 CMakeFiles/recirc_display.dir/C_/Users/vinicius.andrade/Documents/RECIRC_CODE/recirc_display/pin_mux.c.obj
 .debug_aranges
                0x000002d0       0x48 CMakeFiles/recirc_display.dir/C_/Users/vinicius.andrade/Documents/RECIRC_CODE/recirc_display/systick.c.obj
 .debug_aranges
                0x00000318       0xa0 CMakeFiles/recirc_display.dir/C_/Users/vinicius.andrade/Documents/RECIRC_CODE/recirc_display/tm1629a.c.obj
 .debug_aranges
                0x000003b8       0x20 CMakeFiles/recirc_display.dir/C_/Users/vinicius.andrade/Documents/RECIRC_CODE/sdks/recirc_display_sdk/devices/LPC804/gcc/startup_LPC804.S.obj
 .debug_aranges
                0x000003d8       0x30 CMakeFiles/recirc_display.dir/C_/Users/vinicius.andrade/Documents/RECIRC_CODE/sdks/recirc_display_sdk/devices/LPC804/system_LPC804.c.obj
 .debug_aranges
                0x00000408       0xa0 CMakeFiles/recirc_display.dir/C_/Users/vinicius.andrade/Documents/RECIRC_CODE/sdks/recirc_display_sdk/devices/LPC804/drivers/fsl_clock.c.obj
 .debug_aranges
                0x000004a8       0x38 CMakeFiles/recirc_display.dir/C_/Users/vinicius.andrade/Documents/RECIRC_CODE/sdks/recirc_display_sdk/devices/LPC804/drivers/fsl_gpio.c.obj
 .debug_aranges
                0x000004e0      0x110 CMakeFiles/recirc_display.dir/C_/Users/vinicius.andrade/Documents/RECIRC_CODE/sdks/recirc_display_sdk/devices/LPC804/drivers/fsl_usart.c.obj
 .debug_aranges
                0x000005f0       0x30 CMakeFiles/recirc_display.dir/C_/Users/vinicius.andrade/Documents/RECIRC_CODE/sdks/recirc_display_sdk/devices/LPC804/drivers/fsl_reset.c.obj
 .debug_aranges
                0x00000620       0x30 CMakeFiles/recirc_display.dir/C_/Users/vinicius.andrade/Documents/RECIRC_CODE/sdks/recirc_display_sdk/devices/LPC804/drivers/fsl_swm.c.obj
 .debug_aranges
                0x00000650       0x28 CMakeFiles/recirc_display.dir/C_/Users/vinicius.andrade/Documents/RECIRC_CODE/sdks/recirc_display_sdk/devices/LPC804/utilities/debug_console_lite/fsl_assert.c.obj
 .debug_aranges
                0x00000678       0x78 CMakeFiles/recirc_display.dir/C_/Users/vinicius.andrade/Documents/RECIRC_CODE/sdks/recirc_display_sdk/devices/LPC804/utilities/debug_console_lite/fsl_debug_console.c.obj
 .debug_aranges
                0x000006f0       0x60 CMakeFiles/recirc_display.dir/C_/Users/vinicius.andrade/Documents/RECIRC_CODE/sdks/recirc_display_sdk/devices/LPC804/drivers/fsl_capt.c.obj
 .debug_aranges
                0x00000750       0xc0 CMakeFiles/recirc_display.dir/C_/Users/vinicius.andrade/Documents/RECIRC_CODE/sdks/recirc_display_sdk/devices/LPC804/drivers/fsl_ctimer.c.obj
 .debug_aranges
                0x00000810       0x20 C:/NXP/MCUXpressoIDE_25.6.136/ide/tools/bin/../lib/gcc/arm-none-eabi/14.2.1/../../../../arm-none-eabi/lib/thumb/v6-m/nofp\libcr_newlib_nohost.a(_exit.o)

.debug_rnglists
                0x00000000      0x5ae
 .debug_rnglists
                0x00000000       0x20 CMakeFiles/recirc_display.dir/C_/Users/vinicius.andrade/Documents/RECIRC_CODE/recirc_display/main.c.obj
 .debug_rnglists
                0x00000020       0x31 CMakeFiles/recirc_display.dir/C_/Users/vinicius.andrade/Documents/RECIRC_CODE/recirc_display/capt_config.c.obj
 .debug_rnglists
                0x00000051       0x72 CMakeFiles/recirc_display.dir/C_/Users/vinicius.andrade/Documents/RECIRC_CODE/recirc_display/capt_proc.c.obj
 .debug_rnglists
                0x000000c3       0x13 CMakeFiles/recirc_display.dir/C_/Users/vinicius.andrade/Documents/RECIRC_CODE/recirc_display/semihost_hardfault.c.obj
 .debug_rnglists
                0x000000d6       0x3d CMakeFiles/recirc_display.dir/C_/Users/vinicius.andrade/Documents/RECIRC_CODE/recirc_display/buzzer.c.obj
 .debug_rnglists
                0x00000113       0x2b CMakeFiles/recirc_display.dir/C_/Users/vinicius.andrade/Documents/RECIRC_CODE/recirc_display/clock_config.c.obj
 .debug_rnglists
                0x0000013e       0x2b CMakeFiles/recirc_display.dir/C_/Users/vinicius.andrade/Documents/RECIRC_CODE/recirc_display/display_grace.c.obj
 .debug_rnglists
                0x00000169       0x43 CMakeFiles/recirc_display.dir/C_/Users/vinicius.andrade/Documents/RECIRC_CODE/recirc_display/display_hal.c.obj
 .debug_rnglists
                0x000001ac       0x1a CMakeFiles/recirc_display.dir/C_/Users/vinicius.andrade/Documents/RECIRC_CODE/recirc_display/gpio_app.c.obj
 .debug_rnglists
                0x000001c6       0x2c CMakeFiles/recirc_display.dir/C_/Users/vinicius.andrade/Documents/RECIRC_CODE/recirc_display/pin_mux.c.obj
 .debug_rnglists
                0x000001f2       0x32 CMakeFiles/recirc_display.dir/C_/Users/vinicius.andrade/Documents/RECIRC_CODE/recirc_display/systick.c.obj
 .debug_rnglists
                0x00000224       0x76 CMakeFiles/recirc_display.dir/C_/Users/vinicius.andrade/Documents/RECIRC_CODE/recirc_display/tm1629a.c.obj
 .debug_rnglists
                0x0000029a       0x20 CMakeFiles/recirc_display.dir/C_/Users/vinicius.andrade/Documents/RECIRC_CODE/sdks/recirc_display_sdk/devices/LPC804/system_LPC804.c.obj
 .debug_rnglists
                0x000002ba       0x75 CMakeFiles/recirc_display.dir/C_/Users/vinicius.andrade/Documents/RECIRC_CODE/sdks/recirc_display_sdk/devices/LPC804/drivers/fsl_clock.c.obj
 .debug_rnglists
                0x0000032f       0x26 CMakeFiles/recirc_display.dir/C_/Users/vinicius.andrade/Documents/RECIRC_CODE/sdks/recirc_display_sdk/devices/LPC804/drivers/fsl_gpio.c.obj
 .debug_rnglists
                0x00000355       0xd0 CMakeFiles/recirc_display.dir/C_/Users/vinicius.andrade/Documents/RECIRC_CODE/sdks/recirc_display_sdk/devices/LPC804/drivers/fsl_usart.c.obj
 .debug_rnglists
                0x00000425       0x1f CMakeFiles/recirc_display.dir/C_/Users/vinicius.andrade/Documents/RECIRC_CODE/sdks/recirc_display_sdk/devices/LPC804/drivers/fsl_reset.c.obj
 .debug_rnglists
                0x00000444       0x21 CMakeFiles/recirc_display.dir/C_/Users/vinicius.andrade/Documents/RECIRC_CODE/sdks/recirc_display_sdk/devices/LPC804/drivers/fsl_swm.c.obj
 .debug_rnglists
                0x00000465       0x19 CMakeFiles/recirc_display.dir/C_/Users/vinicius.andrade/Documents/RECIRC_CODE/sdks/recirc_display_sdk/devices/LPC804/utilities/debug_console_lite/fsl_assert.c.obj
 .debug_rnglists
                0x0000047e       0x59 CMakeFiles/recirc_display.dir/C_/Users/vinicius.andrade/Documents/RECIRC_CODE/sdks/recirc_display_sdk/devices/LPC804/utilities/debug_console_lite/fsl_debug_console.c.obj
 .debug_rnglists
                0x000004d7       0x45 CMakeFiles/recirc_display.dir/C_/Users/vinicius.andrade/Documents/RECIRC_CODE/sdks/recirc_display_sdk/devices/LPC804/drivers/fsl_capt.c.obj
 .debug_rnglists
                0x0000051c       0x92 CMakeFiles/recirc_display.dir/C_/Users/vinicius.andrade/Documents/RECIRC_CODE/sdks/recirc_display_sdk/devices/LPC804/drivers/fsl_ctimer.c.obj

.debug_line     0x00000000     0x5ed3
 .debug_line    0x00000000      0x37e CMakeFiles/recirc_display.dir/C_/Users/vinicius.andrade/Documents/RECIRC_CODE/recirc_display/main.c.obj
 .debug_line    0x0000037e      0x416 CMakeFiles/recirc_display.dir/C_/Users/vinicius.andrade/Documents/RECIRC_CODE/recirc_display/capt_config.c.obj
 .debug_line    0x00000794      0x66b CMakeFiles/recirc_display.dir/C_/Users/vinicius.andrade/Documents/RECIRC_CODE/recirc_display/capt_proc.c.obj
 .debug_line    0x00000dff       0x8e CMakeFiles/recirc_display.dir/C_/Users/vinicius.andrade/Documents/RECIRC_CODE/recirc_display/semihost_hardfault.c.obj
 .debug_line    0x00000e8d      0x354 CMakeFiles/recirc_display.dir/C_/Users/vinicius.andrade/Documents/RECIRC_CODE/recirc_display/buzzer.c.obj
 .debug_line    0x000011e1      0x371 CMakeFiles/recirc_display.dir/C_/Users/vinicius.andrade/Documents/RECIRC_CODE/recirc_display/clock_config.c.obj
 .debug_line    0x00001552      0x1d9 CMakeFiles/recirc_display.dir/C_/Users/vinicius.andrade/Documents/RECIRC_CODE/recirc_display/display_grace.c.obj
 .debug_line    0x0000172b      0x2f6 CMakeFiles/recirc_display.dir/C_/Users/vinicius.andrade/Documents/RECIRC_CODE/recirc_display/display_hal.c.obj
 .debug_line    0x00001a21      0x25f CMakeFiles/recirc_display.dir/C_/Users/vinicius.andrade/Documents/RECIRC_CODE/recirc_display/gpio_app.c.obj
 .debug_line    0x00001c80      0x34f CMakeFiles/recirc_display.dir/C_/Users/vinicius.andrade/Documents/RECIRC_CODE/recirc_display/pin_mux.c.obj
 .debug_line    0x00001fcf      0x386 CMakeFiles/recirc_display.dir/C_/Users/vinicius.andrade/Documents/RECIRC_CODE/recirc_display/systick.c.obj
 .debug_line    0x00002355      0x439 CMakeFiles/recirc_display.dir/C_/Users/vinicius.andrade/Documents/RECIRC_CODE/recirc_display/tm1629a.c.obj
 .debug_line    0x0000278e      0x136 CMakeFiles/recirc_display.dir/C_/Users/vinicius.andrade/Documents/RECIRC_CODE/sdks/recirc_display_sdk/devices/LPC804/gcc/startup_LPC804.S.obj
 .debug_line    0x000028c4      0x2a1 CMakeFiles/recirc_display.dir/C_/Users/vinicius.andrade/Documents/RECIRC_CODE/sdks/recirc_display_sdk/devices/LPC804/system_LPC804.c.obj
 .debug_line    0x00002b65      0x618 CMakeFiles/recirc_display.dir/C_/Users/vinicius.andrade/Documents/RECIRC_CODE/sdks/recirc_display_sdk/devices/LPC804/drivers/fsl_clock.c.obj
 .debug_line    0x0000317d      0x2eb CMakeFiles/recirc_display.dir/C_/Users/vinicius.andrade/Documents/RECIRC_CODE/sdks/recirc_display_sdk/devices/LPC804/drivers/fsl_gpio.c.obj
 .debug_line    0x00003468      0xd29 CMakeFiles/recirc_display.dir/C_/Users/vinicius.andrade/Documents/RECIRC_CODE/sdks/recirc_display_sdk/devices/LPC804/drivers/fsl_usart.c.obj
 .debug_line    0x00004191      0x28c CMakeFiles/recirc_display.dir/C_/Users/vinicius.andrade/Documents/RECIRC_CODE/sdks/recirc_display_sdk/devices/LPC804/drivers/fsl_reset.c.obj
 .debug_line    0x0000441d      0x2df CMakeFiles/recirc_display.dir/C_/Users/vinicius.andrade/Documents/RECIRC_CODE/sdks/recirc_display_sdk/devices/LPC804/drivers/fsl_swm.c.obj
 .debug_line    0x000046fc      0x135 CMakeFiles/recirc_display.dir/C_/Users/vinicius.andrade/Documents/RECIRC_CODE/sdks/recirc_display_sdk/devices/LPC804/utilities/debug_console_lite/fsl_assert.c.obj
 .debug_line    0x00004831      0x7df CMakeFiles/recirc_display.dir/C_/Users/vinicius.andrade/Documents/RECIRC_CODE/sdks/recirc_display_sdk/devices/LPC804/utilities/debug_console_lite/fsl_debug_console.c.obj
 .debug_line    0x00005010      0x545 CMakeFiles/recirc_display.dir/C_/Users/vinicius.andrade/Documents/RECIRC_CODE/sdks/recirc_display_sdk/devices/LPC804/drivers/fsl_capt.c.obj
 .debug_line    0x00005555      0x93a CMakeFiles/recirc_display.dir/C_/Users/vinicius.andrade/Documents/RECIRC_CODE/sdks/recirc_display_sdk/devices/LPC804/drivers/fsl_ctimer.c.obj
 .debug_line    0x00005e8f       0x44 C:/NXP/MCUXpressoIDE_25.6.136/ide/tools/bin/../lib/gcc/arm-none-eabi/14.2.1/../../../../arm-none-eabi/lib/thumb/v6-m/nofp\libcr_newlib_nohost.a(_exit.o)

.debug_str      0x00000000     0x6aa9
 .debug_str     0x00000000     0x6aa9 CMakeFiles/recirc_display.dir/C_/Users/vinicius.andrade/Documents/RECIRC_CODE/recirc_display/main.c.obj
                               0x11fa (size before relaxing)
 .debug_str     0x00006aa9      0xc9d CMakeFiles/recirc_display.dir/C_/Users/vinicius.andrade/Documents/RECIRC_CODE/recirc_display/capt_config.c.obj
 .debug_str     0x00006aa9     0x12e4 CMakeFiles/recirc_display.dir/C_/Users/vinicius.andrade/Documents/RECIRC_CODE/recirc_display/capt_proc.c.obj
 .debug_str     0x00006aa9      0x187 CMakeFiles/recirc_display.dir/C_/Users/vinicius.andrade/Documents/RECIRC_CODE/recirc_display/semihost_hardfault.c.obj
 .debug_str     0x00006aa9     0x1683 CMakeFiles/recirc_display.dir/C_/Users/vinicius.andrade/Documents/RECIRC_CODE/recirc_display/buzzer.c.obj
 .debug_str     0x00006aa9      0x98a CMakeFiles/recirc_display.dir/C_/Users/vinicius.andrade/Documents/RECIRC_CODE/recirc_display/clock_config.c.obj
 .debug_str     0x00006aa9      0x562 CMakeFiles/recirc_display.dir/C_/Users/vinicius.andrade/Documents/RECIRC_CODE/recirc_display/display_grace.c.obj
 .debug_str     0x00006aa9      0xf73 CMakeFiles/recirc_display.dir/C_/Users/vinicius.andrade/Documents/RECIRC_CODE/recirc_display/display_hal.c.obj
 .debug_str     0x00006aa9      0xdf8 CMakeFiles/recirc_display.dir/C_/Users/vinicius.andrade/Documents/RECIRC_CODE/recirc_display/gpio_app.c.obj
 .debug_str     0x00006aa9      0xede CMakeFiles/recirc_display.dir/C_/Users/vinicius.andrade/Documents/RECIRC_CODE/recirc_display/pin_mux.c.obj
 .debug_str     0x00006aa9     0x1003 CMakeFiles/recirc_display.dir/C_/Users/vinicius.andrade/Documents/RECIRC_CODE/recirc_display/systick.c.obj
 .debug_str     0x00006aa9      0x491 CMakeFiles/recirc_display.dir/C_/Users/vinicius.andrade/Documents/RECIRC_CODE/recirc_display/tm1629a.c.obj
 .debug_str     0x00006aa9      0x6ae CMakeFiles/recirc_display.dir/C_/Users/vinicius.andrade/Documents/RECIRC_CODE/sdks/recirc_display_sdk/devices/LPC804/gcc/startup_LPC804.S.obj
 .debug_str     0x00006aa9      0x4e8 CMakeFiles/recirc_display.dir/C_/Users/vinicius.andrade/Documents/RECIRC_CODE/sdks/recirc_display_sdk/devices/LPC804/system_LPC804.c.obj
 .debug_str     0x00006aa9     0x1412 CMakeFiles/recirc_display.dir/C_/Users/vinicius.andrade/Documents/RECIRC_CODE/sdks/recirc_display_sdk/devices/LPC804/drivers/fsl_clock.c.obj
 .debug_str     0x00006aa9     0x13a5 CMakeFiles/recirc_display.dir/C_/Users/vinicius.andrade/Documents/RECIRC_CODE/sdks/recirc_display_sdk/devices/LPC804/drivers/fsl_gpio.c.obj
 .debug_str     0x00006aa9     0x2262 CMakeFiles/recirc_display.dir/C_/Users/vinicius.andrade/Documents/RECIRC_CODE/sdks/recirc_display_sdk/devices/LPC804/drivers/fsl_usart.c.obj
 .debug_str     0x00006aa9      0x6e2 CMakeFiles/recirc_display.dir/C_/Users/vinicius.andrade/Documents/RECIRC_CODE/sdks/recirc_display_sdk/devices/LPC804/drivers/fsl_reset.c.obj
 .debug_str     0x00006aa9     0x1088 CMakeFiles/recirc_display.dir/C_/Users/vinicius.andrade/Documents/RECIRC_CODE/sdks/recirc_display_sdk/devices/LPC804/drivers/fsl_swm.c.obj
 .debug_str     0x00006aa9      0x275 CMakeFiles/recirc_display.dir/C_/Users/vinicius.andrade/Documents/RECIRC_CODE/sdks/recirc_display_sdk/devices/LPC804/utilities/debug_console_lite/fsl_assert.c.obj
 .debug_str     0x00006aa9     0x145f CMakeFiles/recirc_display.dir/C_/Users/vinicius.andrade/Documents/RECIRC_CODE/sdks/recirc_display_sdk/devices/LPC804/utilities/debug_console_lite/fsl_debug_console.c.obj
 .debug_str     0x00006aa9     0x170f CMakeFiles/recirc_display.dir/C_/Users/vinicius.andrade/Documents/RECIRC_CODE/sdks/recirc_display_sdk/devices/LPC804/drivers/fsl_capt.c.obj
 .debug_str     0x00006aa9     0x1cce CMakeFiles/recirc_display.dir/C_/Users/vinicius.andrade/Documents/RECIRC_CODE/sdks/recirc_display_sdk/devices/LPC804/drivers/fsl_ctimer.c.obj
 .debug_str     0x00006aa9      0x1b8 C:/NXP/MCUXpressoIDE_25.6.136/ide/tools/bin/../lib/gcc/arm-none-eabi/14.2.1/../../../../arm-none-eabi/lib/thumb/v6-m/nofp\libcr_newlib_nohost.a(_exit.o)

.comment        0x00000000       0x45
 .comment       0x00000000       0x45 CMakeFiles/recirc_display.dir/C_/Users/vinicius.andrade/Documents/RECIRC_CODE/recirc_display/main.c.obj
                                 0x46 (size before relaxing)
 .comment       0x00000045       0x46 CMakeFiles/recirc_display.dir/C_/Users/vinicius.andrade/Documents/RECIRC_CODE/recirc_display/capt_config.c.obj
 .comment       0x00000045       0x46 CMakeFiles/recirc_display.dir/C_/Users/vinicius.andrade/Documents/RECIRC_CODE/recirc_display/capt_proc.c.obj
 .comment       0x00000045       0x46 CMakeFiles/recirc_display.dir/C_/Users/vinicius.andrade/Documents/RECIRC_CODE/recirc_display/semihost_hardfault.c.obj
 .comment       0x00000045       0x46 CMakeFiles/recirc_display.dir/C_/Users/vinicius.andrade/Documents/RECIRC_CODE/recirc_display/buzzer.c.obj
 .comment       0x00000045       0x46 CMakeFiles/recirc_display.dir/C_/Users/vinicius.andrade/Documents/RECIRC_CODE/recirc_display/clock_config.c.obj